2025-10-11 13:38:03,705 - INFO - backend.domain.serializer.formats.base_format.BaseFormatter - (excel_format.py:50) - C:\Users\andrew\Desktop\Andrew\Projects\IthacaBakery\RandomStuff\WorkBot\refactor-experimental\data\orders\Sysco\Sysco_Bakery_20251007.xlsx
2025-10-11 13:38:03,705 - INFO - backend.domain.serializer.formats.base_format.BaseFormatter - (excel_format.py:51) - {'store': 'Bakery', 'vendor': 'Sysco', 'date': '20251007'}
2025-10-11 13:38:03,717 - INFO - backend.domain.serializer.formats.base_format.BaseFormatter - (excel_format.py:50) - C:\Users\andrew\Desktop\Andrew\Projects\IthacaBakery\RandomStuff\WorkBot\refactor-experimental\data\orders\A.L. George\A.L. George_Bakery_20251006.xlsx
2025-10-11 13:38:03,717 - INFO - backend.domain.serializer.formats.base_format.BaseFormatter - (excel_format.py:51) - {'store': 'Bakery', 'vendor': 'A.L. George', 'date': '20251006'}
2025-10-11 13:38:03,722 - INFO - backend.domain.serializer.formats.base_format.BaseFormatter - (excel_format.py:50) - C:\Users\andrew\Desktop\Andrew\Projects\IthacaBakery\RandomStuff\WorkBot\refactor-experimental\data\orders\Atlantic Spice Company\Atlantic Spice Company_Bakery_20251006.xlsx
2025-10-11 13:38:03,722 - INFO - backend.domain.serializer.formats.base_format.BaseFormatter - (excel_format.py:51) - {'store': 'Bakery', 'vendor': 'Atlantic Spice Company', 'date': '20251006'}
2025-10-11 13:38:03,725 - INFO - backend.domain.serializer.formats.base_format.BaseFormatter - (excel_format.py:50) - C:\Users\andrew\Desktop\Andrew\Projects\IthacaBakery\RandomStuff\WorkBot\refactor-experimental\data\orders\BALKAN BEVERAGE LLC\BALKAN BEVERAGE LLC_Bakery_20251006.xlsx
2025-10-11 13:38:03,725 - INFO - backend.domain.serializer.formats.base_format.BaseFormatter - (excel_format.py:51) - {'store': 'Bakery', 'vendor': 'BALKAN BEVERAGE LLC', 'date': '20251006'}
2025-10-11 13:38:03,728 - INFO - backend.domain.serializer.formats.base_format.BaseFormatter - (excel_format.py:50) - C:\Users\andrew\Desktop\Andrew\Projects\IthacaBakery\RandomStuff\WorkBot\refactor-experimental\data\orders\BJ's\BJ's_Bakery_20251006.xlsx
2025-10-11 13:38:03,728 - INFO - backend.domain.serializer.formats.base_format.BaseFormatter - (excel_format.py:51) - {'store': 'Bakery', 'vendor': "BJ's", 'date': '20251006'}
2025-10-11 13:38:03,731 - INFO - backend.domain.serializer.formats.base_format.BaseFormatter - (excel_format.py:50) - C:\Users\andrew\Desktop\Andrew\Projects\IthacaBakery\RandomStuff\WorkBot\refactor-experimental\data\orders\Coca-Cola\Coca-Cola_Bakery_20251005.xlsx
2025-10-11 13:38:03,731 - INFO - backend.domain.serializer.formats.base_format.BaseFormatter - (excel_format.py:51) - {'store': 'Bakery', 'vendor': 'Coca-Cola', 'date': '20251005'}
2025-10-11 13:38:03,735 - INFO - backend.domain.serializer.formats.base_format.BaseFormatter - (excel_format.py:50) - C:\Users\andrew\Desktop\Andrew\Projects\IthacaBakery\RandomStuff\WorkBot\refactor-experimental\data\orders\Copper Horse Coffee\Copper Horse Coffee_Bakery_20251005.xlsx
2025-10-11 13:38:03,735 - INFO - backend.domain.serializer.formats.base_format.BaseFormatter - (excel_format.py:51) - {'store': 'Bakery', 'vendor': 'Copper Horse Coffee', 'date': '20251005'}
2025-10-11 13:38:03,738 - INFO - backend.domain.serializer.formats.base_format.BaseFormatter - (excel_format.py:50) - C:\Users\andrew\Desktop\Andrew\Projects\IthacaBakery\RandomStuff\WorkBot\refactor-experimental\data\orders\Dawn\Dawn_Bakery_20251006.xlsx
2025-10-11 13:38:03,738 - INFO - backend.domain.serializer.formats.base_format.BaseFormatter - (excel_format.py:51) - {'store': 'Bakery', 'vendor': 'Dawn', 'date': '20251006'}
2025-10-11 13:38:03,740 - INFO - backend.domain.serializer.formats.base_format.BaseFormatter - (excel_format.py:50) - C:\Users\andrew\Desktop\Andrew\Projects\IthacaBakery\RandomStuff\WorkBot\refactor-experimental\data\orders\DUTCH VALLEY FOOD DIST\DUTCH VALLEY FOOD DIST_Bakery_20251005.xlsx
2025-10-11 13:38:03,740 - INFO - backend.domain.serializer.formats.base_format.BaseFormatter - (excel_format.py:51) - {'store': 'Bakery', 'vendor': 'DUTCH VALLEY FOOD DIST', 'date': '20251005'}
2025-10-11 13:38:03,743 - INFO - backend.domain.serializer.formats.base_format.BaseFormatter - (excel_format.py:50) - C:\Users\andrew\Desktop\Andrew\Projects\IthacaBakery\RandomStuff\WorkBot\refactor-experimental\data\orders\Equal Exchange\Equal Exchange_Bakery_20251005.xlsx
2025-10-11 13:38:03,744 - INFO - backend.domain.serializer.formats.base_format.BaseFormatter - (excel_format.py:51) - {'store': 'Bakery', 'vendor': 'Equal Exchange', 'date': '20251005'}
2025-10-11 13:38:03,747 - INFO - backend.domain.serializer.formats.base_format.BaseFormatter - (excel_format.py:50) - C:\Users\andrew\Desktop\Andrew\Projects\IthacaBakery\RandomStuff\WorkBot\refactor-experimental\data\orders\FingerLakes Farms\FingerLakes Farms_Bakery_20251007.xlsx
2025-10-11 13:38:03,747 - INFO - backend.domain.serializer.formats.base_format.BaseFormatter - (excel_format.py:51) - {'store': 'Bakery', 'vendor': 'FingerLakes Farms', 'date': '20251007'}
2025-10-11 13:38:03,751 - INFO - backend.domain.serializer.formats.base_format.BaseFormatter - (excel_format.py:50) - C:\Users\andrew\Desktop\Andrew\Projects\IthacaBakery\RandomStuff\WorkBot\refactor-experimental\data\orders\Harney and Sons Tea\Harney and Sons Tea_Bakery_20251005.xlsx
2025-10-11 13:38:03,751 - INFO - backend.domain.serializer.formats.base_format.BaseFormatter - (excel_format.py:51) - {'store': 'Bakery', 'vendor': 'Harney and Sons Tea', 'date': '20251005'}
2025-10-11 13:38:03,753 - INFO - backend.domain.serializer.formats.base_format.BaseFormatter - (excel_format.py:50) - C:\Users\andrew\Desktop\Andrew\Projects\IthacaBakery\RandomStuff\WorkBot\refactor-experimental\data\orders\Hill & Markes\Hill & Markes_Bakery_20251005.xlsx
2025-10-11 13:38:03,754 - INFO - backend.domain.serializer.formats.base_format.BaseFormatter - (excel_format.py:51) - {'store': 'Bakery', 'vendor': 'Hill & Markes', 'date': '20251005'}
2025-10-11 13:38:03,757 - INFO - backend.domain.serializer.formats.base_format.BaseFormatter - (excel_format.py:50) - C:\Users\andrew\Desktop\Andrew\Projects\IthacaBakery\RandomStuff\WorkBot\refactor-experimental\data\orders\Hillcrest Dairy\Hillcrest Dairy_Bakery_20251005.xlsx
2025-10-11 13:38:03,757 - INFO - backend.domain.serializer.formats.base_format.BaseFormatter - (excel_format.py:51) - {'store': 'Bakery', 'vendor': 'Hillcrest Dairy', 'date': '20251005'}
2025-10-11 13:38:03,761 - INFO - backend.domain.serializer.formats.base_format.BaseFormatter - (excel_format.py:50) - C:\Users\andrew\Desktop\Andrew\Projects\IthacaBakery\RandomStuff\WorkBot\refactor-experimental\data\orders\Hillcrest Foods\Hillcrest Foods_Bakery_20251006.xlsx
2025-10-11 13:38:03,761 - INFO - backend.domain.serializer.formats.base_format.BaseFormatter - (excel_format.py:51) - {'store': 'Bakery', 'vendor': 'Hillcrest Foods', 'date': '20251006'}
2025-10-11 13:38:03,765 - INFO - backend.domain.serializer.formats.base_format.BaseFormatter - (excel_format.py:50) - C:\Users\andrew\Desktop\Andrew\Projects\IthacaBakery\RandomStuff\WorkBot\refactor-experimental\data\orders\J.Mills\J.Mills_Bakery_20251004.xlsx
2025-10-11 13:38:03,765 - INFO - backend.domain.serializer.formats.base_format.BaseFormatter - (excel_format.py:51) - {'store': 'Bakery', 'vendor': 'J.Mills', 'date': '20251004'}
2025-10-11 13:38:03,768 - INFO - backend.domain.serializer.formats.base_format.BaseFormatter - (excel_format.py:50) - C:\Users\andrew\Desktop\Andrew\Projects\IthacaBakery\RandomStuff\WorkBot\refactor-experimental\data\orders\Johnston Paper\Johnston Paper_Bakery_20251007.xlsx
2025-10-11 13:38:03,768 - INFO - backend.domain.serializer.formats.base_format.BaseFormatter - (excel_format.py:51) - {'store': 'Bakery', 'vendor': 'Johnston Paper', 'date': '20251007'}
2025-10-11 13:38:03,771 - INFO - backend.domain.serializer.formats.base_format.BaseFormatter - (excel_format.py:50) - C:\Users\andrew\Desktop\Andrew\Projects\IthacaBakery\RandomStuff\WorkBot\refactor-experimental\data\orders\Keck's Food Service\Keck's Food Service_Bakery_20251006.xlsx
2025-10-11 13:38:03,771 - INFO - backend.domain.serializer.formats.base_format.BaseFormatter - (excel_format.py:51) - {'store': 'Bakery', 'vendor': "Keck's Food Service", 'date': '20251006'}
2025-10-11 13:38:03,775 - INFO - backend.domain.serializer.formats.base_format.BaseFormatter - (excel_format.py:50) - C:\Users\andrew\Desktop\Andrew\Projects\IthacaBakery\RandomStuff\WorkBot\refactor-experimental\data\orders\Lentz\Lentz_Bakery_20251006.xlsx
2025-10-11 13:38:03,775 - INFO - backend.domain.serializer.formats.base_format.BaseFormatter - (excel_format.py:51) - {'store': 'Bakery', 'vendor': 'Lentz', 'date': '20251006'}
2025-10-11 13:38:03,778 - INFO - backend.domain.serializer.formats.base_format.BaseFormatter - (excel_format.py:50) - C:\Users\andrew\Desktop\Andrew\Projects\IthacaBakery\RandomStuff\WorkBot\refactor-experimental\data\orders\Odeko In\Odeko In._Bakery_20251005.xlsx
2025-10-11 13:38:03,778 - INFO - backend.domain.serializer.formats.base_format.BaseFormatter - (excel_format.py:51) - {'store': 'Bakery', 'vendor': 'Odeko In.', 'date': '20251005'}
2025-10-11 13:38:03,781 - INFO - backend.domain.serializer.formats.base_format.BaseFormatter - (excel_format.py:50) - C:\Users\andrew\Desktop\Andrew\Projects\IthacaBakery\RandomStuff\WorkBot\refactor-experimental\data\orders\Peters Supply\Peters Supply_Bakery_20251007.xlsx
2025-10-11 13:38:03,781 - INFO - backend.domain.serializer.formats.base_format.BaseFormatter - (excel_format.py:51) - {'store': 'Bakery', 'vendor': 'Peters Supply', 'date': '20251007'}
2025-10-11 13:38:03,784 - INFO - backend.domain.serializer.formats.base_format.BaseFormatter - (excel_format.py:50) - C:\Users\andrew\Desktop\Andrew\Projects\IthacaBakery\RandomStuff\WorkBot\refactor-experimental\data\orders\Qualita\Qualita_Bakery_20251007.xlsx
2025-10-11 13:38:03,784 - INFO - backend.domain.serializer.formats.base_format.BaseFormatter - (excel_format.py:51) - {'store': 'Bakery', 'vendor': 'Qualita', 'date': '20251007'}
2025-10-11 13:38:03,788 - INFO - backend.domain.serializer.formats.base_format.BaseFormatter - (excel_format.py:50) - C:\Users\andrew\Desktop\Andrew\Projects\IthacaBakery\RandomStuff\WorkBot\refactor-experimental\data\orders\Regional Distributors, Inc\Regional Distributors, Inc._Bakery_20251006.xlsx
2025-10-11 13:38:03,788 - INFO - backend.domain.serializer.formats.base_format.BaseFormatter - (excel_format.py:51) - {'store': 'Bakery', 'vendor': 'Regional Distributors, Inc.', 'date': '20251006'}
2025-10-11 13:38:03,792 - INFO - backend.domain.serializer.formats.base_format.BaseFormatter - (excel_format.py:50) - C:\Users\andrew\Desktop\Andrew\Projects\IthacaBakery\RandomStuff\WorkBot\refactor-experimental\data\orders\SANICO\SANICO_Bakery_20251007.xlsx
2025-10-11 13:38:03,792 - INFO - backend.domain.serializer.formats.base_format.BaseFormatter - (excel_format.py:51) - {'store': 'Bakery', 'vendor': 'SANICO', 'date': '20251007'}
2025-10-11 13:38:03,794 - INFO - backend.domain.serializer.formats.base_format.BaseFormatter - (excel_format.py:50) - C:\Users\andrew\Desktop\Andrew\Projects\IthacaBakery\RandomStuff\WorkBot\refactor-experimental\data\orders\Side Hill Acres\Side Hill Acres_Bakery_20251006.xlsx
2025-10-11 13:38:03,795 - INFO - backend.domain.serializer.formats.base_format.BaseFormatter - (excel_format.py:51) - {'store': 'Bakery', 'vendor': 'Side Hill Acres', 'date': '20251006'}
2025-10-11 13:38:03,800 - INFO - backend.domain.serializer.formats.base_format.BaseFormatter - (excel_format.py:50) - C:\Users\andrew\Desktop\Andrew\Projects\IthacaBakery\RandomStuff\WorkBot\refactor-experimental\data\orders\Sysco\Sysco_Bakery_20251007.xlsx
2025-10-11 13:38:03,800 - INFO - backend.domain.serializer.formats.base_format.BaseFormatter - (excel_format.py:51) - {'store': 'Bakery', 'vendor': 'Sysco', 'date': '20251007'}
2025-10-11 13:38:03,804 - INFO - backend.domain.serializer.formats.base_format.BaseFormatter - (excel_format.py:50) - C:\Users\andrew\Desktop\Andrew\Projects\IthacaBakery\RandomStuff\WorkBot\refactor-experimental\data\orders\UNFI\UNFI_Bakery_20251004.xlsx
2025-10-11 13:38:03,804 - INFO - backend.domain.serializer.formats.base_format.BaseFormatter - (excel_format.py:51) - {'store': 'Bakery', 'vendor': 'UNFI', 'date': '20251004'}
2025-10-11 13:38:03,808 - INFO - backend.domain.serializer.formats.base_format.BaseFormatter - (excel_format.py:50) - C:\Users\andrew\Desktop\Andrew\Projects\IthacaBakery\RandomStuff\WorkBot\refactor-experimental\data\orders\US Foods\US Foods_Bakery_20251005.xlsx
2025-10-11 13:38:03,808 - INFO - backend.domain.serializer.formats.base_format.BaseFormatter - (excel_format.py:51) - {'store': 'Bakery', 'vendor': 'US Foods', 'date': '20251005'}
2025-10-11 13:38:03,814 - INFO - backend.domain.serializer.formats.base_format.BaseFormatter - (excel_format.py:50) - C:\Users\andrew\Desktop\Andrew\Projects\IthacaBakery\RandomStuff\WorkBot\refactor-experimental\data\orders\Webstaurant\Webstaurant_Bakery_20251004.xlsx
2025-10-11 13:38:03,814 - INFO - backend.domain.serializer.formats.base_format.BaseFormatter - (excel_format.py:51) - {'store': 'Bakery', 'vendor': 'Webstaurant', 'date': '20251004'}
2025-10-11 13:38:03,821 - INFO - backend.domain.serializer.formats.base_format.BaseFormatter - (excel_format.py:50) - C:\Users\andrew\Desktop\Andrew\Projects\IthacaBakery\RandomStuff\WorkBot\refactor-experimental\data\orders\A.L. George\A.L. George_Bakery_20251006.xlsx
2025-10-11 13:38:03,821 - INFO - backend.domain.serializer.formats.base_format.BaseFormatter - (excel_format.py:51) - {'store': 'Bakery', 'vendor': 'A.L. George', 'date': '20251006'}
2025-10-11 13:38:03,824 - INFO - backend.domain.serializer.formats.base_format.BaseFormatter - (excel_format.py:50) - C:\Users\andrew\Desktop\Andrew\Projects\IthacaBakery\RandomStuff\WorkBot\refactor-experimental\data\orders\Atlantic Spice Company\Atlantic Spice Company_Bakery_20251006.xlsx
2025-10-11 13:38:03,824 - INFO - backend.domain.serializer.formats.base_format.BaseFormatter - (excel_format.py:51) - {'store': 'Bakery', 'vendor': 'Atlantic Spice Company', 'date': '20251006'}
2025-10-11 13:38:03,827 - INFO - backend.domain.serializer.formats.base_format.BaseFormatter - (excel_format.py:50) - C:\Users\andrew\Desktop\Andrew\Projects\IthacaBakery\RandomStuff\WorkBot\refactor-experimental\data\orders\BALKAN BEVERAGE LLC\BALKAN BEVERAGE LLC_Bakery_20251006.xlsx
2025-10-11 13:38:03,827 - INFO - backend.domain.serializer.formats.base_format.BaseFormatter - (excel_format.py:51) - {'store': 'Bakery', 'vendor': 'BALKAN BEVERAGE LLC', 'date': '20251006'}
2025-10-11 13:38:03,830 - INFO - backend.domain.serializer.formats.base_format.BaseFormatter - (excel_format.py:50) - C:\Users\andrew\Desktop\Andrew\Projects\IthacaBakery\RandomStuff\WorkBot\refactor-experimental\data\orders\BJ's\BJ's_Bakery_20251006.xlsx
2025-10-11 13:38:03,830 - INFO - backend.domain.serializer.formats.base_format.BaseFormatter - (excel_format.py:51) - {'store': 'Bakery', 'vendor': "BJ's", 'date': '20251006'}
2025-10-11 13:38:03,833 - INFO - backend.domain.serializer.formats.base_format.BaseFormatter - (excel_format.py:50) - C:\Users\andrew\Desktop\Andrew\Projects\IthacaBakery\RandomStuff\WorkBot\refactor-experimental\data\orders\Coca-Cola\Coca-Cola_Bakery_20251005.xlsx
2025-10-11 13:38:03,833 - INFO - backend.domain.serializer.formats.base_format.BaseFormatter - (excel_format.py:51) - {'store': 'Bakery', 'vendor': 'Coca-Cola', 'date': '20251005'}
2025-10-11 13:38:03,837 - INFO - backend.domain.serializer.formats.base_format.BaseFormatter - (excel_format.py:50) - C:\Users\andrew\Desktop\Andrew\Projects\IthacaBakery\RandomStuff\WorkBot\refactor-experimental\data\orders\Copper Horse Coffee\Copper Horse Coffee_Bakery_20251005.xlsx
2025-10-11 13:38:03,837 - INFO - backend.domain.serializer.formats.base_format.BaseFormatter - (excel_format.py:51) - {'store': 'Bakery', 'vendor': 'Copper Horse Coffee', 'date': '20251005'}
2025-10-11 13:38:03,840 - INFO - backend.domain.serializer.formats.base_format.BaseFormatter - (excel_format.py:50) - C:\Users\andrew\Desktop\Andrew\Projects\IthacaBakery\RandomStuff\WorkBot\refactor-experimental\data\orders\Dawn\Dawn_Bakery_20251006.xlsx
2025-10-11 13:38:03,840 - INFO - backend.domain.serializer.formats.base_format.BaseFormatter - (excel_format.py:51) - {'store': 'Bakery', 'vendor': 'Dawn', 'date': '20251006'}
2025-10-11 13:38:03,843 - INFO - backend.domain.serializer.formats.base_format.BaseFormatter - (excel_format.py:50) - C:\Users\andrew\Desktop\Andrew\Projects\IthacaBakery\RandomStuff\WorkBot\refactor-experimental\data\orders\DUTCH VALLEY FOOD DIST\DUTCH VALLEY FOOD DIST_Bakery_20251005.xlsx
2025-10-11 13:38:03,843 - INFO - backend.domain.serializer.formats.base_format.BaseFormatter - (excel_format.py:51) - {'store': 'Bakery', 'vendor': 'DUTCH VALLEY FOOD DIST', 'date': '20251005'}
2025-10-11 13:38:03,846 - INFO - backend.domain.serializer.formats.base_format.BaseFormatter - (excel_format.py:50) - C:\Users\andrew\Desktop\Andrew\Projects\IthacaBakery\RandomStuff\WorkBot\refactor-experimental\data\orders\Equal Exchange\Equal Exchange_Bakery_20251005.xlsx
2025-10-11 13:38:03,846 - INFO - backend.domain.serializer.formats.base_format.BaseFormatter - (excel_format.py:51) - {'store': 'Bakery', 'vendor': 'Equal Exchange', 'date': '20251005'}
2025-10-11 13:38:03,851 - INFO - backend.domain.serializer.formats.base_format.BaseFormatter - (excel_format.py:50) - C:\Users\andrew\Desktop\Andrew\Projects\IthacaBakery\RandomStuff\WorkBot\refactor-experimental\data\orders\FingerLakes Farms\FingerLakes Farms_Bakery_20251007.xlsx
2025-10-11 13:38:03,851 - INFO - backend.domain.serializer.formats.base_format.BaseFormatter - (excel_format.py:51) - {'store': 'Bakery', 'vendor': 'FingerLakes Farms', 'date': '20251007'}
2025-10-11 13:38:03,855 - INFO - backend.domain.serializer.formats.base_format.BaseFormatter - (excel_format.py:50) - C:\Users\andrew\Desktop\Andrew\Projects\IthacaBakery\RandomStuff\WorkBot\refactor-experimental\data\orders\Harney and Sons Tea\Harney and Sons Tea_Bakery_20251005.xlsx
2025-10-11 13:38:03,855 - INFO - backend.domain.serializer.formats.base_format.BaseFormatter - (excel_format.py:51) - {'store': 'Bakery', 'vendor': 'Harney and Sons Tea', 'date': '20251005'}
2025-10-11 13:38:03,858 - INFO - backend.domain.serializer.formats.base_format.BaseFormatter - (excel_format.py:50) - C:\Users\andrew\Desktop\Andrew\Projects\IthacaBakery\RandomStuff\WorkBot\refactor-experimental\data\orders\Hill & Markes\Hill & Markes_Bakery_20251005.xlsx
2025-10-11 13:38:03,858 - INFO - backend.domain.serializer.formats.base_format.BaseFormatter - (excel_format.py:51) - {'store': 'Bakery', 'vendor': 'Hill & Markes', 'date': '20251005'}
2025-10-11 13:38:03,861 - INFO - backend.domain.serializer.formats.base_format.BaseFormatter - (excel_format.py:50) - C:\Users\andrew\Desktop\Andrew\Projects\IthacaBakery\RandomStuff\WorkBot\refactor-experimental\data\orders\Hillcrest Dairy\Hillcrest Dairy_Bakery_20251005.xlsx
2025-10-11 13:38:03,861 - INFO - backend.domain.serializer.formats.base_format.BaseFormatter - (excel_format.py:51) - {'store': 'Bakery', 'vendor': 'Hillcrest Dairy', 'date': '20251005'}
2025-10-11 13:38:03,865 - INFO - backend.domain.serializer.formats.base_format.BaseFormatter - (excel_format.py:50) - C:\Users\andrew\Desktop\Andrew\Projects\IthacaBakery\RandomStuff\WorkBot\refactor-experimental\data\orders\Hillcrest Foods\Hillcrest Foods_Bakery_20251006.xlsx
2025-10-11 13:38:03,865 - INFO - backend.domain.serializer.formats.base_format.BaseFormatter - (excel_format.py:51) - {'store': 'Bakery', 'vendor': 'Hillcrest Foods', 'date': '20251006'}
2025-10-11 13:38:03,869 - INFO - backend.domain.serializer.formats.base_format.BaseFormatter - (excel_format.py:50) - C:\Users\andrew\Desktop\Andrew\Projects\IthacaBakery\RandomStuff\WorkBot\refactor-experimental\data\orders\J.Mills\J.Mills_Bakery_20251004.xlsx
2025-10-11 13:38:03,869 - INFO - backend.domain.serializer.formats.base_format.BaseFormatter - (excel_format.py:51) - {'store': 'Bakery', 'vendor': 'J.Mills', 'date': '20251004'}
2025-10-11 13:38:03,872 - INFO - backend.domain.serializer.formats.base_format.BaseFormatter - (excel_format.py:50) - C:\Users\andrew\Desktop\Andrew\Projects\IthacaBakery\RandomStuff\WorkBot\refactor-experimental\data\orders\Johnston Paper\Johnston Paper_Bakery_20251007.xlsx
2025-10-11 13:38:03,872 - INFO - backend.domain.serializer.formats.base_format.BaseFormatter - (excel_format.py:51) - {'store': 'Bakery', 'vendor': 'Johnston Paper', 'date': '20251007'}
2025-10-11 13:38:03,876 - INFO - backend.domain.serializer.formats.base_format.BaseFormatter - (excel_format.py:50) - C:\Users\andrew\Desktop\Andrew\Projects\IthacaBakery\RandomStuff\WorkBot\refactor-experimental\data\orders\Keck's Food Service\Keck's Food Service_Bakery_20251006.xlsx
2025-10-11 13:38:03,876 - INFO - backend.domain.serializer.formats.base_format.BaseFormatter - (excel_format.py:51) - {'store': 'Bakery', 'vendor': "Keck's Food Service", 'date': '20251006'}
2025-10-11 13:38:03,879 - INFO - backend.domain.serializer.formats.base_format.BaseFormatter - (excel_format.py:50) - C:\Users\andrew\Desktop\Andrew\Projects\IthacaBakery\RandomStuff\WorkBot\refactor-experimental\data\orders\Lentz\Lentz_Bakery_20251006.xlsx
2025-10-11 13:38:03,879 - INFO - backend.domain.serializer.formats.base_format.BaseFormatter - (excel_format.py:51) - {'store': 'Bakery', 'vendor': 'Lentz', 'date': '20251006'}
2025-10-11 13:38:03,883 - INFO - backend.domain.serializer.formats.base_format.BaseFormatter - (excel_format.py:50) - C:\Users\andrew\Desktop\Andrew\Projects\IthacaBakery\RandomStuff\WorkBot\refactor-experimental\data\orders\Odeko In\Odeko In._Bakery_20251005.xlsx
2025-10-11 13:38:03,883 - INFO - backend.domain.serializer.formats.base_format.BaseFormatter - (excel_format.py:51) - {'store': 'Bakery', 'vendor': 'Odeko In.', 'date': '20251005'}
2025-10-11 13:38:03,886 - INFO - backend.domain.serializer.formats.base_format.BaseFormatter - (excel_format.py:50) - C:\Users\andrew\Desktop\Andrew\Projects\IthacaBakery\RandomStuff\WorkBot\refactor-experimental\data\orders\Peters Supply\Peters Supply_Bakery_20251007.xlsx
2025-10-11 13:38:03,886 - INFO - backend.domain.serializer.formats.base_format.BaseFormatter - (excel_format.py:51) - {'store': 'Bakery', 'vendor': 'Peters Supply', 'date': '20251007'}
2025-10-11 13:38:03,889 - INFO - backend.domain.serializer.formats.base_format.BaseFormatter - (excel_format.py:50) - C:\Users\andrew\Desktop\Andrew\Projects\IthacaBakery\RandomStuff\WorkBot\refactor-experimental\data\orders\Qualita\Qualita_Bakery_20251007.xlsx
2025-10-11 13:38:03,889 - INFO - backend.domain.serializer.formats.base_format.BaseFormatter - (excel_format.py:51) - {'store': 'Bakery', 'vendor': 'Qualita', 'date': '20251007'}
2025-10-11 13:38:03,892 - INFO - backend.domain.serializer.formats.base_format.BaseFormatter - (excel_format.py:50) - C:\Users\andrew\Desktop\Andrew\Projects\IthacaBakery\RandomStuff\WorkBot\refactor-experimental\data\orders\Regional Distributors, Inc\Regional Distributors, Inc._Bakery_20251006.xlsx
2025-10-11 13:38:03,893 - INFO - backend.domain.serializer.formats.base_format.BaseFormatter - (excel_format.py:51) - {'store': 'Bakery', 'vendor': 'Regional Distributors, Inc.', 'date': '20251006'}
2025-10-11 13:38:03,896 - INFO - backend.domain.serializer.formats.base_format.BaseFormatter - (excel_format.py:50) - C:\Users\andrew\Desktop\Andrew\Projects\IthacaBakery\RandomStuff\WorkBot\refactor-experimental\data\orders\SANICO\SANICO_Bakery_20251007.xlsx
2025-10-11 13:38:03,897 - INFO - backend.domain.serializer.formats.base_format.BaseFormatter - (excel_format.py:51) - {'store': 'Bakery', 'vendor': 'SANICO', 'date': '20251007'}
2025-10-11 13:38:03,899 - INFO - backend.domain.serializer.formats.base_format.BaseFormatter - (excel_format.py:50) - C:\Users\andrew\Desktop\Andrew\Projects\IthacaBakery\RandomStuff\WorkBot\refactor-experimental\data\orders\Side Hill Acres\Side Hill Acres_Bakery_20251006.xlsx
2025-10-11 13:38:03,899 - INFO - backend.domain.serializer.formats.base_format.BaseFormatter - (excel_format.py:51) - {'store': 'Bakery', 'vendor': 'Side Hill Acres', 'date': '20251006'}
2025-10-11 13:38:03,902 - INFO - backend.domain.serializer.formats.base_format.BaseFormatter - (excel_format.py:50) - C:\Users\andrew\Desktop\Andrew\Projects\IthacaBakery\RandomStuff\WorkBot\refactor-experimental\data\orders\Sysco\Sysco_Bakery_20251007.xlsx
2025-10-11 13:38:03,902 - INFO - backend.domain.serializer.formats.base_format.BaseFormatter - (excel_format.py:51) - {'store': 'Bakery', 'vendor': 'Sysco', 'date': '20251007'}
2025-10-11 13:38:03,906 - INFO - backend.domain.serializer.formats.base_format.BaseFormatter - (excel_format.py:50) - C:\Users\andrew\Desktop\Andrew\Projects\IthacaBakery\RandomStuff\WorkBot\refactor-experimental\data\orders\UNFI\UNFI_Bakery_20251004.xlsx
2025-10-11 13:38:03,906 - INFO - backend.domain.serializer.formats.base_format.BaseFormatter - (excel_format.py:51) - {'store': 'Bakery', 'vendor': 'UNFI', 'date': '20251004'}
2025-10-11 13:38:03,910 - INFO - backend.domain.serializer.formats.base_format.BaseFormatter - (excel_format.py:50) - C:\Users\andrew\Desktop\Andrew\Projects\IthacaBakery\RandomStuff\WorkBot\refactor-experimental\data\orders\US Foods\US Foods_Bakery_20251005.xlsx
2025-10-11 13:38:03,910 - INFO - backend.domain.serializer.formats.base_format.BaseFormatter - (excel_format.py:51) - {'store': 'Bakery', 'vendor': 'US Foods', 'date': '20251005'}
2025-10-11 13:38:03,916 - INFO - backend.domain.serializer.formats.base_format.BaseFormatter - (excel_format.py:50) - C:\Users\andrew\Desktop\Andrew\Projects\IthacaBakery\RandomStuff\WorkBot\refactor-experimental\data\orders\Webstaurant\Webstaurant_Bakery_20251004.xlsx
2025-10-11 13:38:03,916 - INFO - backend.domain.serializer.formats.base_format.BaseFormatter - (excel_format.py:51) - {'store': 'Bakery', 'vendor': 'Webstaurant', 'date': '20251004'}
