2025-11-18 13:06:21,113 - INFO - backend.app.services.transfer_service.ArchiveTransfer - (transfer_service.py:63) - Archiving transfer: < Transfer origin=Bakery, destination=Collegetown, date=20251114, items=34 >
2025-11-18 13:06:21,116 - INFO - backend.app.services.transfer_service.ArchiveTransfer - (transfer_service.py:63) - Archiving transfer: < Transfer origin=Bakery, destination=Downtown, date=20251114, items=31 >
2025-11-18 13:06:21,118 - INFO - backend.app.services.transfer_service.ArchiveTransfer - (transfer_service.py:63) - Archiving transfer: < Transfer origin=Bakery, destination=Easthill, date=20251114, items=41 >
2025-11-18 13:06:21,122 - INFO - backend.app.services.transfer_service.ArchiveTransfer - (transfer_service.py:63) - Archiving transfer: < Transfer origin=Bakery, destination=Triphammer, date=20251114, items=21 >
2025-11-23 14:39:33,691 - INFO - backend.app.services.transfer_service.ArchiveTransfer - (transfer_service.py:63) - Archiving transfer: < Transfer origin=Bakery, destination=Syracuse, date=20251121, items=15 >
2025-11-25 12:34:51,840 - INFO - backend.app.services.transfer_service.ArchiveTransfer - (transfer_service.py:63) - Archiving transfer: < Transfer origin=Bakery, destination=Downtown, date=20251121, items=35 >
2025-11-25 12:34:51,846 - INFO - backend.app.services.transfer_service.ArchiveTransfer - (transfer_service.py:63) - Archiving transfer: < Transfer origin=Bakery, destination=Easthill, date=20251122, items=36 >
2025-11-25 12:34:51,848 - INFO - backend.app.services.transfer_service.ArchiveTransfer - (transfer_service.py:63) - Archiving transfer: < Transfer origin=Bakery, destination=Triphammer, date=20251121, items=23 >
2025-12-01 07:33:32,384 - INFO - backend.app.services.transfer_service.ArchiveTransfer - (transfer_service.py:63) - Archiving transfer: < Transfer origin=Bakery, destination=Syracuse, date=20251126, items=22 >
2025-12-07 14:00:13,069 - INFO - backend.app.services.transfer_service.ArchiveTransfer - (transfer_service.py:63) - Archiving transfer: < Transfer origin=Bakery, destination=Syracuse, date=20251205, items=8 >
2025-12-10 16:02:12,607 - INFO - backend.app.services.transfer_service.ArchiveTransfer - (transfer_service.py:63) - Archiving transfer: < Transfer origin=Bakery, destination=Collegetown, date=20251205, items=25 >
2025-12-10 16:02:12,613 - INFO - backend.app.services.transfer_service.ArchiveTransfer - (transfer_service.py:63) - Archiving transfer: < Transfer origin=Bakery, destination=Downtown, date=20251205, items=19 >
2025-12-10 16:02:12,616 - INFO - backend.app.services.transfer_service.ArchiveTransfer - (transfer_service.py:63) - Archiving transfer: < Transfer origin=Bakery, destination=Easthill, date=20251204, items=23 >
2025-12-10 16:02:12,619 - INFO - backend.app.services.transfer_service.ArchiveTransfer - (transfer_service.py:63) - Archiving transfer: < Transfer origin=Bakery, destination=Triphammer, date=20251205, items=32 >
2025-12-14 13:41:34,004 - INFO - backend.app.services.transfer_service.ArchiveTransfer - (transfer_service.py:63) - Archiving transfer: < Transfer origin=Bakery, destination=Syracuse, date=20251212, items=15 >
2025-12-16 12:23:05,764 - INFO - backend.app.services.transfer_service.ArchiveTransfer - (transfer_service.py:63) - Archiving transfer: < Transfer origin=Bakery, destination=Collegetown, date=20251212, items=27 >
2025-12-16 12:23:05,769 - INFO - backend.app.services.transfer_service.ArchiveTransfer - (transfer_service.py:63) - Archiving transfer: < Transfer origin=Bakery, destination=Downtown, date=20251212, items=26 >
2025-12-16 12:23:05,772 - INFO - backend.app.services.transfer_service.ArchiveTransfer - (transfer_service.py:63) - Archiving transfer: < Transfer origin=Bakery, destination=Easthill, date=20251211, items=30 >
2025-12-16 12:23:05,774 - INFO - backend.app.services.transfer_service.ArchiveTransfer - (transfer_service.py:63) - Archiving transfer: < Transfer origin=Bakery, destination=Triphammer, date=20251212, items=18 >
2026-01-04 13:25:53,945 - INFO - backend.app.services.transfer_service.ArchiveTransfer - (transfer_service.py:63) - Archiving transfer: < Transfer origin=Bakery, destination=Syracuse, date=20250103, items=12 >
2026-01-07 09:11:38,519 - INFO - backend.app.services.transfer_service.ArchiveTransfer - (transfer_service.py:63) - Archiving transfer: < Transfer origin=Bakery, destination=Collegetown, date=20250106, items=39 >
2026-01-07 09:11:38,523 - INFO - backend.app.services.transfer_service.ArchiveTransfer - (transfer_service.py:63) - Archiving transfer: < Transfer origin=Bakery, destination=Downtown, date=20250106, items=31 >
2026-01-07 09:11:38,526 - INFO - backend.app.services.transfer_service.ArchiveTransfer - (transfer_service.py:63) - Archiving transfer: < Transfer origin=Bakery, destination=Easthill, date=20250106, items=20 >
2026-01-07 09:11:38,529 - INFO - backend.app.services.transfer_service.ArchiveTransfer - (transfer_service.py:63) - Archiving transfer: < Transfer origin=Bakery, destination=Triphammer, date=20250106, items=18 >
2026-01-13 10:07:26,878 - INFO - backend.app.services.transfer_service.ArchiveTransfer - (transfer_service.py:63) - Archiving transfer: < Transfer origin=Bakery, destination=Collegetown, date=20260109, items=12 >
2026-01-13 10:07:26,884 - INFO - backend.app.services.transfer_service.ArchiveTransfer - (transfer_service.py:63) - Archiving transfer: < Transfer origin=Bakery, destination=Downtown, date=20260109, items=17 >
2026-01-13 10:07:26,886 - INFO - backend.app.services.transfer_service.ArchiveTransfer - (transfer_service.py:63) - Archiving transfer: < Transfer origin=Bakery, destination=Easthill, date=20260109, items=23 >
2026-01-13 10:07:26,888 - INFO - backend.app.services.transfer_service.ArchiveTransfer - (transfer_service.py:63) - Archiving transfer: < Transfer origin=Bakery, destination=Syracuse, date=20260109, items=17 >
2026-01-13 10:07:26,891 - INFO - backend.app.services.transfer_service.ArchiveTransfer - (transfer_service.py:63) - Archiving transfer: < Transfer origin=Bakery, destination=Triphammer, date=20260109, items=20 >
2026-01-21 15:33:17,398 - INFO - backend.app.services.transfer_service.ArchiveTransfer - (transfer_service.py:63) - Archiving transfer: < Transfer origin=Bakery, destination=Collegetown, date=20260116, items=21 >
2026-01-21 15:33:17,402 - INFO - backend.app.services.transfer_service.ArchiveTransfer - (transfer_service.py:63) - Archiving transfer: < Transfer origin=Bakery, destination=Downtown, date=20260115, items=23 >
2026-01-21 15:33:17,404 - INFO - backend.app.services.transfer_service.ArchiveTransfer - (transfer_service.py:63) - Archiving transfer: < Transfer origin=Bakery, destination=Easthill, date=20260116, items=28 >
2026-01-21 15:33:17,407 - INFO - backend.app.services.transfer_service.ArchiveTransfer - (transfer_service.py:63) - Archiving transfer: < Transfer origin=Bakery, destination=Syracuse, date=20260116, items=18 >
2026-01-21 15:33:17,409 - INFO - backend.app.services.transfer_service.ArchiveTransfer - (transfer_service.py:63) - Archiving transfer: < Transfer origin=Bakery, destination=Triphammer, date=20260116, items=26 >
2026-02-02 12:15:20,826 - INFO - backend.app.services.transfer_service.ArchiveTransfer - (transfer_service.py:63) - Archiving transfer: < Transfer origin=Bakery, destination=Collegetown, date=20260130, items=41 >
2026-02-02 12:15:20,836 - INFO - backend.app.services.transfer_service.ArchiveTransfer - (transfer_service.py:63) - Archiving transfer: < Transfer origin=Bakery, destination=Downtown, date=20260130, items=26 >
2026-02-02 12:15:20,840 - INFO - backend.app.services.transfer_service.ArchiveTransfer - (transfer_service.py:63) - Archiving transfer: < Transfer origin=Bakery, destination=Easthill, date=20260130, items=29 >
2026-02-02 12:15:20,843 - INFO - backend.app.services.transfer_service.ArchiveTransfer - (transfer_service.py:63) - Archiving transfer: < Transfer origin=Bakery, destination=Syracuse, date=20260130, items=28 >
2026-02-02 12:15:20,845 - INFO - backend.app.services.transfer_service.ArchiveTransfer - (transfer_service.py:63) - Archiving transfer: < Transfer origin=Bakery, destination=Triphammer, date=20260130, items=26 >
2026-02-09 08:58:30,180 - INFO - backend.app.services.transfer_service.ArchiveTransfer - (transfer_service.py:63) - Archiving transfer: < Transfer origin=Bakery, destination=Collegetown, date=20260116, items=21 >
2026-02-09 08:58:30,187 - INFO - backend.app.services.transfer_service.ArchiveTransfer - (transfer_service.py:63) - Archiving transfer: < Transfer origin=Bakery, destination=Downtown, date=20260115, items=28 >
2026-02-09 08:58:30,190 - INFO - backend.app.services.transfer_service.ArchiveTransfer - (transfer_service.py:63) - Archiving transfer: < Transfer origin=Bakery, destination=Easthill, date=20260116, items=30 >
2026-02-09 08:58:30,192 - INFO - backend.app.services.transfer_service.ArchiveTransfer - (transfer_service.py:63) - Archiving transfer: < Transfer origin=Bakery, destination=Triphammer, date=20260116, items=30 >
