2026-03-25 13:48:42,754 - INFO - backend.app.cli.panel_cli.CLI - (panel_cli.py:858) - Exiting CLI.
2026-03-25 13:48:46,078 - INFO - backend.bots.workbot.work_bot.WorkBot - (work_bot.py:56) - Initializing WorkBot...
2026-03-25 13:48:46,078 - INFO - backend.bots.workbot.work_bot.WorkBot - (work_bot.py:70) - WorkBot initialized successfully.
2026-03-25 13:48:46,207 - INFO - backend.app.cli.panel_cli.CLI - (panel_cli.py:255) - Initializing CLI.
2026-03-25 13:48:46,213 - INFO - backend.app.cli.panel_cli.CLI - (panel_cli.py:507) - Loaded 1 commands from backend.app.cli.commands.builtin
2026-03-25 13:48:46,237 - INFO - backend.app.cli.panel_cli.CLI - (panel_cli.py:260) - CLI initialized successfully with 1 commands.
2026-03-25 13:48:46,255 - INFO - backend.app.cli.panel_cli.CLI - (panel_cli.py:507) - Loaded 20 commands from backend.app.cli.commands.workbot
2026-03-25 13:48:46,255 - INFO - backend.app.cli.panel_cli.CLI - (panel_cli.py:430) - CLI session started.
2026-03-25 13:48:50,588 - INFO - backend.app.cli.panel_cli.CLI - (panel_cli.py:801) - Dispatching command: generate_vendor_upload_files (args=['--vendors', 'Sysco', 'Performance Food', 'US Foods'])
2026-03-25 13:48:50,591 - INFO - backend.bots.workbot.work_bot.WorkBot - (work_bot.py:307) - Generating vendor upload files for stores=['Bakery', 'Collegetown', 'Downtown', 'Easthill', 'Syracuse', 'Triphammer'], vendors=['Sysco', 'Performance Food', 'US Foods'], start_date=None, end_date=None
2026-03-25 13:48:50,592 - INFO - backend.bots.workbot.work_bot.WorkBot - (work_bot.py:198) - Retrieving orders for: stores=['Bakery', 'Collegetown', 'Downtown', 'Easthill', 'Syracuse', 'Triphammer'], vendors=['Sysco', 'Performance Food', 'US Foods']
2026-03-25 13:48:50,592 - INFO - backend.app.services.order_service.GetOrders - (order_service.py:65) - Getting orders: vendors=['Sysco', 'Performance Food', 'US Foods'], stores=['Bakery', 'Collegetown', 'Downtown', 'Easthill', 'Syracuse', 'Triphammer'], dates=None
2026-03-25 13:48:50,598 - INFO - backend.adapters.files.generic_file_adapter.GenericFileAdapter - (generic_file_adapter.py:105) - Skipping unreadable file C:\Users\andrew\Desktop\Andrew\Projects\IthacaBakery\RandomStuff\WorkBot\main\data\orders\Sysco\Sysco_Bakery_20260325.pdf: 'pdf'
2026-03-25 13:48:50,614 - INFO - backend.adapters.files.generic_file_adapter.GenericFileAdapter - (generic_file_adapter.py:105) - Skipping unreadable file C:\Users\andrew\Desktop\Andrew\Projects\IthacaBakery\RandomStuff\WorkBot\main\data\orders\Sysco\Sysco_Collegetown_20260324.pdf: 'pdf'
2026-03-25 13:48:50,657 - INFO - backend.adapters.files.generic_file_adapter.GenericFileAdapter - (generic_file_adapter.py:105) - Skipping unreadable file C:\Users\andrew\Desktop\Andrew\Projects\IthacaBakery\RandomStuff\WorkBot\main\data\orders\Sysco\Sysco_Triphammer_20260325.pdf: 'pdf'
2026-03-25 13:48:50,672 - INFO - backend.adapters.files.generic_file_adapter.GenericFileAdapter - (generic_file_adapter.py:105) - Skipping unreadable file C:\Users\andrew\Desktop\Andrew\Projects\IthacaBakery\RandomStuff\WorkBot\main\data\orders\Performance Food\Performance Food_Bakery_20260325.pdf: 'pdf'
2026-03-25 13:48:50,685 - INFO - backend.adapters.files.generic_file_adapter.GenericFileAdapter - (generic_file_adapter.py:105) - Skipping unreadable file C:\Users\andrew\Desktop\Andrew\Projects\IthacaBakery\RandomStuff\WorkBot\main\data\orders\Performance Food\Performance Food_Collegetown_20260324.pdf: 'pdf'
2026-03-25 13:48:50,727 - INFO - backend.adapters.files.generic_file_adapter.GenericFileAdapter - (generic_file_adapter.py:105) - Skipping unreadable file C:\Users\andrew\Desktop\Andrew\Projects\IthacaBakery\RandomStuff\WorkBot\main\data\orders\Performance Food\Performance Food_Triphammer_20260325.pdf: 'pdf'
2026-03-25 13:48:50,743 - INFO - backend.adapters.files.generic_file_adapter.GenericFileAdapter - (generic_file_adapter.py:105) - Skipping unreadable file C:\Users\andrew\Desktop\Andrew\Projects\IthacaBakery\RandomStuff\WorkBot\main\data\orders\US Foods\US Foods_Bakery_20260325.pdf: 'pdf'
2026-03-25 13:48:50,757 - INFO - backend.adapters.files.generic_file_adapter.GenericFileAdapter - (generic_file_adapter.py:105) - Skipping unreadable file C:\Users\andrew\Desktop\Andrew\Projects\IthacaBakery\RandomStuff\WorkBot\main\data\orders\US Foods\US Foods_Collegetown_20260324.pdf: 'pdf'
2026-03-25 13:48:50,797 - INFO - backend.adapters.files.generic_file_adapter.GenericFileAdapter - (generic_file_adapter.py:105) - Skipping unreadable file C:\Users\andrew\Desktop\Andrew\Projects\IthacaBakery\RandomStuff\WorkBot\main\data\orders\US Foods\US Foods_Triphammer_20260325.pdf: 'pdf'
2026-03-25 13:48:50,804 - INFO - backend.app.services.order_service.GetOrders - (order_service.py:73) - Retrieved 9 orders.
2026-03-25 13:48:50,804 - INFO - backend.bots.workbot.work_bot.WorkBot - (work_bot.py:311) - Found 9 orders to process.
2026-03-25 13:48:50,817 - INFO - backend.adapters.files.generic_file_adapter.GenericFileAdapter - (generic_file_adapter.py:105) - Skipping unreadable file C:\Users\andrew\Desktop\Andrew\Projects\IthacaBakery\RandomStuff\WorkBot\main\backend\infra\config\vendors\__init__.py: 'py'
2026-03-25 13:48:50,828 - INFO - backend.adapters.files.generic_file_adapter.GenericFileAdapter - (generic_file_adapter.py:105) - Skipping unreadable file C:\Users\andrew\Desktop\Andrew\Projects\IthacaBakery\RandomStuff\WorkBot\main\backend\infra\config\vendors\__init__.py: 'py'
2026-03-25 13:48:50,839 - INFO - backend.adapters.files.generic_file_adapter.GenericFileAdapter - (generic_file_adapter.py:105) - Skipping unreadable file C:\Users\andrew\Desktop\Andrew\Projects\IthacaBakery\RandomStuff\WorkBot\main\backend\infra\config\vendors\__init__.py: 'py'
2026-03-25 13:48:50,850 - INFO - backend.adapters.files.generic_file_adapter.GenericFileAdapter - (generic_file_adapter.py:105) - Skipping unreadable file C:\Users\andrew\Desktop\Andrew\Projects\IthacaBakery\RandomStuff\WorkBot\main\backend\infra\config\vendors\__init__.py: 'py'
2026-03-25 13:48:50,861 - INFO - backend.adapters.files.generic_file_adapter.GenericFileAdapter - (generic_file_adapter.py:105) - Skipping unreadable file C:\Users\andrew\Desktop\Andrew\Projects\IthacaBakery\RandomStuff\WorkBot\main\backend\infra\config\vendors\__init__.py: 'py'
2026-03-25 13:48:50,871 - INFO - backend.adapters.files.generic_file_adapter.GenericFileAdapter - (generic_file_adapter.py:105) - Skipping unreadable file C:\Users\andrew\Desktop\Andrew\Projects\IthacaBakery\RandomStuff\WorkBot\main\backend\infra\config\vendors\__init__.py: 'py'
2026-03-25 13:48:50,882 - INFO - backend.adapters.files.generic_file_adapter.GenericFileAdapter - (generic_file_adapter.py:105) - Skipping unreadable file C:\Users\andrew\Desktop\Andrew\Projects\IthacaBakery\RandomStuff\WorkBot\main\backend\infra\config\vendors\__init__.py: 'py'
2026-03-25 13:48:50,892 - INFO - backend.adapters.files.generic_file_adapter.GenericFileAdapter - (generic_file_adapter.py:105) - Skipping unreadable file C:\Users\andrew\Desktop\Andrew\Projects\IthacaBakery\RandomStuff\WorkBot\main\backend\infra\config\vendors\__init__.py: 'py'
2026-03-25 13:48:50,903 - INFO - backend.adapters.files.generic_file_adapter.GenericFileAdapter - (generic_file_adapter.py:105) - Skipping unreadable file C:\Users\andrew\Desktop\Andrew\Projects\IthacaBakery\RandomStuff\WorkBot\main\backend\infra\config\vendors\__init__.py: 'py'
2026-03-25 13:48:50,903 - INFO - backend.bots.workbot.work_bot.WorkBot - (work_bot.py:324) - Context map built with 9 entries. Delegating to OrderServices.
2026-03-25 13:48:50,909 - INFO - backend.adapters.files.generic_file_adapter.GenericFileAdapter - (generic_file_adapter.py:105) - Skipping unreadable file C:\Users\andrew\Desktop\Andrew\Projects\IthacaBakery\RandomStuff\WorkBot\main\data\orders\Sysco\Sysco_Bakery_20260325.pdf: 'pdf'
2026-03-25 13:48:50,917 - INFO - backend.app.services.order_service.GenerateVendorUploadFile - (order_service.py:129) - Generating vendor upload for Sysco / Bakery / 20260325
2026-03-25 13:48:50,928 - INFO - backend.adapters.files.generic_file_adapter.GenericFileAdapter - (generic_file_adapter.py:105) - Skipping unreadable file C:\Users\andrew\Desktop\Andrew\Projects\IthacaBakery\RandomStuff\WorkBot\main\data\orders\Sysco\Sysco_Collegetown_20260324.pdf: 'pdf'
2026-03-25 13:48:50,935 - INFO - backend.app.services.order_service.GenerateVendorUploadFile - (order_service.py:129) - Generating vendor upload for Sysco / Collegetown / 20260324
2026-03-25 13:48:50,973 - INFO - backend.adapters.files.generic_file_adapter.GenericFileAdapter - (generic_file_adapter.py:105) - Skipping unreadable file C:\Users\andrew\Desktop\Andrew\Projects\IthacaBakery\RandomStuff\WorkBot\main\data\orders\Sysco\Sysco_Triphammer_20260325.pdf: 'pdf'
2026-03-25 13:48:50,981 - INFO - backend.app.services.order_service.GenerateVendorUploadFile - (order_service.py:129) - Generating vendor upload for Sysco / Triphammer / 20260325
2026-03-25 13:48:50,990 - INFO - backend.adapters.files.generic_file_adapter.GenericFileAdapter - (generic_file_adapter.py:105) - Skipping unreadable file C:\Users\andrew\Desktop\Andrew\Projects\IthacaBakery\RandomStuff\WorkBot\main\data\orders\Performance Food\Performance Food_Bakery_20260325.pdf: 'pdf'
2026-03-25 13:48:50,998 - INFO - backend.app.services.order_service.GenerateVendorUploadFile - (order_service.py:129) - Generating vendor upload for Performance Food / Bakery / 20260325
2026-03-25 13:48:51,009 - INFO - backend.adapters.files.generic_file_adapter.GenericFileAdapter - (generic_file_adapter.py:105) - Skipping unreadable file C:\Users\andrew\Desktop\Andrew\Projects\IthacaBakery\RandomStuff\WorkBot\main\data\orders\Performance Food\Performance Food_Collegetown_20260324.pdf: 'pdf'
2026-03-25 13:48:51,017 - INFO - backend.app.services.order_service.GenerateVendorUploadFile - (order_service.py:129) - Generating vendor upload for Performance Food / Collegetown / 20260324
2026-03-25 13:48:51,054 - INFO - backend.adapters.files.generic_file_adapter.GenericFileAdapter - (generic_file_adapter.py:105) - Skipping unreadable file C:\Users\andrew\Desktop\Andrew\Projects\IthacaBakery\RandomStuff\WorkBot\main\data\orders\Performance Food\Performance Food_Triphammer_20260325.pdf: 'pdf'
2026-03-25 13:48:51,063 - INFO - backend.app.services.order_service.GenerateVendorUploadFile - (order_service.py:129) - Generating vendor upload for Performance Food / Triphammer / 20260325
2026-03-25 13:48:51,074 - INFO - backend.adapters.files.generic_file_adapter.GenericFileAdapter - (generic_file_adapter.py:105) - Skipping unreadable file C:\Users\andrew\Desktop\Andrew\Projects\IthacaBakery\RandomStuff\WorkBot\main\data\orders\US Foods\US Foods_Bakery_20260325.pdf: 'pdf'
2026-03-25 13:48:51,082 - INFO - backend.app.services.order_service.GenerateVendorUploadFile - (order_service.py:129) - Generating vendor upload for US Foods / Bakery / 20260325
2026-03-25 13:48:51,093 - INFO - backend.adapters.files.generic_file_adapter.GenericFileAdapter - (generic_file_adapter.py:105) - Skipping unreadable file C:\Users\andrew\Desktop\Andrew\Projects\IthacaBakery\RandomStuff\WorkBot\main\data\orders\US Foods\US Foods_Collegetown_20260324.pdf: 'pdf'
2026-03-25 13:48:51,099 - INFO - backend.app.services.order_service.GenerateVendorUploadFile - (order_service.py:129) - Generating vendor upload for US Foods / Collegetown / 20260324
2026-03-25 13:48:51,137 - INFO - backend.adapters.files.generic_file_adapter.GenericFileAdapter - (generic_file_adapter.py:105) - Skipping unreadable file C:\Users\andrew\Desktop\Andrew\Projects\IthacaBakery\RandomStuff\WorkBot\main\data\orders\US Foods\US Foods_Triphammer_20260325.pdf: 'pdf'
2026-03-25 13:48:51,145 - INFO - backend.app.services.order_service.GenerateVendorUploadFile - (order_service.py:129) - Generating vendor upload for US Foods / Triphammer / 20260325
2026-03-25 13:48:51,149 - INFO - backend.bots.workbot.work_bot.WorkBot - (work_bot.py:334) - Vendor upload file generation complete. 9 files created.
2026-03-25 13:48:51,149 - INFO - backend.app.cli.panel_cli.CLI - (panel_cli.py:820) - Command 'generate_vendor_upload_files' executed successfully.
2026-03-25 14:05:35,976 - INFO - backend.app.cli.panel_cli.CLI - (panel_cli.py:801) - Dispatching command: download_orders (args=['--stores', 'Triphammer'])
2026-03-25 14:05:42,725 - INFO - backend.bots.craftable_bot.craftable_bot.CraftableBot - (craftable_bot.py:91) - Logging into Craftable.
2026-03-25 14:05:50,560 - INFO - backend.bots.craftable_bot.craftable_bot.CraftableBot - (craftable_bot.py:115) - Login successful.
2026-03-25 14:05:50,560 - INFO - backend.bots.craftable_bot.craftable_bot.CraftableBot - (craftable_bot.py:248) - Beginning download protocol for: stores: ['Triphammer'], vendors: None, download_pdf: True, update: True
2026-03-25 14:05:54,036 - INFO - backend.bots.craftable_bot.craftable_bot.CraftableBot - (craftable_bot.py:575) - Found US Foods in Triphammer's order list.
2026-03-25 14:05:55,743 - INFO - backend.bots.craftable_bot.craftable_bot.CraftableBot - (craftable_bot.py:582) - Now in US Foods order.
2026-03-25 14:05:57,159 - INFO - backend.adapters.downloads.local_download_manager.LocalDownloadManager - (local_download_manager.py:247) - [DownloadManager] Session 317fa6b1-9308-4215-a28b-7a9c4ff58763 -> C:\Users\andrew\Desktop\Andrew\Projects\IthacaBakery\RandomStuff\WorkBot\main\data\downloads\sessions\317fa6b1-9308-4215-a28b-7a9c4ff58763
2026-03-25 14:05:58,815 - INFO - backend.adapters.downloads.local_download_manager.LocalDownloadManager - (local_download_manager.py:286) - [DownloadManager] Cleaned up C:\Users\andrew\Desktop\Andrew\Projects\IthacaBakery\RandomStuff\WorkBot\main\data\downloads\sessions\317fa6b1-9308-4215-a28b-7a9c4ff58763
2026-03-25 14:06:00,022 - INFO - backend.bots.craftable_bot.craftable_bot.CraftableBot - (craftable_bot.py:575) - Found Performance Food in Triphammer's order list.
2026-03-25 14:06:01,290 - INFO - backend.bots.craftable_bot.craftable_bot.CraftableBot - (craftable_bot.py:582) - Now in Performance Food order.
2026-03-25 14:06:03,419 - INFO - backend.adapters.downloads.local_download_manager.LocalDownloadManager - (local_download_manager.py:247) - [DownloadManager] Session a471f5b4-445e-4278-9564-9812cee398d7 -> C:\Users\andrew\Desktop\Andrew\Projects\IthacaBakery\RandomStuff\WorkBot\main\data\downloads\sessions\a471f5b4-445e-4278-9564-9812cee398d7
2026-03-25 14:06:04,778 - INFO - backend.adapters.downloads.local_download_manager.LocalDownloadManager - (local_download_manager.py:286) - [DownloadManager] Cleaned up C:\Users\andrew\Desktop\Andrew\Projects\IthacaBakery\RandomStuff\WorkBot\main\data\downloads\sessions\a471f5b4-445e-4278-9564-9812cee398d7
2026-03-25 14:06:05,834 - INFO - backend.bots.craftable_bot.craftable_bot.CraftableBot - (craftable_bot.py:575) - Found Russo Produce in Triphammer's order list.
2026-03-25 14:06:06,960 - INFO - backend.bots.craftable_bot.craftable_bot.CraftableBot - (craftable_bot.py:582) - Now in Russo Produce order.
2026-03-25 14:06:08,735 - INFO - backend.adapters.downloads.local_download_manager.LocalDownloadManager - (local_download_manager.py:247) - [DownloadManager] Session 8b22c5b1-9957-4752-b053-d71b452c20e9 -> C:\Users\andrew\Desktop\Andrew\Projects\IthacaBakery\RandomStuff\WorkBot\main\data\downloads\sessions\8b22c5b1-9957-4752-b053-d71b452c20e9
2026-03-25 14:06:10,102 - INFO - backend.adapters.downloads.local_download_manager.LocalDownloadManager - (local_download_manager.py:286) - [DownloadManager] Cleaned up C:\Users\andrew\Desktop\Andrew\Projects\IthacaBakery\RandomStuff\WorkBot\main\data\downloads\sessions\8b22c5b1-9957-4752-b053-d71b452c20e9
2026-03-25 14:06:11,637 - INFO - backend.bots.craftable_bot.craftable_bot.CraftableBot - (craftable_bot.py:575) - Found Ithaca Bakery in Triphammer's order list.
2026-03-25 14:06:12,741 - INFO - backend.bots.craftable_bot.craftable_bot.CraftableBot - (craftable_bot.py:582) - Now in Ithaca Bakery order.
2026-03-25 14:06:13,203 - INFO - backend.adapters.downloads.local_download_manager.LocalDownloadManager - (local_download_manager.py:247) - [DownloadManager] Session 35bf65f5-6d33-49ed-aa51-649616b791fb -> C:\Users\andrew\Desktop\Andrew\Projects\IthacaBakery\RandomStuff\WorkBot\main\data\downloads\sessions\35bf65f5-6d33-49ed-aa51-649616b791fb
2026-03-25 14:06:14,570 - INFO - backend.adapters.downloads.local_download_manager.LocalDownloadManager - (local_download_manager.py:286) - [DownloadManager] Cleaned up C:\Users\andrew\Desktop\Andrew\Projects\IthacaBakery\RandomStuff\WorkBot\main\data\downloads\sessions\35bf65f5-6d33-49ed-aa51-649616b791fb
2026-03-25 14:06:15,667 - INFO - backend.bots.craftable_bot.craftable_bot.CraftableBot - (craftable_bot.py:575) - Found UNFI in Triphammer's order list.
2026-03-25 14:06:16,793 - INFO - backend.bots.craftable_bot.craftable_bot.CraftableBot - (craftable_bot.py:582) - Now in UNFI order.
2026-03-25 14:06:16,920 - INFO - backend.adapters.downloads.local_download_manager.LocalDownloadManager - (local_download_manager.py:247) - [DownloadManager] Session 7e6faabb-51a7-480b-9a42-890d8340be6d -> C:\Users\andrew\Desktop\Andrew\Projects\IthacaBakery\RandomStuff\WorkBot\main\data\downloads\sessions\7e6faabb-51a7-480b-9a42-890d8340be6d
2026-03-25 14:06:18,283 - INFO - backend.adapters.downloads.local_download_manager.LocalDownloadManager - (local_download_manager.py:286) - [DownloadManager] Cleaned up C:\Users\andrew\Desktop\Andrew\Projects\IthacaBakery\RandomStuff\WorkBot\main\data\downloads\sessions\7e6faabb-51a7-480b-9a42-890d8340be6d
2026-03-25 14:06:19,382 - INFO - backend.bots.craftable_bot.craftable_bot.CraftableBot - (craftable_bot.py:575) - Found Sysco in Triphammer's order list.
2026-03-25 14:06:20,575 - INFO - backend.bots.craftable_bot.craftable_bot.CraftableBot - (craftable_bot.py:582) - Now in Sysco order.
2026-03-25 14:06:22,125 - INFO - backend.adapters.downloads.local_download_manager.LocalDownloadManager - (local_download_manager.py:247) - [DownloadManager] Session 795b7704-d5cc-48bf-b073-f1c3784fae3a -> C:\Users\andrew\Desktop\Andrew\Projects\IthacaBakery\RandomStuff\WorkBot\main\data\downloads\sessions\795b7704-d5cc-48bf-b073-f1c3784fae3a
2026-03-25 14:06:23,497 - INFO - backend.adapters.downloads.local_download_manager.LocalDownloadManager - (local_download_manager.py:286) - [DownloadManager] Cleaned up C:\Users\andrew\Desktop\Andrew\Projects\IthacaBakery\RandomStuff\WorkBot\main\data\downloads\sessions\795b7704-d5cc-48bf-b073-f1c3784fae3a
2026-03-25 14:06:24,657 - INFO - backend.bots.craftable_bot.craftable_bot.CraftableBot - (craftable_bot.py:575) - Found Webstaurant in Triphammer's order list.
2026-03-25 14:06:25,814 - INFO - backend.bots.craftable_bot.craftable_bot.CraftableBot - (craftable_bot.py:582) - Now in Webstaurant order.
2026-03-25 14:06:25,940 - INFO - backend.adapters.downloads.local_download_manager.LocalDownloadManager - (local_download_manager.py:247) - [DownloadManager] Session 9507252c-3c43-404b-9674-42e3e34bd6cd -> C:\Users\andrew\Desktop\Andrew\Projects\IthacaBakery\RandomStuff\WorkBot\main\data\downloads\sessions\9507252c-3c43-404b-9674-42e3e34bd6cd
2026-03-25 14:06:27,298 - INFO - backend.adapters.downloads.local_download_manager.LocalDownloadManager - (local_download_manager.py:286) - [DownloadManager] Cleaned up C:\Users\andrew\Desktop\Andrew\Projects\IthacaBakery\RandomStuff\WorkBot\main\data\downloads\sessions\9507252c-3c43-404b-9674-42e3e34bd6cd
2026-03-25 14:06:29,037 - INFO - backend.bots.workbot.work_bot.WorkBot - (work_bot.py:145) - [Order Update] Initiating update protocol for Triphammer / US Foods / 20260325.
2026-03-25 14:06:29,644 - INFO - backend.adapters.files.generic_file_adapter.GenericFileAdapter - (generic_file_adapter.py:105) - Skipping unreadable file C:\Users\andrew\Desktop\Andrew\Projects\IthacaBakery\RandomStuff\WorkBot\main\data\orders\US Foods\US Foods_Triphammer_20260325.pdf: 'pdf'
2026-03-25 14:06:29,652 - INFO - backend.app.services.order_service.CheckAndUpdateOrder - (order_service.py:228) - [Order Update] Unchanged - skip overwrite.
2026-03-25 14:06:29,653 - INFO - backend.bots.workbot.work_bot.WorkBot - (work_bot.py:92) - Triphammer's order for US Foods is already up-to-date...skipping.
2026-03-25 14:06:29,653 - INFO - backend.bots.workbot.work_bot.WorkBot - (work_bot.py:145) - [Order Update] Initiating update protocol for Triphammer / Performance Food / 20260325.
2026-03-25 14:06:29,658 - INFO - backend.adapters.files.generic_file_adapter.GenericFileAdapter - (generic_file_adapter.py:105) - Skipping unreadable file C:\Users\andrew\Desktop\Andrew\Projects\IthacaBakery\RandomStuff\WorkBot\main\data\orders\Performance Food\Performance Food_Triphammer_20260325.pdf: 'pdf'
2026-03-25 14:06:29,669 - INFO - backend.app.services.order_service.CheckAndUpdateOrder - (order_service.py:228) - [Order Update] Unchanged - skip overwrite.
2026-03-25 14:06:29,669 - INFO - backend.bots.workbot.work_bot.WorkBot - (work_bot.py:92) - Triphammer's order for Performance Food is already up-to-date...skipping.
2026-03-25 14:06:29,669 - INFO - backend.bots.workbot.work_bot.WorkBot - (work_bot.py:145) - [Order Update] Initiating update protocol for Triphammer / Russo Produce / 20260325.
2026-03-25 14:06:29,676 - INFO - backend.adapters.files.generic_file_adapter.GenericFileAdapter - (generic_file_adapter.py:105) - Skipping unreadable file C:\Users\andrew\Desktop\Andrew\Projects\IthacaBakery\RandomStuff\WorkBot\main\data\orders\Russo Produce\Russo Produce_Triphammer_20260325.pdf: 'pdf'
2026-03-25 14:06:29,706 - INFO - backend.app.services.order_service.CheckAndUpdateOrder - (order_service.py:228) - [Order Update] Changed - overwrite needed.
2026-03-25 14:06:29,706 - INFO - backend.app.services.order_service.SaveOrder - (order_service.py:99) - Saving order Russo Produce / Triphammer / 20260325
2026-03-25 14:06:29,752 - INFO - backend.bots.workbot.work_bot.WorkBot - (work_bot.py:103) - [PDF] Ingested: Order.pdf for Triphammer/Russo Produce
2026-03-25 14:06:29,752 - INFO - backend.bots.workbot.work_bot.WorkBot - (work_bot.py:145) - [Order Update] Initiating update protocol for Triphammer / Ithaca Bakery / 20260325.
2026-03-25 14:06:29,756 - INFO - backend.adapters.files.generic_file_adapter.GenericFileAdapter - (generic_file_adapter.py:105) - Skipping unreadable file C:\Users\andrew\Desktop\Andrew\Projects\IthacaBakery\RandomStuff\WorkBot\main\data\orders\Ithaca Bakery\Ithaca Bakery_Triphammer_20260325.pdf: 'pdf'
2026-03-25 14:06:29,777 - INFO - backend.app.services.order_service.CheckAndUpdateOrder - (order_service.py:228) - [Order Update] Changed - overwrite needed.
2026-03-25 14:06:29,777 - INFO - backend.app.services.order_service.SaveOrder - (order_service.py:99) - Saving order Ithaca Bakery / Triphammer / 20260325
2026-03-25 14:06:29,935 - INFO - backend.bots.workbot.work_bot.WorkBot - (work_bot.py:103) - [PDF] Ingested: Order.pdf for Triphammer/Ithaca Bakery
2026-03-25 14:06:29,935 - INFO - backend.bots.workbot.work_bot.WorkBot - (work_bot.py:145) - [Order Update] Initiating update protocol for Triphammer / UNFI / 20260325.
2026-03-25 14:06:29,942 - INFO - backend.adapters.files.generic_file_adapter.GenericFileAdapter - (generic_file_adapter.py:105) - Skipping unreadable file C:\Users\andrew\Desktop\Andrew\Projects\IthacaBakery\RandomStuff\WorkBot\main\data\orders\UNFI\UNFI_Triphammer_20260325.pdf: 'pdf'
2026-03-25 14:06:29,951 - INFO - backend.app.services.order_service.CheckAndUpdateOrder - (order_service.py:228) - [Order Update] Unchanged - skip overwrite.
2026-03-25 14:06:29,952 - INFO - backend.bots.workbot.work_bot.WorkBot - (work_bot.py:92) - Triphammer's order for UNFI is already up-to-date...skipping.
2026-03-25 14:06:29,952 - INFO - backend.bots.workbot.work_bot.WorkBot - (work_bot.py:145) - [Order Update] Initiating update protocol for Triphammer / Sysco / 20260325.
2026-03-25 14:06:29,958 - INFO - backend.adapters.files.generic_file_adapter.GenericFileAdapter - (generic_file_adapter.py:105) - Skipping unreadable file C:\Users\andrew\Desktop\Andrew\Projects\IthacaBakery\RandomStuff\WorkBot\main\data\orders\Sysco\Sysco_Triphammer_20260325.pdf: 'pdf'
2026-03-25 14:06:29,966 - INFO - backend.app.services.order_service.CheckAndUpdateOrder - (order_service.py:228) - [Order Update] Unchanged - skip overwrite.
2026-03-25 14:06:29,966 - INFO - backend.bots.workbot.work_bot.WorkBot - (work_bot.py:92) - Triphammer's order for Sysco is already up-to-date...skipping.
2026-03-25 14:06:29,966 - INFO - backend.bots.workbot.work_bot.WorkBot - (work_bot.py:145) - [Order Update] Initiating update protocol for Triphammer / Webstaurant / 20260325.
2026-03-25 14:06:29,974 - INFO - backend.adapters.files.generic_file_adapter.GenericFileAdapter - (generic_file_adapter.py:105) - Skipping unreadable file C:\Users\andrew\Desktop\Andrew\Projects\IthacaBakery\RandomStuff\WorkBot\main\data\orders\Webstaurant\Webstaurant_Triphammer_20260325.pdf: 'pdf'
2026-03-25 14:06:29,983 - INFO - backend.app.services.order_service.CheckAndUpdateOrder - (order_service.py:228) - [Order Update] Unchanged - skip overwrite.
2026-03-25 14:06:29,983 - INFO - backend.bots.workbot.work_bot.WorkBot - (work_bot.py:92) - Triphammer's order for Webstaurant is already up-to-date...skipping.
2026-03-25 14:06:29,983 - INFO - backend.bots.workbot.work_bot.WorkBot - (work_bot.py:119) - Craftable order sync completed successfully.
2026-03-25 14:06:29,983 - INFO - backend.app.cli.panel_cli.CLI - (panel_cli.py:820) - Command 'download_orders' executed successfully.
2026-03-25 14:18:37,260 - INFO - backend.adapters.files.generic_file_adapter.GenericFileAdapter - (generic_file_adapter.py:105) - Skipping unreadable file C:\Users\andrew\Desktop\Andrew\Projects\IthacaBakery\RandomStuff\WorkBot\main\backend\infra\config\vendors\__init__.py: 'py'
2026-03-25 14:18:38,068 - INFO - backend.adapters.files.generic_file_adapter.GenericFileAdapter - (generic_file_adapter.py:105) - Skipping unreadable file C:\Users\andrew\Desktop\Andrew\Projects\IthacaBakery\RandomStuff\WorkBot\main\backend\infra\config\vendors\__init__.py: 'py'
2026-03-25 14:18:38,229 - INFO - backend.adapters.files.generic_file_adapter.GenericFileAdapter - (generic_file_adapter.py:105) - Skipping unreadable file C:\Users\andrew\Desktop\Andrew\Projects\IthacaBakery\RandomStuff\WorkBot\main\backend\infra\config\vendors\__init__.py: 'py'
2026-03-25 14:18:38,347 - INFO - backend.adapters.files.generic_file_adapter.GenericFileAdapter - (generic_file_adapter.py:105) - Skipping unreadable file C:\Users\andrew\Desktop\Andrew\Projects\IthacaBakery\RandomStuff\WorkBot\main\backend\infra\config\vendors\__init__.py: 'py'
2026-03-25 14:18:39,505 - INFO - backend.app.cli.panel_cli.CLI - (panel_cli.py:801) - Dispatching command: generate_vendor_order_emails (args=['--vendors', 'Russo Produce'])
2026-03-25 14:18:39,508 - INFO - backend.app.services.email_service.EmailServices - (email_service.py:53) - Preparing vendor order emails...
2026-03-25 14:18:39,508 - INFO - backend.app.services.order_service.GetOrders - (order_service.py:65) - Getting orders: vendors=['Russo Produce'], stores=['Bakery', 'Collegetown', 'Downtown', 'Easthill', 'Syracuse', 'Triphammer'], dates=None
2026-03-25 14:18:39,559 - INFO - backend.adapters.files.generic_file_adapter.GenericFileAdapter - (generic_file_adapter.py:105) - Skipping unreadable file C:\Users\andrew\Desktop\Andrew\Projects\IthacaBakery\RandomStuff\WorkBot\main\data\orders\Russo Produce\Russo Produce_Triphammer_20260325.pdf: 'pdf'
2026-03-25 14:18:39,581 - INFO - backend.app.services.order_service.GetOrders - (order_service.py:73) - Retrieved 1 orders.
2026-03-25 14:18:39,592 - INFO - backend.adapters.files.generic_file_adapter.GenericFileAdapter - (generic_file_adapter.py:105) - Skipping unreadable file C:\Users\andrew\Desktop\Andrew\Projects\IthacaBakery\RandomStuff\WorkBot\main\backend\infra\config\vendors\__init__.py: 'py'
2026-03-25 14:18:40,164 - INFO - backend.app.services.email_service.EmailServices - (email_service.py:90) - Prepared 1 vendor email(s).
2026-03-25 14:18:40,165 - INFO - backend.app.cli.panel_cli.CLI - (panel_cli.py:820) - Command 'generate_vendor_order_emails' executed successfully.
2026-03-25 14:19:42,677 - INFO - backend.adapters.files.generic_file_adapter.GenericFileAdapter - (generic_file_adapter.py:105) - Skipping unreadable file C:\Users\andrew\Desktop\Andrew\Projects\IthacaBakery\RandomStuff\WorkBot\main\backend\infra\config\vendors\__init__.py: 'py'
2026-03-25 14:19:44,285 - INFO - backend.adapters.files.generic_file_adapter.GenericFileAdapter - (generic_file_adapter.py:105) - Skipping unreadable file C:\Users\andrew\Desktop\Andrew\Projects\IthacaBakery\RandomStuff\WorkBot\main\backend\infra\config\vendors\__init__.py: 'py'
2026-03-25 14:19:46,158 - INFO - backend.adapters.files.generic_file_adapter.GenericFileAdapter - (generic_file_adapter.py:105) - Skipping unreadable file C:\Users\andrew\Desktop\Andrew\Projects\IthacaBakery\RandomStuff\WorkBot\main\backend\infra\config\vendors\__init__.py: 'py'
2026-03-25 14:19:46,293 - INFO - backend.adapters.files.generic_file_adapter.GenericFileAdapter - (generic_file_adapter.py:105) - Skipping unreadable file C:\Users\andrew\Desktop\Andrew\Projects\IthacaBakery\RandomStuff\WorkBot\main\backend\infra\config\vendors\__init__.py: 'py'
2026-03-25 14:19:46,373 - INFO - backend.adapters.files.generic_file_adapter.GenericFileAdapter - (generic_file_adapter.py:105) - Skipping unreadable file C:\Users\andrew\Desktop\Andrew\Projects\IthacaBakery\RandomStuff\WorkBot\main\backend\infra\config\vendors\__init__.py: 'py'
2026-03-25 14:19:46,476 - INFO - backend.adapters.files.generic_file_adapter.GenericFileAdapter - (generic_file_adapter.py:105) - Skipping unreadable file C:\Users\andrew\Desktop\Andrew\Projects\IthacaBakery\RandomStuff\WorkBot\main\backend\infra\config\vendors\__init__.py: 'py'
2026-03-25 14:19:46,612 - INFO - backend.adapters.files.generic_file_adapter.GenericFileAdapter - (generic_file_adapter.py:105) - Skipping unreadable file C:\Users\andrew\Desktop\Andrew\Projects\IthacaBakery\RandomStuff\WorkBot\main\backend\infra\config\vendors\__init__.py: 'py'
2026-03-25 14:19:46,733 - INFO - backend.adapters.files.generic_file_adapter.GenericFileAdapter - (generic_file_adapter.py:105) - Skipping unreadable file C:\Users\andrew\Desktop\Andrew\Projects\IthacaBakery\RandomStuff\WorkBot\main\backend\infra\config\vendors\__init__.py: 'py'
2026-03-25 14:19:48,857 - INFO - backend.app.cli.panel_cli.CLI - (panel_cli.py:801) - Dispatching command: generate_vendor_order_emails (args=['--vendors', 'FingerLakes Farms'])
2026-03-25 14:19:48,860 - INFO - backend.app.services.email_service.EmailServices - (email_service.py:53) - Preparing vendor order emails...
2026-03-25 14:19:48,860 - INFO - backend.app.services.order_service.GetOrders - (order_service.py:65) - Getting orders: vendors=['FingerLakes Farms'], stores=['Bakery', 'Collegetown', 'Downtown', 'Easthill', 'Syracuse', 'Triphammer'], dates=None
2026-03-25 14:19:48,864 - INFO - backend.adapters.files.generic_file_adapter.GenericFileAdapter - (generic_file_adapter.py:105) - Skipping unreadable file C:\Users\andrew\Desktop\Andrew\Projects\IthacaBakery\RandomStuff\WorkBot\main\data\orders\FingerLakes Farms\FingerLakes Farms_Bakery_20260324.pdf: 'pdf'
2026-03-25 14:19:48,880 - INFO - backend.adapters.files.generic_file_adapter.GenericFileAdapter - (generic_file_adapter.py:105) - Skipping unreadable file C:\Users\andrew\Desktop\Andrew\Projects\IthacaBakery\RandomStuff\WorkBot\main\data\orders\FingerLakes Farms\FingerLakes Farms_Collegetown_20260324.pdf: 'pdf'
2026-03-25 14:19:48,926 - INFO - backend.app.services.order_service.GetOrders - (order_service.py:73) - Retrieved 2 orders.
2026-03-25 14:19:48,937 - INFO - backend.adapters.files.generic_file_adapter.GenericFileAdapter - (generic_file_adapter.py:105) - Skipping unreadable file C:\Users\andrew\Desktop\Andrew\Projects\IthacaBakery\RandomStuff\WorkBot\main\backend\infra\config\vendors\__init__.py: 'py'
2026-03-25 14:19:49,301 - INFO - backend.app.services.email_service.EmailServices - (email_service.py:90) - Prepared 1 vendor email(s).
2026-03-25 14:19:49,301 - INFO - backend.app.cli.panel_cli.CLI - (panel_cli.py:820) - Command 'generate_vendor_order_emails' executed successfully.
2026-03-25 14:22:56,016 - INFO - backend.adapters.files.generic_file_adapter.GenericFileAdapter - (generic_file_adapter.py:105) - Skipping unreadable file C:\Users\andrew\Desktop\Andrew\Projects\IthacaBakery\RandomStuff\WorkBot\main\backend\infra\config\vendors\__init__.py: 'py'
2026-03-25 14:22:56,537 - INFO - backend.adapters.files.generic_file_adapter.GenericFileAdapter - (generic_file_adapter.py:105) - Skipping unreadable file C:\Users\andrew\Desktop\Andrew\Projects\IthacaBakery\RandomStuff\WorkBot\main\backend\infra\config\vendors\__init__.py: 'py'
2026-03-25 14:22:58,527 - INFO - backend.adapters.files.generic_file_adapter.GenericFileAdapter - (generic_file_adapter.py:105) - Skipping unreadable file C:\Users\andrew\Desktop\Andrew\Projects\IthacaBakery\RandomStuff\WorkBot\main\backend\infra\config\vendors\__init__.py: 'py'
2026-03-25 14:23:00,851 - INFO - backend.app.cli.panel_cli.CLI - (panel_cli.py:801) - Dispatching command: display_order (args=['--vendor', 'DUTCH VALLEY FOOD DIST', '--store', 'Bakery'])
2026-03-25 14:23:00,852 - INFO - backend.bots.workbot.work_bot.WorkBot - (work_bot.py:198) - Retrieving orders for: stores=['Bakery'], vendors=['DUTCH VALLEY FOOD DIST']
2026-03-25 14:23:00,852 - INFO - backend.app.services.order_service.GetOrders - (order_service.py:65) - Getting orders: vendors=['DUTCH VALLEY FOOD DIST'], stores=['Bakery'], dates=None
2026-03-25 14:23:00,856 - INFO - backend.adapters.files.generic_file_adapter.GenericFileAdapter - (generic_file_adapter.py:105) - Skipping unreadable file C:\Users\andrew\Desktop\Andrew\Projects\IthacaBakery\RandomStuff\WorkBot\main\data\orders\DUTCH VALLEY FOOD DIST\DUTCH VALLEY FOOD DIST_Bakery_20260325.pdf: 'pdf'
2026-03-25 14:23:00,868 - INFO - backend.app.services.order_service.GetOrders - (order_service.py:73) - Retrieved 1 orders.
2026-03-25 14:23:00,869 - INFO - backend.app.cli.panel_cli.CLI - (panel_cli.py:820) - Command 'display_order' executed successfully.
2026-03-25 15:07:38,022 - INFO - backend.adapters.files.generic_file_adapter.GenericFileAdapter - (generic_file_adapter.py:105) - Skipping unreadable file C:\Users\andrew\Desktop\Andrew\Projects\IthacaBakery\RandomStuff\WorkBot\main\backend\infra\config\vendors\__init__.py: 'py'
2026-03-25 15:07:38,195 - INFO - backend.adapters.files.generic_file_adapter.GenericFileAdapter - (generic_file_adapter.py:105) - Skipping unreadable file C:\Users\andrew\Desktop\Andrew\Projects\IthacaBakery\RandomStuff\WorkBot\main\backend\infra\config\vendors\__init__.py: 'py'
2026-03-25 15:07:38,340 - INFO - backend.adapters.files.generic_file_adapter.GenericFileAdapter - (generic_file_adapter.py:105) - Skipping unreadable file C:\Users\andrew\Desktop\Andrew\Projects\IthacaBakery\RandomStuff\WorkBot\main\backend\infra\config\vendors\__init__.py: 'py'
2026-03-25 15:07:39,032 - INFO - backend.app.cli.panel_cli.CLI - (panel_cli.py:801) - Dispatching command: display_order (args=['--store', 'Triphammer', '--vendor', 'Ithaca Bakery'])
2026-03-25 15:07:39,033 - INFO - backend.bots.workbot.work_bot.WorkBot - (work_bot.py:198) - Retrieving orders for: stores=['Triphammer'], vendors=['Ithaca Bakery']
2026-03-25 15:07:39,033 - INFO - backend.app.services.order_service.GetOrders - (order_service.py:65) - Getting orders: vendors=['Ithaca Bakery'], stores=['Triphammer'], dates=None
2026-03-25 15:07:39,038 - INFO - backend.adapters.files.generic_file_adapter.GenericFileAdapter - (generic_file_adapter.py:105) - Skipping unreadable file C:\Users\andrew\Desktop\Andrew\Projects\IthacaBakery\RandomStuff\WorkBot\main\data\orders\Ithaca Bakery\Ithaca Bakery_Triphammer_20260325.pdf: 'pdf'
2026-03-25 15:07:39,058 - INFO - backend.app.services.order_service.GetOrders - (order_service.py:73) - Retrieved 1 orders.
2026-03-25 15:07:39,059 - INFO - backend.app.cli.panel_cli.CLI - (panel_cli.py:820) - Command 'display_order' executed successfully.
2026-03-25 15:17:17,323 - INFO - backend.app.cli.panel_cli.CLI - (panel_cli.py:858) - Exiting CLI.
