2025-10-29 14:43:55,739 - INFO - backend.app.application.orders.ArchiveOrder - (orders.py:96) - Archiving order A.L. George / Collegetown / 20251024
2025-10-29 14:43:55,741 - INFO - backend.app.application.orders.ArchiveOrder - (orders.py:96) - Archiving order BALKAN BEVERAGE LLC / Collegetown / 20251024
2025-10-29 14:43:55,743 - INFO - backend.app.application.orders.ArchiveOrder - (orders.py:96) - Archiving order Coffee Depot LLC / Collegetown / 20251024
2025-10-29 14:43:55,745 - INFO - backend.app.application.orders.ArchiveOrder - (orders.py:96) - Archiving order Hill & Markes / Collegetown / 20251024
2025-10-29 14:43:55,748 - INFO - backend.app.application.orders.ArchiveOrder - (orders.py:96) - Archiving order Hillcrest Dairy / Collegetown / 20251024
2025-10-29 14:43:55,750 - INFO - backend.app.application.orders.ArchiveOrder - (orders.py:96) - Archiving order Performance Food / Collegetown / 20251024
2025-10-29 14:43:55,752 - INFO - backend.app.application.orders.ArchiveOrder - (orders.py:96) - Archiving order Peters Supply / Collegetown / 20251024
2025-10-29 14:43:55,754 - INFO - backend.app.application.orders.ArchiveOrder - (orders.py:96) - Archiving order Sysco / Collegetown / 20251024
2025-10-29 14:43:55,756 - INFO - backend.app.application.orders.ArchiveOrder - (orders.py:96) - Archiving order UNFI / Collegetown / 20251024
2025-10-29 14:43:55,758 - INFO - backend.app.application.orders.ArchiveOrder - (orders.py:96) - Archiving order US Foods / Collegetown / 20251024
2025-11-01 13:03:54,800 - INFO - backend.app.application.orders.ArchiveOrder - (orders.py:96) - Archiving order A.L. George / Bakery / 20251027
2025-11-01 13:03:54,803 - INFO - backend.app.application.orders.ArchiveOrder - (orders.py:96) - Archiving order BALKAN BEVERAGE LLC / Bakery / 20251027
2025-11-01 13:03:54,804 - INFO - backend.app.application.orders.ArchiveOrder - (orders.py:96) - Archiving order Coffee Depot LLC / Bakery / 20251025
2025-11-01 13:03:54,806 - INFO - backend.app.application.orders.ArchiveOrder - (orders.py:96) - Archiving order FingerLakes Farms / Bakery / 20251025
2025-11-01 13:03:54,808 - INFO - backend.app.application.orders.ArchiveOrder - (orders.py:96) - Archiving order Hill & Markes / Bakery / 20251026
2025-11-01 13:03:54,810 - INFO - backend.app.application.orders.ArchiveOrder - (orders.py:96) - Archiving order Hillcrest Dairy / Bakery / 20251025
2025-11-01 13:03:54,812 - INFO - backend.app.application.orders.ArchiveOrder - (orders.py:96) - Archiving order Hillcrest Foods / Bakery / 20251027
2025-11-01 13:03:54,813 - INFO - backend.app.application.orders.ArchiveOrder - (orders.py:96) - Archiving order Performance Food / Bakery / 20251026
2025-11-01 13:03:54,815 - INFO - backend.app.application.orders.ArchiveOrder - (orders.py:96) - Archiving order Peters Supply / Bakery / 20251028
2025-11-01 13:03:54,817 - INFO - backend.app.application.orders.ArchiveOrder - (orders.py:96) - Archiving order Sysco / Bakery / 20251025
2025-11-01 13:03:54,819 - INFO - backend.app.application.orders.ArchiveOrder - (orders.py:96) - Archiving order UNFI / Bakery / 20251101
2025-11-01 13:03:54,822 - INFO - backend.app.application.orders.ArchiveOrder - (orders.py:96) - Archiving order US Foods / Bakery / 20251026
2025-11-01 13:04:21,478 - INFO - backend.app.application.orders.ArchiveOrder - (orders.py:96) - Archiving order A.L. George / Bakery / 20251027
2025-11-01 13:04:21,481 - INFO - backend.app.application.orders.ArchiveOrder - (orders.py:96) - Archiving order BALKAN BEVERAGE LLC / Bakery / 20251027
2025-11-01 13:04:21,482 - INFO - backend.app.application.orders.ArchiveOrder - (orders.py:96) - Archiving order Coffee Depot LLC / Bakery / 20251025
2025-11-01 13:04:21,484 - INFO - backend.app.application.orders.ArchiveOrder - (orders.py:96) - Archiving order FingerLakes Farms / Bakery / 20251025
2025-11-01 13:04:21,486 - INFO - backend.app.application.orders.ArchiveOrder - (orders.py:96) - Archiving order Hill & Markes / Bakery / 20251026
2025-11-01 13:04:21,488 - INFO - backend.app.application.orders.ArchiveOrder - (orders.py:96) - Archiving order Hillcrest Dairy / Bakery / 20251025
2025-11-01 13:04:21,490 - INFO - backend.app.application.orders.ArchiveOrder - (orders.py:96) - Archiving order Hillcrest Foods / Bakery / 20251027
2025-11-01 13:04:21,492 - INFO - backend.app.application.orders.ArchiveOrder - (orders.py:96) - Archiving order Performance Food / Bakery / 20251026
2025-11-01 13:04:21,494 - INFO - backend.app.application.orders.ArchiveOrder - (orders.py:96) - Archiving order Peters Supply / Bakery / 20251028
2025-11-01 13:04:21,495 - INFO - backend.app.application.orders.ArchiveOrder - (orders.py:96) - Archiving order Sysco / Bakery / 20251025
2025-11-01 13:04:21,497 - INFO - backend.app.application.orders.ArchiveOrder - (orders.py:96) - Archiving order UNFI / Bakery / 20251101
2025-11-01 13:04:21,500 - INFO - backend.app.application.orders.ArchiveOrder - (orders.py:96) - Archiving order US Foods / Bakery / 20251026
2025-11-01 13:07:07,847 - INFO - backend.app.application.orders.ArchiveOrder - (orders.py:96) - Archiving order A.L. George / Bakery / 20251027
2025-11-01 13:07:07,849 - INFO - backend.app.application.orders.ArchiveOrder - (orders.py:96) - Archiving order BALKAN BEVERAGE LLC / Bakery / 20251027
2025-11-01 13:07:07,852 - INFO - backend.app.application.orders.ArchiveOrder - (orders.py:96) - Archiving order Coffee Depot LLC / Bakery / 20251025
2025-11-01 13:07:07,854 - INFO - backend.app.application.orders.ArchiveOrder - (orders.py:96) - Archiving order FingerLakes Farms / Bakery / 20251025
2025-11-01 13:07:07,856 - INFO - backend.app.application.orders.ArchiveOrder - (orders.py:96) - Archiving order Hill & Markes / Bakery / 20251026
2025-11-01 13:07:07,858 - INFO - backend.app.application.orders.ArchiveOrder - (orders.py:96) - Archiving order Hillcrest Dairy / Bakery / 20251025
2025-11-01 13:07:07,860 - INFO - backend.app.application.orders.ArchiveOrder - (orders.py:96) - Archiving order Hillcrest Foods / Bakery / 20251027
2025-11-01 13:07:07,862 - INFO - backend.app.application.orders.ArchiveOrder - (orders.py:96) - Archiving order Performance Food / Bakery / 20251026
2025-11-01 13:07:07,864 - INFO - backend.app.application.orders.ArchiveOrder - (orders.py:96) - Archiving order Peters Supply / Bakery / 20251028
2025-11-01 13:07:07,866 - INFO - backend.app.application.orders.ArchiveOrder - (orders.py:96) - Archiving order Sysco / Bakery / 20251025
2025-11-01 13:07:07,868 - INFO - backend.app.application.orders.ArchiveOrder - (orders.py:96) - Archiving order UNFI / Bakery / 20251101
2025-11-01 13:07:07,873 - INFO - backend.app.application.orders.ArchiveOrder - (orders.py:96) - Archiving order US Foods / Bakery / 20251026
2025-11-05 08:37:02,753 - INFO - backend.app.application.orders.ArchiveOrder - (orders.py:97) - Archiving order A.L. George / Collegetown / 20251031
2025-11-05 08:37:02,758 - INFO - backend.app.application.orders.ArchiveOrder - (orders.py:97) - Archiving order A.L. George / Triphammer / 20251031
2025-11-05 08:37:02,763 - INFO - backend.app.application.orders.ArchiveOrder - (orders.py:97) - Archiving order A.L. George / Bakery / 20251103
2025-11-05 08:37:02,767 - INFO - backend.app.application.orders.ArchiveOrder - (orders.py:97) - Archiving order BALKAN BEVERAGE LLC / Collegetown / 20251031
2025-11-05 08:37:02,771 - INFO - backend.app.application.orders.ArchiveOrder - (orders.py:97) - Archiving order BALKAN BEVERAGE LLC / Bakery / 20251103
2025-11-05 08:37:02,775 - INFO - backend.app.application.orders.ArchiveOrder - (orders.py:97) - Archiving order Coffee Depot LLC / Easthill / 20251031
2025-11-05 08:37:02,780 - INFO - backend.app.application.orders.ArchiveOrder - (orders.py:97) - Archiving order Coffee Depot LLC / Downtown / 20251031
2025-11-05 08:37:02,785 - INFO - backend.app.application.orders.ArchiveOrder - (orders.py:97) - Archiving order Coffee Depot LLC / Collegetown / 20251031
2025-11-05 08:37:02,789 - INFO - backend.app.application.orders.ArchiveOrder - (orders.py:97) - Archiving order Coffee Depot LLC / Triphammer / 20251031
2025-11-05 08:37:02,793 - INFO - backend.app.application.orders.ArchiveOrder - (orders.py:97) - Archiving order Coffee Depot LLC / Bakery / 20251102
2025-11-05 08:37:02,798 - INFO - backend.app.application.orders.ArchiveOrder - (orders.py:97) - Archiving order Copper Horse Coffee / Easthill / 20251031
2025-11-05 08:37:02,802 - INFO - backend.app.application.orders.ArchiveOrder - (orders.py:97) - Archiving order Copper Horse Coffee / Downtown / 20251031
2025-11-05 08:37:02,806 - INFO - backend.app.application.orders.ArchiveOrder - (orders.py:97) - Archiving order Copper Horse Coffee / Collegetown / 20251024
2025-11-05 08:37:02,808 - INFO - backend.app.application.orders.ArchiveOrder - (orders.py:97) - Archiving order Copper Horse Coffee / Triphammer / 20251031
2025-11-05 08:37:02,813 - INFO - backend.app.application.orders.ArchiveOrder - (orders.py:97) - Archiving order Copper Horse Coffee / Bakery / 20251102
2025-11-05 08:37:02,817 - INFO - backend.app.application.orders.ArchiveOrder - (orders.py:97) - Archiving order Equal Exchange / Easthill / 20251031
2025-11-05 08:37:02,821 - INFO - backend.app.application.orders.ArchiveOrder - (orders.py:97) - Archiving order Equal Exchange / Downtown / 20251031
2025-11-05 08:37:02,826 - INFO - backend.app.application.orders.ArchiveOrder - (orders.py:97) - Archiving order Equal Exchange / Collegetown / 20251031
2025-11-05 08:37:02,830 - INFO - backend.app.application.orders.ArchiveOrder - (orders.py:97) - Archiving order Equal Exchange / Triphammer / 20251031
2025-11-05 08:37:02,834 - INFO - backend.app.application.orders.ArchiveOrder - (orders.py:97) - Archiving order Equal Exchange / Bakery / 20251102
2025-11-05 08:37:02,839 - INFO - backend.app.application.orders.ArchiveOrder - (orders.py:97) - Archiving order FingerLakes Farms / Easthill / 20251031
2025-11-05 08:37:02,843 - INFO - backend.app.application.orders.ArchiveOrder - (orders.py:97) - Archiving order FingerLakes Farms / Downtown / 20251031
2025-11-05 08:37:02,848 - INFO - backend.app.application.orders.ArchiveOrder - (orders.py:97) - Archiving order FingerLakes Farms / Collegetown / 20251031
2025-11-05 08:37:02,852 - INFO - backend.app.application.orders.ArchiveOrder - (orders.py:97) - Archiving order FingerLakes Farms / Triphammer / 20251031
2025-11-05 08:37:02,856 - INFO - backend.app.application.orders.ArchiveOrder - (orders.py:97) - Archiving order FingerLakes Farms / Bakery / 20251101
2025-11-05 08:37:02,860 - INFO - backend.app.application.orders.ArchiveOrder - (orders.py:97) - Archiving order Hill & Markes / Easthill / 20251031
2025-11-05 08:37:02,865 - INFO - backend.app.application.orders.ArchiveOrder - (orders.py:97) - Archiving order Hill & Markes / Downtown / 20251031
2025-11-05 08:37:02,869 - INFO - backend.app.application.orders.ArchiveOrder - (orders.py:97) - Archiving order Hill & Markes / Collegetown / 20251031
2025-11-05 08:37:02,873 - INFO - backend.app.application.orders.ArchiveOrder - (orders.py:97) - Archiving order Hill & Markes / Triphammer / 20251031
2025-11-05 08:37:02,878 - INFO - backend.app.application.orders.ArchiveOrder - (orders.py:97) - Archiving order Hill & Markes / Bakery / 20251102
2025-11-05 08:37:02,882 - INFO - backend.app.application.orders.ArchiveOrder - (orders.py:97) - Archiving order Hillcrest Dairy / Easthill / 20251031
2025-11-05 08:37:02,887 - INFO - backend.app.application.orders.ArchiveOrder - (orders.py:97) - Archiving order Hillcrest Dairy / Downtown / 20251031
2025-11-05 08:37:02,891 - INFO - backend.app.application.orders.ArchiveOrder - (orders.py:97) - Archiving order Hillcrest Dairy / Collegetown / 20251031
2025-11-05 08:37:02,895 - INFO - backend.app.application.orders.ArchiveOrder - (orders.py:97) - Archiving order Hillcrest Dairy / Triphammer / 20251031
2025-11-05 08:37:02,900 - INFO - backend.app.application.orders.ArchiveOrder - (orders.py:97) - Archiving order Hillcrest Dairy / Bakery / 20251101
2025-11-05 08:37:02,904 - INFO - backend.app.application.orders.ArchiveOrder - (orders.py:97) - Archiving order Hillcrest Foods / Easthill / 20251101
2025-11-05 08:37:02,909 - INFO - backend.app.application.orders.ArchiveOrder - (orders.py:97) - Archiving order Hillcrest Foods / Bakery / 20251102
2025-11-05 08:37:02,913 - INFO - backend.app.application.orders.ArchiveOrder - (orders.py:97) - Archiving order Performance Food / Easthill / 20251031
2025-11-05 08:37:02,918 - INFO - backend.app.application.orders.ArchiveOrder - (orders.py:97) - Archiving order Performance Food / Downtown / 20251031
2025-11-05 08:37:02,922 - INFO - backend.app.application.orders.ArchiveOrder - (orders.py:97) - Archiving order Performance Food / Collegetown / 20251031
2025-11-05 08:37:02,927 - INFO - backend.app.application.orders.ArchiveOrder - (orders.py:97) - Archiving order Performance Food / Triphammer / 20251031
2025-11-05 08:37:02,931 - INFO - backend.app.application.orders.ArchiveOrder - (orders.py:97) - Archiving order Performance Food / Bakery / 20251101
2025-11-05 08:37:02,936 - INFO - backend.app.application.orders.ArchiveOrder - (orders.py:97) - Archiving order Peters Supply / Easthill / 20251031
2025-11-05 08:37:02,940 - INFO - backend.app.application.orders.ArchiveOrder - (orders.py:97) - Archiving order Peters Supply / Downtown / 20251031
2025-11-05 08:37:02,944 - INFO - backend.app.application.orders.ArchiveOrder - (orders.py:97) - Archiving order Peters Supply / Collegetown / 20251031
2025-11-05 08:37:02,949 - INFO - backend.app.application.orders.ArchiveOrder - (orders.py:97) - Archiving order Peters Supply / Triphammer / 20251031
2025-11-05 08:37:02,953 - INFO - backend.app.application.orders.ArchiveOrder - (orders.py:97) - Archiving order Peters Supply / Bakery / 20251104
2025-11-05 08:37:02,957 - INFO - backend.app.application.orders.ArchiveOrder - (orders.py:97) - Archiving order Russo Produce / Triphammer / 20251102
2025-11-05 08:37:02,961 - INFO - backend.app.application.orders.ArchiveOrder - (orders.py:97) - Archiving order Sysco / Easthill / 20251031
2025-11-05 08:37:02,966 - INFO - backend.app.application.orders.ArchiveOrder - (orders.py:97) - Archiving order Sysco / Downtown / 20251031
2025-11-05 08:37:02,970 - INFO - backend.app.application.orders.ArchiveOrder - (orders.py:97) - Archiving order Sysco / Collegetown / 20251031
2025-11-05 08:37:02,974 - INFO - backend.app.application.orders.ArchiveOrder - (orders.py:97) - Archiving order Sysco / Triphammer / 20251031
2025-11-05 08:37:02,979 - INFO - backend.app.application.orders.ArchiveOrder - (orders.py:97) - Archiving order Sysco / Bakery / 20251101
2025-11-05 08:37:02,983 - INFO - backend.app.application.orders.ArchiveOrder - (orders.py:97) - Archiving order UNFI / Easthill / 20251031
2025-11-05 08:37:02,987 - INFO - backend.app.application.orders.ArchiveOrder - (orders.py:97) - Archiving order UNFI / Downtown / 20251031
2025-11-05 08:37:02,992 - INFO - backend.app.application.orders.ArchiveOrder - (orders.py:97) - Archiving order UNFI / Collegetown / 20251031
2025-11-05 08:37:02,996 - INFO - backend.app.application.orders.ArchiveOrder - (orders.py:97) - Archiving order UNFI / Triphammer / 20251031
2025-11-05 08:37:03,001 - INFO - backend.app.application.orders.ArchiveOrder - (orders.py:97) - Archiving order UNFI / Bakery / 20251101
2025-11-05 08:37:03,005 - INFO - backend.app.application.orders.ArchiveOrder - (orders.py:97) - Archiving order US Foods / Easthill / 20251031
2025-11-05 08:37:03,009 - INFO - backend.app.application.orders.ArchiveOrder - (orders.py:97) - Archiving order US Foods / Downtown / 20251031
2025-11-05 08:37:03,014 - INFO - backend.app.application.orders.ArchiveOrder - (orders.py:97) - Archiving order US Foods / Collegetown / 20251031
2025-11-05 08:37:03,018 - INFO - backend.app.application.orders.ArchiveOrder - (orders.py:97) - Archiving order US Foods / Triphammer / 20251031
2025-11-05 08:37:03,022 - INFO - backend.app.application.orders.ArchiveOrder - (orders.py:97) - Archiving order US Foods / Bakery / 20251102
