2025-10-25 13:33:45,681 - INFO - backend.app.application.orders.CombineOrders - (orders.py:75) - Merging all orders for: ['Ithaca Bakery']
2025-10-25 13:35:15,339 - INFO - backend.app.application.orders.CombineOrders - (orders.py:75) - Merging all orders for: ['Ithaca Bakery']
2025-10-25 13:36:16,483 - INFO - backend.app.application.orders.CombineOrders - (orders.py:75) - Merging all orders for: ['Ithaca Bakery']
2025-10-25 13:38:50,853 - INFO - backend.app.application.orders.CombineOrders - (orders.py:75) - Merging all orders for: ['Ithaca Bakery']
2025-10-25 13:39:44,990 - INFO - backend.app.application.orders.CombineOrders - (orders.py:75) - Merging all orders for: ['Ithaca Bakery']
2025-10-25 13:40:52,015 - INFO - backend.app.application.orders.CombineOrders - (orders.py:75) - Merging all orders for: ['Ithaca Bakery']
2025-10-25 13:43:23,761 - INFO - backend.app.application.orders.CombineOrders - (orders.py:75) - Merging all orders for: ['Ithaca Bakery']
2025-10-25 13:44:13,354 - INFO - backend.app.application.orders.CombineOrders - (orders.py:75) - Merging all orders for: ['Ithaca Bakery']
2025-10-25 13:50:03,335 - INFO - backend.app.application.orders.CombineOrders - (orders.py:75) - Merging all orders for: ['Ithaca Bakery']
2025-10-25 13:52:17,249 - INFO - backend.app.application.orders.CombineOrders - (orders.py:75) - Merging all orders for: ['Ithaca Bakery']
2025-10-25 13:52:39,481 - INFO - backend.app.application.orders.CombineOrders - (orders.py:75) - Merging all orders for: ['Ithaca Bakery']
2025-10-25 13:53:13,994 - INFO - backend.app.application.orders.CombineOrders - (orders.py:75) - Merging all orders for: ['Ithaca Bakery']
2025-10-25 13:53:14,584 - INFO - backend.app.application.orders.CombineOrders - (orders.py:79) - Merge for Ithaca Bakery complete.
2025-10-25 13:53:14,584 - INFO - backend.app.application.orders.CombineOrders - (orders.py:80) - Merging complete.
2025-11-01 14:15:59,580 - INFO - backend.app.application.orders.CombineOrders - (orders.py:76) - Merging all orders for: ['Ithaca Bakery']
2025-11-01 14:16:02,762 - INFO - backend.app.application.orders.CombineOrders - (orders.py:80) - Merge for Ithaca Bakery complete.
2025-11-01 14:16:02,762 - INFO - backend.app.application.orders.CombineOrders - (orders.py:81) - Merging complete.
2025-11-03 07:26:07,698 - INFO - backend.app.application.orders.CombineOrders - (orders.py:76) - Merging all orders for: ['Ithaca Bakery']
2025-11-03 07:26:11,511 - INFO - backend.app.application.orders.CombineOrders - (orders.py:80) - Merge for Ithaca Bakery complete.
2025-11-03 07:26:11,511 - INFO - backend.app.application.orders.CombineOrders - (orders.py:81) - Merging complete.
2025-11-05 09:00:36,918 - INFO - backend.app.application.orders.CombineOrders - (orders.py:76) - Merging all orders for: ['Ithaca Bakery']
2025-11-05 09:00:39,115 - INFO - backend.app.application.orders.CombineOrders - (orders.py:80) - Merge for Ithaca Bakery complete.
2025-11-05 09:00:39,115 - INFO - backend.app.application.orders.CombineOrders - (orders.py:81) - Merging complete.
2025-11-05 09:01:22,223 - INFO - backend.app.application.orders.CombineOrders - (orders.py:76) - Merging all orders for: ['Ithaca Bakery']
2025-11-05 09:01:23,508 - INFO - backend.app.application.orders.CombineOrders - (orders.py:80) - Merge for Ithaca Bakery complete.
2025-11-05 09:01:23,508 - INFO - backend.app.application.orders.CombineOrders - (orders.py:81) - Merging complete.
2025-11-05 09:02:54,097 - INFO - backend.app.application.orders.CombineOrders - (orders.py:76) - Merging all orders for: ['Ithaca Bakery']
2025-11-05 09:02:55,438 - INFO - backend.app.application.orders.CombineOrders - (orders.py:80) - Merge for Ithaca Bakery complete.
2025-11-05 09:02:55,438 - INFO - backend.app.application.orders.CombineOrders - (orders.py:81) - Merging complete.
2025-11-05 09:03:37,701 - INFO - backend.app.application.orders.CombineOrders - (orders.py:76) - Merging all orders for: ['Ithaca Bakery']
2025-11-05 09:03:38,903 - INFO - backend.app.application.orders.CombineOrders - (orders.py:80) - Merge for Ithaca Bakery complete.
2025-11-05 09:03:38,903 - INFO - backend.app.application.orders.CombineOrders - (orders.py:81) - Merging complete.
2025-11-05 09:27:15,318 - INFO - backend.app.application.orders.CombineOrders - (orders.py:76) - Merging all orders for: ['Ithaca Bakery']
2025-11-05 09:27:17,043 - INFO - backend.app.application.orders.CombineOrders - (orders.py:80) - Merge for Ithaca Bakery complete.
2025-11-05 09:27:17,043 - INFO - backend.app.application.orders.CombineOrders - (orders.py:81) - Merging complete.
2025-11-05 09:28:08,848 - INFO - backend.app.application.orders.CombineOrders - (orders.py:76) - Merging all orders for: ['Ithaca Bakery']
2025-11-05 09:30:27,353 - INFO - backend.app.application.orders.CombineOrders - (orders.py:76) - Merging all orders for: ['Ithaca Bakery']
2025-11-05 09:30:55,314 - INFO - backend.app.application.orders.CombineOrders - (orders.py:76) - Merging all orders for: ['Ithaca Bakery']
2025-11-05 09:32:06,921 - INFO - backend.app.application.orders.CombineOrders - (orders.py:76) - Merging all orders for: ['Ithaca Bakery']
2025-11-05 09:32:53,307 - INFO - backend.app.application.orders.CombineOrders - (orders.py:76) - Merging all orders for: ['Ithaca Bakery']
2025-11-05 09:45:53,222 - INFO - backend.app.application.orders.CombineOrders - (orders.py:76) - Merging all orders for: ['Ithaca Bakery']
2025-11-05 09:45:54,573 - INFO - backend.app.application.orders.CombineOrders - (orders.py:80) - Merge for Ithaca Bakery complete.
2025-11-05 09:45:54,573 - INFO - backend.app.application.orders.CombineOrders - (orders.py:81) - Merging complete.
2025-11-09 07:59:15,419 - INFO - backend.app.application.orders.CombineOrders - (orders.py:76) - Merging all orders for: ['Ithaca Bakery']
2025-11-09 07:59:20,897 - INFO - backend.app.application.orders.CombineOrders - (orders.py:80) - Merge for Ithaca Bakery complete.
2025-11-09 07:59:20,897 - INFO - backend.app.application.orders.CombineOrders - (orders.py:81) - Merging complete.
2025-11-09 08:17:04,615 - INFO - backend.app.application.orders.CombineOrders - (orders.py:76) - Merging all orders for: ['Ithaca Bakery']
2025-11-09 08:17:06,375 - INFO - backend.app.application.orders.CombineOrders - (orders.py:80) - Merge for Ithaca Bakery complete.
2025-11-09 08:17:06,375 - INFO - backend.app.application.orders.CombineOrders - (orders.py:81) - Merging complete.
2025-11-09 08:18:24,192 - INFO - backend.app.application.orders.CombineOrders - (orders.py:76) - Merging all orders for: ['Ithaca Bakery']
2025-11-09 08:18:25,795 - INFO - backend.app.application.orders.CombineOrders - (orders.py:80) - Merge for Ithaca Bakery complete.
2025-11-09 08:18:25,796 - INFO - backend.app.application.orders.CombineOrders - (orders.py:81) - Merging complete.
2025-11-09 08:19:38,225 - INFO - backend.app.application.orders.CombineOrders - (orders.py:76) - Merging all orders for: ['Ithaca Bakery']
2025-11-09 08:19:50,144 - INFO - backend.app.application.orders.CombineOrders - (orders.py:76) - Merging all orders for: ['Ithaca Bakery']
2025-11-09 08:19:51,690 - INFO - backend.app.application.orders.CombineOrders - (orders.py:80) - Merge for Ithaca Bakery complete.
2025-11-09 08:19:51,690 - INFO - backend.app.application.orders.CombineOrders - (orders.py:81) - Merging complete.
2025-11-09 08:23:58,019 - INFO - backend.app.application.orders.CombineOrders - (orders.py:76) - Merging all orders for: ['Ithaca Bakery']
2025-11-09 08:24:09,795 - INFO - backend.app.application.orders.CombineOrders - (orders.py:76) - Merging all orders for: ['Ithaca Bakery']
2025-11-09 08:24:11,257 - INFO - backend.app.application.orders.CombineOrders - (orders.py:80) - Merge for Ithaca Bakery complete.
2025-11-09 08:24:11,258 - INFO - backend.app.application.orders.CombineOrders - (orders.py:81) - Merging complete.
2025-11-09 08:25:03,124 - INFO - backend.app.application.orders.CombineOrders - (orders.py:76) - Merging all orders for: ['Ithaca Bakery']
2025-11-09 08:25:26,547 - INFO - backend.app.application.orders.CombineOrders - (orders.py:76) - Merging all orders for: ['Ithaca Bakery']
2025-11-09 08:25:27,831 - INFO - backend.app.application.orders.CombineOrders - (orders.py:79) - [< Order store=Collegetown, vendor=Ithaca Bakery, data=20251024, items=40 >, < Order store=Collegetown, vendor=Ithaca Bakery, data=20251029, items=2 >, < Order store=Collegetown, vendor=Ithaca Bakery, data=20251031, items=29 >, < Order store=Collegetown, vendor=Ithaca Bakery, data=20251105, items=3 >, < Order store=Downtown, vendor=Ithaca Bakery, data=20251024, items=42 >, < Order store=Downtown, vendor=Ithaca Bakery, data=20251031, items=38 >, < Order store=Easthill, vendor=Ithaca Bakery, data=20251024, items=28 >, < Order store=Easthill, vendor=Ithaca Bakery, data=20251031, items=45 >, < Order store=Syracuse, vendor=Ithaca Bakery, data=20251024, items=33 >, < Order store=Syracuse, vendor=Ithaca Bakery, data=20251031, items=24 >, < Order store=Triphammer, vendor=Ithaca Bakery, data=20251024, items=39 >, < Order store=Triphammer, vendor=Ithaca Bakery, data=20251029, items=4 >, < Order store=Triphammer, vendor=Ithaca Bakery, data=20251031, items=34 >, < Order store=Triphammer, vendor=Ithaca Bakery, data=20251105, items=8 >, < Order store=Collegetown, vendor=Ithaca Bakery, data=20251107, items=42 >, < Order store=Downtown, vendor=Ithaca Bakery, data=20251107, items=36 >, < Order store=Easthill, vendor=Ithaca Bakery, data=20251106, items=41 >, < Order store=Syracuse, vendor=Ithaca Bakery, data=20251107, items=22 >, < Order store=Triphammer, vendor=Ithaca Bakery, data=20251107, items=31 >]
2025-11-09 08:25:27,994 - INFO - backend.app.application.orders.CombineOrders - (orders.py:81) - Merge for Ithaca Bakery complete.
2025-11-09 08:25:27,994 - INFO - backend.app.application.orders.CombineOrders - (orders.py:82) - Merging complete.
2025-11-09 08:29:06,614 - INFO - backend.app.application.orders.CombineOrders - (orders.py:76) - Merging all orders for: ['Ithaca Bakery']
2025-11-09 08:29:07,930 - INFO - backend.app.application.orders.CombineOrders - (orders.py:79) - [< Order store=Collegetown, vendor=Ithaca Bakery, data=20251024, items=40 >, < Order store=Collegetown, vendor=Ithaca Bakery, data=20251029, items=2 >, < Order store=Collegetown, vendor=Ithaca Bakery, data=20251031, items=29 >, < Order store=Collegetown, vendor=Ithaca Bakery, data=20251105, items=3 >, < Order store=Downtown, vendor=Ithaca Bakery, data=20251024, items=42 >, < Order store=Downtown, vendor=Ithaca Bakery, data=20251031, items=38 >, < Order store=Easthill, vendor=Ithaca Bakery, data=20251024, items=28 >, < Order store=Easthill, vendor=Ithaca Bakery, data=20251031, items=45 >, < Order store=Syracuse, vendor=Ithaca Bakery, data=20251024, items=33 >, < Order store=Syracuse, vendor=Ithaca Bakery, data=20251031, items=24 >, < Order store=Triphammer, vendor=Ithaca Bakery, data=20251024, items=39 >, < Order store=Triphammer, vendor=Ithaca Bakery, data=20251029, items=4 >, < Order store=Triphammer, vendor=Ithaca Bakery, data=20251031, items=34 >, < Order store=Triphammer, vendor=Ithaca Bakery, data=20251105, items=8 >, < Order store=Collegetown, vendor=Ithaca Bakery, data=20251107, items=42 >, < Order store=Downtown, vendor=Ithaca Bakery, data=20251107, items=36 >, < Order store=Easthill, vendor=Ithaca Bakery, data=20251106, items=41 >, < Order store=Syracuse, vendor=Ithaca Bakery, data=20251107, items=22 >, < Order store=Triphammer, vendor=Ithaca Bakery, data=20251107, items=31 >]
2025-11-09 08:29:08,094 - INFO - backend.app.application.orders.CombineOrders - (orders.py:81) - Merge for Ithaca Bakery complete.
2025-11-09 08:29:08,094 - INFO - backend.app.application.orders.CombineOrders - (orders.py:82) - Merging complete.
2025-11-09 08:37:15,595 - INFO - backend.app.application.orders.CombineOrders - (orders.py:76) - Merging all orders for: ['Ithaca Bakery']
2025-11-09 08:37:15,987 - INFO - backend.app.application.orders.CombineOrders - (orders.py:79) - [< Order store=Collegetown, vendor=Ithaca Bakery, data=20251107, items=42 >, < Order store=Downtown, vendor=Ithaca Bakery, data=20251107, items=36 >, < Order store=Easthill, vendor=Ithaca Bakery, data=20251106, items=41 >, < Order store=Syracuse, vendor=Ithaca Bakery, data=20251107, items=22 >, < Order store=Triphammer, vendor=Ithaca Bakery, data=20251107, items=31 >]
2025-11-09 08:37:16,097 - INFO - backend.app.application.orders.CombineOrders - (orders.py:81) - Merge for Ithaca Bakery complete.
2025-11-09 08:37:16,097 - INFO - backend.app.application.orders.CombineOrders - (orders.py:82) - Merging complete.
2025-11-10 07:21:41,576 - INFO - backend.app.application.orders.CombineOrders - (orders.py:76) - Merging all orders for: ['Ithaca Bakery']
2025-11-10 07:21:47,339 - INFO - backend.app.application.orders.CombineOrders - (orders.py:79) - [< Order store=Collegetown, vendor=Ithaca Bakery, data=20251024, items=40 >, < Order store=Collegetown, vendor=Ithaca Bakery, data=20251029, items=2 >, < Order store=Collegetown, vendor=Ithaca Bakery, data=20251031, items=29 >, < Order store=Collegetown, vendor=Ithaca Bakery, data=20251105, items=3 >, < Order store=Downtown, vendor=Ithaca Bakery, data=20251024, items=42 >, < Order store=Downtown, vendor=Ithaca Bakery, data=20251031, items=38 >, < Order store=Easthill, vendor=Ithaca Bakery, data=20251024, items=28 >, < Order store=Easthill, vendor=Ithaca Bakery, data=20251031, items=45 >, < Order store=Syracuse, vendor=Ithaca Bakery, data=20251024, items=33 >, < Order store=Syracuse, vendor=Ithaca Bakery, data=20251031, items=24 >, < Order store=Triphammer, vendor=Ithaca Bakery, data=20251024, items=39 >, < Order store=Triphammer, vendor=Ithaca Bakery, data=20251029, items=4 >, < Order store=Triphammer, vendor=Ithaca Bakery, data=20251031, items=34 >, < Order store=Triphammer, vendor=Ithaca Bakery, data=20251105, items=8 >, < Order store=Collegetown, vendor=Ithaca Bakery, data=20251107, items=42 >, < Order store=Downtown, vendor=Ithaca Bakery, data=20251107, items=36 >, < Order store=Easthill, vendor=Ithaca Bakery, data=20251106, items=41 >, < Order store=Syracuse, vendor=Ithaca Bakery, data=20251107, items=22 >, < Order store=Triphammer, vendor=Ithaca Bakery, data=20251107, items=31 >]
2025-11-10 07:21:47,370 - INFO - backend.app.application.orders.CombineOrders - (orders.py:81) - Merge for Ithaca Bakery complete.
2025-11-10 07:21:47,370 - INFO - backend.app.application.orders.CombineOrders - (orders.py:82) - Merging complete.
2025-11-10 07:28:58,952 - INFO - backend.app.application.orders.CombineOrders - (orders.py:76) - Merging all orders for: ['Ithaca Bakery']
2025-11-10 07:29:00,216 - INFO - backend.app.application.orders.CombineOrders - (orders.py:79) - [< Order store=Collegetown, vendor=Ithaca Bakery, data=20251107, items=42 >, < Order store=Downtown, vendor=Ithaca Bakery, data=20251107, items=36 >, < Order store=Easthill, vendor=Ithaca Bakery, data=20251106, items=41 >, < Order store=Syracuse, vendor=Ithaca Bakery, data=20251107, items=22 >, < Order store=Triphammer, vendor=Ithaca Bakery, data=20251107, items=31 >]
2025-11-10 07:29:00,248 - INFO - backend.app.application.orders.CombineOrders - (orders.py:81) - Merge for Ithaca Bakery complete.
2025-11-10 07:29:00,248 - INFO - backend.app.application.orders.CombineOrders - (orders.py:82) - Merging complete.
