2025-10-25 11:49:07,351 - INFO - backend.app.application.orders.ExpectDownloadedPdf - (orders.py:152) - Expecting downloaded PDF for Hill & Markes / Syracuse / 20251024
2025-10-25 11:49:08,909 - INFO - backend.app.application.orders.ExpectDownloadedPdf - (orders.py:160) - Ingested downloaded PDF: C:\Users\andrew\Desktop\Andrew\Projects\IthacaBakery\RandomStuff\WorkBot\refactor-experimental\data\downloads\Order.pdf
2025-10-25 11:49:14,723 - INFO - backend.app.application.orders.ExpectDownloadedPdf - (orders.py:152) - Expecting downloaded PDF for Ithaca Bakery / Syracuse / 20251024
2025-10-25 11:49:15,752 - INFO - backend.app.application.orders.ExpectDownloadedPdf - (orders.py:160) - Ingested downloaded PDF: C:\Users\andrew\Desktop\Andrew\Projects\IthacaBakery\RandomStuff\WorkBot\refactor-experimental\data\downloads\Order.pdf
2025-10-25 11:49:20,883 - INFO - backend.app.application.orders.ExpectDownloadedPdf - (orders.py:152) - Expecting downloaded PDF for US Foods / Syracuse / 20251024
2025-10-25 11:49:21,916 - INFO - backend.app.application.orders.ExpectDownloadedPdf - (orders.py:160) - Ingested downloaded PDF: C:\Users\andrew\Desktop\Andrew\Projects\IthacaBakery\RandomStuff\WorkBot\refactor-experimental\data\downloads\Order.pdf
2025-10-25 11:49:26,882 - INFO - backend.app.application.orders.ExpectDownloadedPdf - (orders.py:152) - Expecting downloaded PDF for Regional Distributors, Inc. / Syracuse / 20251024
2025-10-25 11:49:27,913 - INFO - backend.app.application.orders.ExpectDownloadedPdf - (orders.py:160) - Ingested downloaded PDF: C:\Users\andrew\Desktop\Andrew\Projects\IthacaBakery\RandomStuff\WorkBot\refactor-experimental\data\downloads\Order.pdf
2025-10-25 11:49:33,416 - INFO - backend.app.application.orders.ExpectDownloadedPdf - (orders.py:152) - Expecting downloaded PDF for Performance Food / Syracuse / 20251024
2025-10-25 11:49:34,951 - INFO - backend.app.application.orders.ExpectDownloadedPdf - (orders.py:160) - Ingested downloaded PDF: C:\Users\andrew\Desktop\Andrew\Projects\IthacaBakery\RandomStuff\WorkBot\refactor-experimental\data\downloads\Order.pdf
2025-10-25 11:49:39,238 - INFO - backend.app.application.orders.ExpectDownloadedPdf - (orders.py:152) - Expecting downloaded PDF for UNFI / Syracuse / 20251024
2025-10-25 11:49:40,265 - INFO - backend.app.application.orders.ExpectDownloadedPdf - (orders.py:160) - Ingested downloaded PDF: C:\Users\andrew\Desktop\Andrew\Projects\IthacaBakery\RandomStuff\WorkBot\refactor-experimental\data\downloads\Order.pdf
2025-10-25 11:49:44,892 - INFO - backend.app.application.orders.ExpectDownloadedPdf - (orders.py:152) - Expecting downloaded PDF for Peters Supply / Syracuse / 20251024
2025-10-25 11:49:45,920 - INFO - backend.app.application.orders.ExpectDownloadedPdf - (orders.py:160) - Ingested downloaded PDF: C:\Users\andrew\Desktop\Andrew\Projects\IthacaBakery\RandomStuff\WorkBot\refactor-experimental\data\downloads\Order.pdf
2025-10-25 11:49:50,502 - INFO - backend.app.application.orders.ExpectDownloadedPdf - (orders.py:152) - Expecting downloaded PDF for Johnston Paper / Syracuse / 20251024
2025-10-25 11:49:51,531 - INFO - backend.app.application.orders.ExpectDownloadedPdf - (orders.py:160) - Ingested downloaded PDF: C:\Users\andrew\Desktop\Andrew\Projects\IthacaBakery\RandomStuff\WorkBot\refactor-experimental\data\downloads\Order.pdf
2025-10-25 11:49:56,548 - INFO - backend.app.application.orders.ExpectDownloadedPdf - (orders.py:152) - Expecting downloaded PDF for Sysco / Syracuse / 20251024
2025-10-25 11:49:57,586 - INFO - backend.app.application.orders.ExpectDownloadedPdf - (orders.py:160) - Ingested downloaded PDF: C:\Users\andrew\Desktop\Andrew\Projects\IthacaBakery\RandomStuff\WorkBot\refactor-experimental\data\downloads\Order.pdf
2025-10-25 11:50:02,210 - INFO - backend.app.application.orders.ExpectDownloadedPdf - (orders.py:152) - Expecting downloaded PDF for Hillcrest Dairy / Syracuse / 20251024
2025-10-25 11:50:03,240 - INFO - backend.app.application.orders.ExpectDownloadedPdf - (orders.py:160) - Ingested downloaded PDF: C:\Users\andrew\Desktop\Andrew\Projects\IthacaBakery\RandomStuff\WorkBot\refactor-experimental\data\downloads\Order.pdf
2025-10-25 11:50:07,868 - INFO - backend.app.application.orders.ExpectDownloadedPdf - (orders.py:152) - Expecting downloaded PDF for Equal Exchange / Syracuse / 20251024
2025-10-25 11:50:08,897 - INFO - backend.app.application.orders.ExpectDownloadedPdf - (orders.py:160) - Ingested downloaded PDF: C:\Users\andrew\Desktop\Andrew\Projects\IthacaBakery\RandomStuff\WorkBot\refactor-experimental\data\downloads\Order.pdf
2025-10-25 11:50:13,878 - INFO - backend.app.application.orders.ExpectDownloadedPdf - (orders.py:152) - Expecting downloaded PDF for Coffee Depot LLC / Syracuse / 20251024
2025-10-25 11:50:14,911 - INFO - backend.app.application.orders.ExpectDownloadedPdf - (orders.py:160) - Ingested downloaded PDF: C:\Users\andrew\Desktop\Andrew\Projects\IthacaBakery\RandomStuff\WorkBot\refactor-experimental\data\downloads\Order.pdf
2025-10-25 11:50:19,454 - INFO - backend.app.application.orders.ExpectDownloadedPdf - (orders.py:152) - Expecting downloaded PDF for DUTCH VALLEY FOOD DIST / Syracuse / 20251024
2025-10-25 11:50:20,484 - INFO - backend.app.application.orders.ExpectDownloadedPdf - (orders.py:160) - Ingested downloaded PDF: C:\Users\andrew\Desktop\Andrew\Projects\IthacaBakery\RandomStuff\WorkBot\refactor-experimental\data\downloads\Order.pdf
2025-10-25 13:11:19,924 - INFO - backend.app.application.orders.ExpectDownloadedPdf - (orders.py:152) - Expecting downloaded PDF for Ithaca Bakery / Syracuse / 20251024
2025-10-25 13:11:21,465 - INFO - backend.app.application.orders.ExpectDownloadedPdf - (orders.py:160) - Ingested downloaded PDF: C:\Users\andrew\Desktop\Andrew\Projects\IthacaBakery\RandomStuff\WorkBot\refactor-experimental\data\downloads\Order.pdf
2025-10-25 13:11:58,307 - INFO - backend.app.application.orders.ExpectDownloadedPdf - (orders.py:152) - Expecting downloaded PDF for Coffee Depot LLC / Syracuse / 20251024
2025-10-25 13:11:59,338 - INFO - backend.app.application.orders.ExpectDownloadedPdf - (orders.py:160) - Ingested downloaded PDF: C:\Users\andrew\Desktop\Andrew\Projects\IthacaBakery\RandomStuff\WorkBot\refactor-experimental\data\downloads\Order.pdf
2025-10-26 09:46:15,597 - INFO - backend.app.application.orders.ExpectDownloadedPdf - (orders.py:156) - Expecting downloaded PDF for UNFI / Bakery / 20251025
2025-10-26 09:46:17,159 - INFO - backend.app.application.orders.ExpectDownloadedPdf - (orders.py:164) - Ingested downloaded PDF: C:\Users\andrew\Desktop\Andrew\Projects\IthacaBakery\RandomStuff\WorkBot\refactor-experimental\data\downloads\Order.pdf
2025-10-26 09:46:21,451 - INFO - backend.app.application.orders.ExpectDownloadedPdf - (orders.py:156) - Expecting downloaded PDF for Coffee Depot LLC / Bakery / 20251025
2025-10-26 09:46:22,984 - INFO - backend.app.application.orders.ExpectDownloadedPdf - (orders.py:164) - Ingested downloaded PDF: C:\Users\andrew\Desktop\Andrew\Projects\IthacaBakery\RandomStuff\WorkBot\refactor-experimental\data\downloads\Order.pdf
2025-10-26 09:46:27,266 - INFO - backend.app.application.orders.ExpectDownloadedPdf - (orders.py:156) - Expecting downloaded PDF for Webstaurant / Bakery / 20251025
2025-10-26 09:46:28,298 - INFO - backend.app.application.orders.ExpectDownloadedPdf - (orders.py:164) - Ingested downloaded PDF: C:\Users\andrew\Desktop\Andrew\Projects\IthacaBakery\RandomStuff\WorkBot\refactor-experimental\data\downloads\Order.pdf
2025-10-26 09:46:34,338 - INFO - backend.app.application.orders.ExpectDownloadedPdf - (orders.py:156) - Expecting downloaded PDF for Sysco / Bakery / 20251025
2025-10-26 09:46:35,874 - INFO - backend.app.application.orders.ExpectDownloadedPdf - (orders.py:164) - Ingested downloaded PDF: C:\Users\andrew\Desktop\Andrew\Projects\IthacaBakery\RandomStuff\WorkBot\refactor-experimental\data\downloads\Order.pdf
2025-10-26 09:46:40,707 - INFO - backend.app.application.orders.ExpectDownloadedPdf - (orders.py:156) - Expecting downloaded PDF for FingerLakes Farms / Bakery / 20251025
2025-10-26 09:46:41,738 - INFO - backend.app.application.orders.ExpectDownloadedPdf - (orders.py:164) - Ingested downloaded PDF: C:\Users\andrew\Desktop\Andrew\Projects\IthacaBakery\RandomStuff\WorkBot\refactor-experimental\data\downloads\Order.pdf
2025-10-26 09:46:46,273 - INFO - backend.app.application.orders.ExpectDownloadedPdf - (orders.py:156) - Expecting downloaded PDF for Hillcrest Dairy / Bakery / 20251025
2025-10-26 09:46:47,302 - INFO - backend.app.application.orders.ExpectDownloadedPdf - (orders.py:164) - Ingested downloaded PDF: C:\Users\andrew\Desktop\Andrew\Projects\IthacaBakery\RandomStuff\WorkBot\refactor-experimental\data\downloads\Order.pdf
2025-10-26 09:46:52,806 - INFO - backend.app.application.orders.ExpectDownloadedPdf - (orders.py:156) - Expecting downloaded PDF for Performance Food / Bakery / 20251026
2025-10-26 09:46:54,339 - INFO - backend.app.application.orders.ExpectDownloadedPdf - (orders.py:164) - Ingested downloaded PDF: C:\Users\andrew\Desktop\Andrew\Projects\IthacaBakery\RandomStuff\WorkBot\refactor-experimental\data\downloads\Order.pdf
2025-10-26 09:47:00,168 - INFO - backend.app.application.orders.ExpectDownloadedPdf - (orders.py:156) - Expecting downloaded PDF for US Foods / Bakery / 20251026
2025-10-26 09:47:01,712 - INFO - backend.app.application.orders.ExpectDownloadedPdf - (orders.py:164) - Ingested downloaded PDF: C:\Users\andrew\Desktop\Andrew\Projects\IthacaBakery\RandomStuff\WorkBot\refactor-experimental\data\downloads\Order.pdf
2025-10-26 09:47:06,231 - INFO - backend.app.application.orders.ExpectDownloadedPdf - (orders.py:156) - Expecting downloaded PDF for Equal Exchange / Bakery / 20251026
2025-10-26 09:47:07,769 - INFO - backend.app.application.orders.ExpectDownloadedPdf - (orders.py:164) - Ingested downloaded PDF: C:\Users\andrew\Desktop\Andrew\Projects\IthacaBakery\RandomStuff\WorkBot\refactor-experimental\data\downloads\Order.pdf
2025-10-26 09:47:11,796 - INFO - backend.app.application.orders.ExpectDownloadedPdf - (orders.py:156) - Expecting downloaded PDF for Harney and Sons Tea / Bakery / 20251026
2025-10-26 09:47:13,335 - INFO - backend.app.application.orders.ExpectDownloadedPdf - (orders.py:164) - Ingested downloaded PDF: C:\Users\andrew\Desktop\Andrew\Projects\IthacaBakery\RandomStuff\WorkBot\refactor-experimental\data\downloads\Order.pdf
2025-10-26 09:47:17,867 - INFO - backend.app.application.orders.ExpectDownloadedPdf - (orders.py:156) - Expecting downloaded PDF for Coca-Cola / Bakery / 20251026
2025-10-26 09:47:19,404 - INFO - backend.app.application.orders.ExpectDownloadedPdf - (orders.py:164) - Ingested downloaded PDF: C:\Users\andrew\Desktop\Andrew\Projects\IthacaBakery\RandomStuff\WorkBot\refactor-experimental\data\downloads\Order.pdf
2025-10-26 09:47:23,454 - INFO - backend.app.application.orders.ExpectDownloadedPdf - (orders.py:156) - Expecting downloaded PDF for Hill & Markes / Bakery / 20251026
2025-10-26 09:47:24,482 - INFO - backend.app.application.orders.ExpectDownloadedPdf - (orders.py:164) - Ingested downloaded PDF: C:\Users\andrew\Desktop\Andrew\Projects\IthacaBakery\RandomStuff\WorkBot\refactor-experimental\data\downloads\Order.pdf
2025-10-26 09:47:29,169 - INFO - backend.app.application.orders.ExpectDownloadedPdf - (orders.py:156) - Expecting downloaded PDF for Copper Horse Coffee / Bakery / 20251026
2025-10-26 09:47:30,705 - INFO - backend.app.application.orders.ExpectDownloadedPdf - (orders.py:164) - Ingested downloaded PDF: C:\Users\andrew\Desktop\Andrew\Projects\IthacaBakery\RandomStuff\WorkBot\refactor-experimental\data\downloads\Order.pdf
2025-10-26 09:47:42,832 - INFO - backend.app.application.orders.ExpectDownloadedPdf - (orders.py:156) - Expecting downloaded PDF for Ithaca Bakery / Easthill / 20251024
2025-10-26 09:47:44,365 - INFO - backend.app.application.orders.ExpectDownloadedPdf - (orders.py:164) - Ingested downloaded PDF: C:\Users\andrew\Desktop\Andrew\Projects\IthacaBakery\RandomStuff\WorkBot\refactor-experimental\data\downloads\Order.pdf
2025-10-26 09:47:49,855 - INFO - backend.app.application.orders.ExpectDownloadedPdf - (orders.py:156) - Expecting downloaded PDF for Performance Food / Easthill / 20251024
2025-10-26 09:47:51,518 - INFO - backend.app.application.orders.ExpectDownloadedPdf - (orders.py:164) - Ingested downloaded PDF: C:\Users\andrew\Desktop\Andrew\Projects\IthacaBakery\RandomStuff\WorkBot\refactor-experimental\data\downloads\Order.pdf
2025-10-26 09:47:55,815 - INFO - backend.app.application.orders.ExpectDownloadedPdf - (orders.py:156) - Expecting downloaded PDF for Sysco / Easthill / 20251024
2025-10-26 09:47:56,854 - INFO - backend.app.application.orders.ExpectDownloadedPdf - (orders.py:164) - Ingested downloaded PDF: C:\Users\andrew\Desktop\Andrew\Projects\IthacaBakery\RandomStuff\WorkBot\refactor-experimental\data\downloads\Order.pdf
2025-10-26 09:48:01,493 - INFO - backend.app.application.orders.ExpectDownloadedPdf - (orders.py:156) - Expecting downloaded PDF for Peters Supply / Easthill / 20251024
2025-10-26 09:48:02,527 - INFO - backend.app.application.orders.ExpectDownloadedPdf - (orders.py:164) - Ingested downloaded PDF: C:\Users\andrew\Desktop\Andrew\Projects\IthacaBakery\RandomStuff\WorkBot\refactor-experimental\data\downloads\Order.pdf
2025-10-26 09:48:07,468 - INFO - backend.app.application.orders.ExpectDownloadedPdf - (orders.py:156) - Expecting downloaded PDF for Regional Distributors, Inc. / Easthill / 20251024
2025-10-26 09:48:08,499 - INFO - backend.app.application.orders.ExpectDownloadedPdf - (orders.py:164) - Ingested downloaded PDF: C:\Users\andrew\Desktop\Andrew\Projects\IthacaBakery\RandomStuff\WorkBot\refactor-experimental\data\downloads\Order.pdf
2025-10-26 09:48:13,668 - INFO - backend.app.application.orders.ExpectDownloadedPdf - (orders.py:156) - Expecting downloaded PDF for US Foods / Easthill / 20251024
2025-10-26 09:48:15,210 - INFO - backend.app.application.orders.ExpectDownloadedPdf - (orders.py:164) - Ingested downloaded PDF: C:\Users\andrew\Desktop\Andrew\Projects\IthacaBakery\RandomStuff\WorkBot\refactor-experimental\data\downloads\Order.pdf
2025-10-26 09:48:19,228 - INFO - backend.app.application.orders.ExpectDownloadedPdf - (orders.py:156) - Expecting downloaded PDF for Bo's Bones / Easthill / 20251024
2025-10-26 09:48:20,258 - INFO - backend.app.application.orders.ExpectDownloadedPdf - (orders.py:164) - Ingested downloaded PDF: C:\Users\andrew\Desktop\Andrew\Projects\IthacaBakery\RandomStuff\WorkBot\refactor-experimental\data\downloads\Order.pdf
2025-10-26 09:48:25,142 - INFO - backend.app.application.orders.ExpectDownloadedPdf - (orders.py:156) - Expecting downloaded PDF for Coca-Cola / Easthill / 20251024
2025-10-26 09:48:26,682 - INFO - backend.app.application.orders.ExpectDownloadedPdf - (orders.py:164) - Ingested downloaded PDF: C:\Users\andrew\Desktop\Andrew\Projects\IthacaBakery\RandomStuff\WorkBot\refactor-experimental\data\downloads\Order.pdf
2025-10-26 09:48:30,712 - INFO - backend.app.application.orders.ExpectDownloadedPdf - (orders.py:156) - Expecting downloaded PDF for Copper Horse Coffee / Easthill / 20251024
2025-10-26 09:48:32,254 - INFO - backend.app.application.orders.ExpectDownloadedPdf - (orders.py:164) - Ingested downloaded PDF: C:\Users\andrew\Desktop\Andrew\Projects\IthacaBakery\RandomStuff\WorkBot\refactor-experimental\data\downloads\Order.pdf
2025-10-26 09:48:36,414 - INFO - backend.app.application.orders.ExpectDownloadedPdf - (orders.py:156) - Expecting downloaded PDF for Hill & Markes / Easthill / 20251024
2025-10-26 09:48:37,442 - INFO - backend.app.application.orders.ExpectDownloadedPdf - (orders.py:164) - Ingested downloaded PDF: C:\Users\andrew\Desktop\Andrew\Projects\IthacaBakery\RandomStuff\WorkBot\refactor-experimental\data\downloads\Order.pdf
2025-10-26 09:48:42,157 - INFO - backend.app.application.orders.ExpectDownloadedPdf - (orders.py:156) - Expecting downloaded PDF for Equal Exchange / Easthill / 20251024
2025-10-26 09:48:43,193 - INFO - backend.app.application.orders.ExpectDownloadedPdf - (orders.py:164) - Ingested downloaded PDF: C:\Users\andrew\Desktop\Andrew\Projects\IthacaBakery\RandomStuff\WorkBot\refactor-experimental\data\downloads\Order.pdf
2025-10-26 09:48:48,077 - INFO - backend.app.application.orders.ExpectDownloadedPdf - (orders.py:156) - Expecting downloaded PDF for UNFI / Easthill / 20251024
2025-10-26 09:48:49,614 - INFO - backend.app.application.orders.ExpectDownloadedPdf - (orders.py:164) - Ingested downloaded PDF: C:\Users\andrew\Desktop\Andrew\Projects\IthacaBakery\RandomStuff\WorkBot\refactor-experimental\data\downloads\Order.pdf
2025-10-26 09:48:53,882 - INFO - backend.app.application.orders.ExpectDownloadedPdf - (orders.py:156) - Expecting downloaded PDF for Hillcrest Dairy / Easthill / 20251024
2025-10-26 09:48:54,917 - INFO - backend.app.application.orders.ExpectDownloadedPdf - (orders.py:164) - Ingested downloaded PDF: C:\Users\andrew\Desktop\Andrew\Projects\IthacaBakery\RandomStuff\WorkBot\refactor-experimental\data\downloads\Order.pdf
2025-10-26 09:48:59,618 - INFO - backend.app.application.orders.ExpectDownloadedPdf - (orders.py:156) - Expecting downloaded PDF for Coffee Depot LLC / Easthill / 20251024
2025-10-26 09:49:00,649 - INFO - backend.app.application.orders.ExpectDownloadedPdf - (orders.py:164) - Ingested downloaded PDF: C:\Users\andrew\Desktop\Andrew\Projects\IthacaBakery\RandomStuff\WorkBot\refactor-experimental\data\downloads\Order.pdf
2025-10-26 09:49:05,187 - INFO - backend.app.application.orders.ExpectDownloadedPdf - (orders.py:156) - Expecting downloaded PDF for Johnston Paper / Easthill / 20251024
2025-10-26 09:49:06,723 - INFO - backend.app.application.orders.ExpectDownloadedPdf - (orders.py:164) - Ingested downloaded PDF: C:\Users\andrew\Desktop\Andrew\Projects\IthacaBakery\RandomStuff\WorkBot\refactor-experimental\data\downloads\Order.pdf
2025-10-26 09:49:11,180 - INFO - backend.app.application.orders.ExpectDownloadedPdf - (orders.py:156) - Expecting downloaded PDF for FingerLakes Farms / Easthill / 20251024
2025-10-26 09:49:12,208 - INFO - backend.app.application.orders.ExpectDownloadedPdf - (orders.py:164) - Ingested downloaded PDF: C:\Users\andrew\Desktop\Andrew\Projects\IthacaBakery\RandomStuff\WorkBot\refactor-experimental\data\downloads\Order.pdf
2025-10-26 09:49:16,749 - INFO - backend.app.application.orders.ExpectDownloadedPdf - (orders.py:156) - Expecting downloaded PDF for DUTCH VALLEY FOOD DIST / Easthill / 20251024
2025-10-26 09:49:17,827 - INFO - backend.app.application.orders.ExpectDownloadedPdf - (orders.py:164) - Ingested downloaded PDF: C:\Users\andrew\Desktop\Andrew\Projects\IthacaBakery\RandomStuff\WorkBot\refactor-experimental\data\downloads\Order.pdf
2025-10-26 09:49:22,320 - INFO - backend.app.application.orders.ExpectDownloadedPdf - (orders.py:156) - Expecting downloaded PDF for Hillcrest Foods / Easthill / 20251025
2025-10-26 09:49:23,858 - INFO - backend.app.application.orders.ExpectDownloadedPdf - (orders.py:164) - Ingested downloaded PDF: C:\Users\andrew\Desktop\Andrew\Projects\IthacaBakery\RandomStuff\WorkBot\refactor-experimental\data\downloads\Order.pdf
2025-10-26 09:49:35,012 - INFO - backend.app.application.orders.ExpectDownloadedPdf - (orders.py:156) - Expecting downloaded PDF for US Foods / Downtown / 20251024
2025-10-26 09:49:36,046 - INFO - backend.app.application.orders.ExpectDownloadedPdf - (orders.py:164) - Ingested downloaded PDF: C:\Users\andrew\Desktop\Andrew\Projects\IthacaBakery\RandomStuff\WorkBot\refactor-experimental\data\downloads\Order.pdf
2025-10-26 09:49:41,078 - INFO - backend.app.application.orders.ExpectDownloadedPdf - (orders.py:156) - Expecting downloaded PDF for Regional Distributors, Inc. / Downtown / 20251024
2025-10-26 09:49:42,615 - INFO - backend.app.application.orders.ExpectDownloadedPdf - (orders.py:164) - Ingested downloaded PDF: C:\Users\andrew\Desktop\Andrew\Projects\IthacaBakery\RandomStuff\WorkBot\refactor-experimental\data\downloads\Order.pdf
2025-10-26 09:49:48,844 - INFO - backend.app.application.orders.ExpectDownloadedPdf - (orders.py:156) - Expecting downloaded PDF for Ithaca Bakery / Downtown / 20251024
2025-10-26 09:49:49,869 - INFO - backend.app.application.orders.ExpectDownloadedPdf - (orders.py:164) - Ingested downloaded PDF: C:\Users\andrew\Desktop\Andrew\Projects\IthacaBakery\RandomStuff\WorkBot\refactor-experimental\data\downloads\Order.pdf
2025-10-26 09:49:54,630 - INFO - backend.app.application.orders.ExpectDownloadedPdf - (orders.py:156) - Expecting downloaded PDF for Copper Horse Coffee / Downtown / 20251024
2025-10-26 09:49:55,657 - INFO - backend.app.application.orders.ExpectDownloadedPdf - (orders.py:164) - Ingested downloaded PDF: C:\Users\andrew\Desktop\Andrew\Projects\IthacaBakery\RandomStuff\WorkBot\refactor-experimental\data\downloads\Order.pdf
2025-10-26 09:50:00,418 - INFO - backend.app.application.orders.ExpectDownloadedPdf - (orders.py:156) - Expecting downloaded PDF for Hill & Markes / Downtown / 20251024
2025-10-26 09:50:01,955 - INFO - backend.app.application.orders.ExpectDownloadedPdf - (orders.py:164) - Ingested downloaded PDF: C:\Users\andrew\Desktop\Andrew\Projects\IthacaBakery\RandomStuff\WorkBot\refactor-experimental\data\downloads\Order.pdf
2025-10-26 09:50:06,221 - INFO - backend.app.application.orders.ExpectDownloadedPdf - (orders.py:156) - Expecting downloaded PDF for Equal Exchange / Downtown / 20251024
2025-10-26 09:50:07,258 - INFO - backend.app.application.orders.ExpectDownloadedPdf - (orders.py:164) - Ingested downloaded PDF: C:\Users\andrew\Desktop\Andrew\Projects\IthacaBakery\RandomStuff\WorkBot\refactor-experimental\data\downloads\Order.pdf
2025-10-26 09:50:11,918 - INFO - backend.app.application.orders.ExpectDownloadedPdf - (orders.py:156) - Expecting downloaded PDF for SANICO / Downtown / 20251024
2025-10-26 09:50:12,946 - INFO - backend.app.application.orders.ExpectDownloadedPdf - (orders.py:164) - Ingested downloaded PDF: C:\Users\andrew\Desktop\Andrew\Projects\IthacaBakery\RandomStuff\WorkBot\refactor-experimental\data\downloads\Order.pdf
2025-10-26 09:50:17,550 - INFO - backend.app.application.orders.ExpectDownloadedPdf - (orders.py:156) - Expecting downloaded PDF for Johnston Paper / Downtown / 20251024
2025-10-26 09:50:18,581 - INFO - backend.app.application.orders.ExpectDownloadedPdf - (orders.py:164) - Ingested downloaded PDF: C:\Users\andrew\Desktop\Andrew\Projects\IthacaBakery\RandomStuff\WorkBot\refactor-experimental\data\downloads\Order.pdf
2025-10-26 09:50:23,580 - INFO - backend.app.application.orders.ExpectDownloadedPdf - (orders.py:156) - Expecting downloaded PDF for FingerLakes Farms / Downtown / 20251024
2025-10-26 09:50:24,606 - INFO - backend.app.application.orders.ExpectDownloadedPdf - (orders.py:164) - Ingested downloaded PDF: C:\Users\andrew\Desktop\Andrew\Projects\IthacaBakery\RandomStuff\WorkBot\refactor-experimental\data\downloads\Order.pdf
2025-10-26 09:50:29,797 - INFO - backend.app.application.orders.ExpectDownloadedPdf - (orders.py:156) - Expecting downloaded PDF for Sysco / Downtown / 20251024
2025-10-26 09:50:30,827 - INFO - backend.app.application.orders.ExpectDownloadedPdf - (orders.py:164) - Ingested downloaded PDF: C:\Users\andrew\Desktop\Andrew\Projects\IthacaBakery\RandomStuff\WorkBot\refactor-experimental\data\downloads\Order.pdf
2025-10-26 09:50:35,866 - INFO - backend.app.application.orders.ExpectDownloadedPdf - (orders.py:156) - Expecting downloaded PDF for Coca-Cola / Downtown / 20251024
2025-10-26 09:50:36,898 - INFO - backend.app.application.orders.ExpectDownloadedPdf - (orders.py:164) - Ingested downloaded PDF: C:\Users\andrew\Desktop\Andrew\Projects\IthacaBakery\RandomStuff\WorkBot\refactor-experimental\data\downloads\Order.pdf
2025-10-26 09:50:42,271 - INFO - backend.app.application.orders.ExpectDownloadedPdf - (orders.py:156) - Expecting downloaded PDF for Performance Food / Downtown / 20251024
2025-10-26 09:50:43,302 - INFO - backend.app.application.orders.ExpectDownloadedPdf - (orders.py:164) - Ingested downloaded PDF: C:\Users\andrew\Desktop\Andrew\Projects\IthacaBakery\RandomStuff\WorkBot\refactor-experimental\data\downloads\Order.pdf
2025-10-26 09:50:49,253 - INFO - backend.app.application.orders.ExpectDownloadedPdf - (orders.py:156) - Expecting downloaded PDF for UNFI / Downtown / 20251024
2025-10-26 09:50:50,788 - INFO - backend.app.application.orders.ExpectDownloadedPdf - (orders.py:164) - Ingested downloaded PDF: C:\Users\andrew\Desktop\Andrew\Projects\IthacaBakery\RandomStuff\WorkBot\refactor-experimental\data\downloads\Order.pdf
2025-10-26 09:50:54,990 - INFO - backend.app.application.orders.ExpectDownloadedPdf - (orders.py:156) - Expecting downloaded PDF for Hillcrest Dairy / Downtown / 20251024
2025-10-26 09:50:56,529 - INFO - backend.app.application.orders.ExpectDownloadedPdf - (orders.py:164) - Ingested downloaded PDF: C:\Users\andrew\Desktop\Andrew\Projects\IthacaBakery\RandomStuff\WorkBot\refactor-experimental\data\downloads\Order.pdf
2025-10-26 09:51:00,844 - INFO - backend.app.application.orders.ExpectDownloadedPdf - (orders.py:156) - Expecting downloaded PDF for Peters Supply / Downtown / 20251024
2025-10-26 09:51:02,381 - INFO - backend.app.application.orders.ExpectDownloadedPdf - (orders.py:164) - Ingested downloaded PDF: C:\Users\andrew\Desktop\Andrew\Projects\IthacaBakery\RandomStuff\WorkBot\refactor-experimental\data\downloads\Order.pdf
2025-10-26 09:51:06,850 - INFO - backend.app.application.orders.ExpectDownloadedPdf - (orders.py:156) - Expecting downloaded PDF for Coffee Depot LLC / Downtown / 20251024
2025-10-26 09:51:07,881 - INFO - backend.app.application.orders.ExpectDownloadedPdf - (orders.py:164) - Ingested downloaded PDF: C:\Users\andrew\Desktop\Andrew\Projects\IthacaBakery\RandomStuff\WorkBot\refactor-experimental\data\downloads\Order.pdf
2025-10-26 09:51:20,187 - INFO - backend.app.application.orders.ExpectDownloadedPdf - (orders.py:156) - Expecting downloaded PDF for Performance Food / Collegetown / 20251024
2025-10-26 09:51:21,214 - INFO - backend.app.application.orders.ExpectDownloadedPdf - (orders.py:164) - Ingested downloaded PDF: C:\Users\andrew\Desktop\Andrew\Projects\IthacaBakery\RandomStuff\WorkBot\refactor-experimental\data\downloads\Order.pdf
2025-10-26 09:51:26,567 - INFO - backend.app.application.orders.ExpectDownloadedPdf - (orders.py:156) - Expecting downloaded PDF for US Foods / Collegetown / 20251024
2025-10-26 09:51:27,596 - INFO - backend.app.application.orders.ExpectDownloadedPdf - (orders.py:164) - Ingested downloaded PDF: C:\Users\andrew\Desktop\Andrew\Projects\IthacaBakery\RandomStuff\WorkBot\refactor-experimental\data\downloads\Order.pdf
2025-10-26 09:51:33,151 - INFO - backend.app.application.orders.ExpectDownloadedPdf - (orders.py:156) - Expecting downloaded PDF for Sysco / Collegetown / 20251024
2025-10-26 09:51:34,181 - INFO - backend.app.application.orders.ExpectDownloadedPdf - (orders.py:164) - Ingested downloaded PDF: C:\Users\andrew\Desktop\Andrew\Projects\IthacaBakery\RandomStuff\WorkBot\refactor-experimental\data\downloads\Order.pdf
2025-10-26 09:51:40,743 - INFO - backend.app.application.orders.ExpectDownloadedPdf - (orders.py:156) - Expecting downloaded PDF for Ithaca Bakery / Collegetown / 20251024
2025-10-26 09:51:42,274 - INFO - backend.app.application.orders.ExpectDownloadedPdf - (orders.py:164) - Ingested downloaded PDF: C:\Users\andrew\Desktop\Andrew\Projects\IthacaBakery\RandomStuff\WorkBot\refactor-experimental\data\downloads\Order.pdf
2025-10-26 09:51:46,531 - INFO - backend.app.application.orders.ExpectDownloadedPdf - (orders.py:156) - Expecting downloaded PDF for Hillcrest Dairy / Collegetown / 20251024
2025-10-26 09:51:47,561 - INFO - backend.app.application.orders.ExpectDownloadedPdf - (orders.py:164) - Ingested downloaded PDF: C:\Users\andrew\Desktop\Andrew\Projects\IthacaBakery\RandomStuff\WorkBot\refactor-experimental\data\downloads\Order.pdf
2025-10-26 09:51:52,835 - INFO - backend.app.application.orders.ExpectDownloadedPdf - (orders.py:156) - Expecting downloaded PDF for Regional Distributors, Inc. / Collegetown / 20251024
2025-10-26 09:51:53,865 - INFO - backend.app.application.orders.ExpectDownloadedPdf - (orders.py:164) - Ingested downloaded PDF: C:\Users\andrew\Desktop\Andrew\Projects\IthacaBakery\RandomStuff\WorkBot\refactor-experimental\data\downloads\Order.pdf
2025-10-26 09:51:58,559 - INFO - backend.app.application.orders.ExpectDownloadedPdf - (orders.py:156) - Expecting downloaded PDF for Equal Exchange / Collegetown / 20251024
2025-10-26 09:51:59,587 - INFO - backend.app.application.orders.ExpectDownloadedPdf - (orders.py:164) - Ingested downloaded PDF: C:\Users\andrew\Desktop\Andrew\Projects\IthacaBakery\RandomStuff\WorkBot\refactor-experimental\data\downloads\Order.pdf
2025-10-26 09:52:04,135 - INFO - backend.app.application.orders.ExpectDownloadedPdf - (orders.py:156) - Expecting downloaded PDF for Copper Horse Coffee / Collegetown / 20251024
2025-10-26 09:52:05,165 - INFO - backend.app.application.orders.ExpectDownloadedPdf - (orders.py:164) - Ingested downloaded PDF: C:\Users\andrew\Desktop\Andrew\Projects\IthacaBakery\RandomStuff\WorkBot\refactor-experimental\data\downloads\Order.pdf
2025-10-26 09:52:10,431 - INFO - backend.app.application.orders.ExpectDownloadedPdf - (orders.py:156) - Expecting downloaded PDF for Hill & Markes / Collegetown / 20251024
2025-10-26 09:52:11,969 - INFO - backend.app.application.orders.ExpectDownloadedPdf - (orders.py:164) - Ingested downloaded PDF: C:\Users\andrew\Desktop\Andrew\Projects\IthacaBakery\RandomStuff\WorkBot\refactor-experimental\data\downloads\Order.pdf
2025-10-26 09:52:16,008 - INFO - backend.app.application.orders.ExpectDownloadedPdf - (orders.py:156) - Expecting downloaded PDF for Johnston Paper / Collegetown / 20251024
2025-10-26 09:52:17,036 - INFO - backend.app.application.orders.ExpectDownloadedPdf - (orders.py:164) - Ingested downloaded PDF: C:\Users\andrew\Desktop\Andrew\Projects\IthacaBakery\RandomStuff\WorkBot\refactor-experimental\data\downloads\Order.pdf
2025-10-26 09:52:21,755 - INFO - backend.app.application.orders.ExpectDownloadedPdf - (orders.py:156) - Expecting downloaded PDF for Peters Supply / Collegetown / 20251024
2025-10-26 09:52:22,786 - INFO - backend.app.application.orders.ExpectDownloadedPdf - (orders.py:164) - Ingested downloaded PDF: C:\Users\andrew\Desktop\Andrew\Projects\IthacaBakery\RandomStuff\WorkBot\refactor-experimental\data\downloads\Order.pdf
2025-10-26 09:52:28,000 - INFO - backend.app.application.orders.ExpectDownloadedPdf - (orders.py:156) - Expecting downloaded PDF for Coca-Cola / Collegetown / 20251024
2025-10-26 09:52:29,532 - INFO - backend.app.application.orders.ExpectDownloadedPdf - (orders.py:164) - Ingested downloaded PDF: C:\Users\andrew\Desktop\Andrew\Projects\IthacaBakery\RandomStuff\WorkBot\refactor-experimental\data\downloads\Order.pdf
2025-10-26 09:52:33,711 - INFO - backend.app.application.orders.ExpectDownloadedPdf - (orders.py:156) - Expecting downloaded PDF for SANICO / Collegetown / 20251024
2025-10-26 09:52:35,283 - INFO - backend.app.application.orders.ExpectDownloadedPdf - (orders.py:164) - Ingested downloaded PDF: C:\Users\andrew\Desktop\Andrew\Projects\IthacaBakery\RandomStuff\WorkBot\refactor-experimental\data\downloads\Order.pdf
2025-10-26 09:52:39,985 - INFO - backend.app.application.orders.ExpectDownloadedPdf - (orders.py:156) - Expecting downloaded PDF for Coffee Depot LLC / Collegetown / 20251024
2025-10-26 09:52:41,524 - INFO - backend.app.application.orders.ExpectDownloadedPdf - (orders.py:164) - Ingested downloaded PDF: C:\Users\andrew\Desktop\Andrew\Projects\IthacaBakery\RandomStuff\WorkBot\refactor-experimental\data\downloads\Order.pdf
2025-10-26 09:52:45,635 - INFO - backend.app.application.orders.ExpectDownloadedPdf - (orders.py:156) - Expecting downloaded PDF for Webstaurant / Collegetown / 20251024
2025-10-26 09:52:47,167 - INFO - backend.app.application.orders.ExpectDownloadedPdf - (orders.py:164) - Ingested downloaded PDF: C:\Users\andrew\Desktop\Andrew\Projects\IthacaBakery\RandomStuff\WorkBot\refactor-experimental\data\downloads\Order.pdf
2025-10-26 09:52:52,927 - INFO - backend.app.application.orders.ExpectDownloadedPdf - (orders.py:156) - Expecting downloaded PDF for UNFI / Collegetown / 20251024
2025-10-26 09:52:53,962 - INFO - backend.app.application.orders.ExpectDownloadedPdf - (orders.py:164) - Ingested downloaded PDF: C:\Users\andrew\Desktop\Andrew\Projects\IthacaBakery\RandomStuff\WorkBot\refactor-experimental\data\downloads\Order.pdf
2025-10-26 09:52:58,959 - INFO - backend.app.application.orders.ExpectDownloadedPdf - (orders.py:156) - Expecting downloaded PDF for FingerLakes Farms / Collegetown / 20251024
2025-10-26 09:52:59,999 - INFO - backend.app.application.orders.ExpectDownloadedPdf - (orders.py:164) - Ingested downloaded PDF: C:\Users\andrew\Desktop\Andrew\Projects\IthacaBakery\RandomStuff\WorkBot\refactor-experimental\data\downloads\Order.pdf
2025-10-26 09:53:04,594 - INFO - backend.app.application.orders.ExpectDownloadedPdf - (orders.py:156) - Expecting downloaded PDF for A.L. George / Collegetown / 20251024
2025-10-26 09:53:05,626 - INFO - backend.app.application.orders.ExpectDownloadedPdf - (orders.py:164) - Ingested downloaded PDF: C:\Users\andrew\Desktop\Andrew\Projects\IthacaBakery\RandomStuff\WorkBot\refactor-experimental\data\downloads\Order.pdf
2025-10-26 09:53:10,427 - INFO - backend.app.application.orders.ExpectDownloadedPdf - (orders.py:156) - Expecting downloaded PDF for BALKAN BEVERAGE LLC / Collegetown / 20251024
2025-10-26 09:53:11,966 - INFO - backend.app.application.orders.ExpectDownloadedPdf - (orders.py:164) - Ingested downloaded PDF: C:\Users\andrew\Desktop\Andrew\Projects\IthacaBakery\RandomStuff\WorkBot\refactor-experimental\data\downloads\Order.pdf
2025-10-26 09:53:22,720 - INFO - backend.app.application.orders.ExpectDownloadedPdf - (orders.py:156) - Expecting downloaded PDF for Johnston Paper / Triphammer / 20251024
2025-10-26 09:53:24,259 - INFO - backend.app.application.orders.ExpectDownloadedPdf - (orders.py:164) - Ingested downloaded PDF: C:\Users\andrew\Desktop\Andrew\Projects\IthacaBakery\RandomStuff\WorkBot\refactor-experimental\data\downloads\Order.pdf
2025-10-26 09:53:28,879 - INFO - backend.app.application.orders.ExpectDownloadedPdf - (orders.py:156) - Expecting downloaded PDF for Hill & Markes / Triphammer / 20251024
2025-10-26 09:53:30,417 - INFO - backend.app.application.orders.ExpectDownloadedPdf - (orders.py:164) - Ingested downloaded PDF: C:\Users\andrew\Desktop\Andrew\Projects\IthacaBakery\RandomStuff\WorkBot\refactor-experimental\data\downloads\Order.pdf
2025-10-26 09:53:35,040 - INFO - backend.app.application.orders.ExpectDownloadedPdf - (orders.py:156) - Expecting downloaded PDF for FingerLakes Farms / Triphammer / 20251024
2025-10-26 09:53:36,064 - INFO - backend.app.application.orders.ExpectDownloadedPdf - (orders.py:164) - Ingested downloaded PDF: C:\Users\andrew\Desktop\Andrew\Projects\IthacaBakery\RandomStuff\WorkBot\refactor-experimental\data\downloads\Order.pdf
2025-10-26 09:53:41,436 - INFO - backend.app.application.orders.ExpectDownloadedPdf - (orders.py:156) - Expecting downloaded PDF for Sysco / Triphammer / 20251024
2025-10-26 09:53:42,466 - INFO - backend.app.application.orders.ExpectDownloadedPdf - (orders.py:164) - Ingested downloaded PDF: C:\Users\andrew\Desktop\Andrew\Projects\IthacaBakery\RandomStuff\WorkBot\refactor-experimental\data\downloads\Order.pdf
2025-10-26 09:53:48,679 - INFO - backend.app.application.orders.ExpectDownloadedPdf - (orders.py:156) - Expecting downloaded PDF for Ithaca Bakery / Triphammer / 20251024
2025-10-26 09:53:50,217 - INFO - backend.app.application.orders.ExpectDownloadedPdf - (orders.py:164) - Ingested downloaded PDF: C:\Users\andrew\Desktop\Andrew\Projects\IthacaBakery\RandomStuff\WorkBot\refactor-experimental\data\downloads\Order.pdf
2025-10-26 09:53:55,348 - INFO - backend.app.application.orders.ExpectDownloadedPdf - (orders.py:156) - Expecting downloaded PDF for Performance Food / Triphammer / 20251024
2025-10-26 09:53:56,379 - INFO - backend.app.application.orders.ExpectDownloadedPdf - (orders.py:164) - Ingested downloaded PDF: C:\Users\andrew\Desktop\Andrew\Projects\IthacaBakery\RandomStuff\WorkBot\refactor-experimental\data\downloads\Order.pdf
2025-10-26 09:54:03,064 - INFO - backend.app.application.orders.ExpectDownloadedPdf - (orders.py:156) - Expecting downloaded PDF for UNFI / Triphammer / 20251024
2025-10-26 09:54:04,599 - INFO - backend.app.application.orders.ExpectDownloadedPdf - (orders.py:164) - Ingested downloaded PDF: C:\Users\andrew\Desktop\Andrew\Projects\IthacaBakery\RandomStuff\WorkBot\refactor-experimental\data\downloads\Order.pdf
2025-10-26 09:54:09,529 - INFO - backend.app.application.orders.ExpectDownloadedPdf - (orders.py:156) - Expecting downloaded PDF for US Foods / Triphammer / 20251024
2025-10-26 09:54:10,554 - INFO - backend.app.application.orders.ExpectDownloadedPdf - (orders.py:164) - Ingested downloaded PDF: C:\Users\andrew\Desktop\Andrew\Projects\IthacaBakery\RandomStuff\WorkBot\refactor-experimental\data\downloads\Order.pdf
2025-10-26 09:54:15,478 - INFO - backend.app.application.orders.ExpectDownloadedPdf - (orders.py:156) - Expecting downloaded PDF for Hillcrest Dairy / Triphammer / 20251024
2025-10-26 09:54:17,012 - INFO - backend.app.application.orders.ExpectDownloadedPdf - (orders.py:164) - Ingested downloaded PDF: C:\Users\andrew\Desktop\Andrew\Projects\IthacaBakery\RandomStuff\WorkBot\refactor-experimental\data\downloads\Order.pdf
2025-10-26 09:54:21,216 - INFO - backend.app.application.orders.ExpectDownloadedPdf - (orders.py:156) - Expecting downloaded PDF for Equal Exchange / Triphammer / 20251024
2025-10-26 09:54:22,780 - INFO - backend.app.application.orders.ExpectDownloadedPdf - (orders.py:164) - Ingested downloaded PDF: C:\Users\andrew\Desktop\Andrew\Projects\IthacaBakery\RandomStuff\WorkBot\refactor-experimental\data\downloads\Order.pdf
2025-10-26 09:54:27,127 - INFO - backend.app.application.orders.ExpectDownloadedPdf - (orders.py:156) - Expecting downloaded PDF for Peters Supply / Triphammer / 20251024
2025-10-26 09:54:28,159 - INFO - backend.app.application.orders.ExpectDownloadedPdf - (orders.py:164) - Ingested downloaded PDF: C:\Users\andrew\Desktop\Andrew\Projects\IthacaBakery\RandomStuff\WorkBot\refactor-experimental\data\downloads\Order.pdf
2025-10-26 09:54:32,947 - INFO - backend.app.application.orders.ExpectDownloadedPdf - (orders.py:156) - Expecting downloaded PDF for Regional Distributors, Inc. / Triphammer / 20251024
2025-10-26 09:54:34,482 - INFO - backend.app.application.orders.ExpectDownloadedPdf - (orders.py:164) - Ingested downloaded PDF: C:\Users\andrew\Desktop\Andrew\Projects\IthacaBakery\RandomStuff\WorkBot\refactor-experimental\data\downloads\Order.pdf
2025-10-26 09:54:38,940 - INFO - backend.app.application.orders.ExpectDownloadedPdf - (orders.py:156) - Expecting downloaded PDF for Copper Horse Coffee / Triphammer / 20251024
2025-10-26 09:54:39,976 - INFO - backend.app.application.orders.ExpectDownloadedPdf - (orders.py:164) - Ingested downloaded PDF: C:\Users\andrew\Desktop\Andrew\Projects\IthacaBakery\RandomStuff\WorkBot\refactor-experimental\data\downloads\Order.pdf
2025-10-26 09:54:44,909 - INFO - backend.app.application.orders.ExpectDownloadedPdf - (orders.py:156) - Expecting downloaded PDF for Coffee Depot LLC / Triphammer / 20251024
2025-10-26 09:54:46,446 - INFO - backend.app.application.orders.ExpectDownloadedPdf - (orders.py:164) - Ingested downloaded PDF: C:\Users\andrew\Desktop\Andrew\Projects\IthacaBakery\RandomStuff\WorkBot\refactor-experimental\data\downloads\Order.pdf
2025-10-26 09:54:51,184 - INFO - backend.app.application.orders.ExpectDownloadedPdf - (orders.py:156) - Expecting downloaded PDF for Coca-Cola / Triphammer / 20251024
2025-10-26 09:54:52,216 - INFO - backend.app.application.orders.ExpectDownloadedPdf - (orders.py:164) - Ingested downloaded PDF: C:\Users\andrew\Desktop\Andrew\Projects\IthacaBakery\RandomStuff\WorkBot\refactor-experimental\data\downloads\Order.pdf
2025-10-26 09:54:56,956 - INFO - backend.app.application.orders.ExpectDownloadedPdf - (orders.py:156) - Expecting downloaded PDF for A.L. George / Triphammer / 20251024
2025-10-26 09:54:57,986 - INFO - backend.app.application.orders.ExpectDownloadedPdf - (orders.py:164) - Ingested downloaded PDF: C:\Users\andrew\Desktop\Andrew\Projects\IthacaBakery\RandomStuff\WorkBot\refactor-experimental\data\downloads\Order.pdf
2025-10-26 09:55:02,588 - INFO - backend.app.application.orders.ExpectDownloadedPdf - (orders.py:156) - Expecting downloaded PDF for DUTCH VALLEY FOOD DIST / Triphammer / 20251025
2025-10-26 09:55:04,124 - INFO - backend.app.application.orders.ExpectDownloadedPdf - (orders.py:164) - Ingested downloaded PDF: C:\Users\andrew\Desktop\Andrew\Projects\IthacaBakery\RandomStuff\WorkBot\refactor-experimental\data\downloads\Order.pdf
2025-10-26 09:55:15,134 - INFO - backend.app.application.orders.ExpectDownloadedPdf - (orders.py:156) - Expecting downloaded PDF for Hill & Markes / Syracuse / 20251024
2025-10-26 09:55:16,164 - INFO - backend.app.application.orders.ExpectDownloadedPdf - (orders.py:164) - Ingested downloaded PDF: C:\Users\andrew\Desktop\Andrew\Projects\IthacaBakery\RandomStuff\WorkBot\refactor-experimental\data\downloads\Order.pdf
2025-10-26 09:55:22,584 - INFO - backend.app.application.orders.ExpectDownloadedPdf - (orders.py:156) - Expecting downloaded PDF for Ithaca Bakery / Syracuse / 20251024
2025-10-26 09:55:23,611 - INFO - backend.app.application.orders.ExpectDownloadedPdf - (orders.py:164) - Ingested downloaded PDF: C:\Users\andrew\Desktop\Andrew\Projects\IthacaBakery\RandomStuff\WorkBot\refactor-experimental\data\downloads\Order.pdf
2025-10-26 09:55:28,792 - INFO - backend.app.application.orders.ExpectDownloadedPdf - (orders.py:156) - Expecting downloaded PDF for US Foods / Syracuse / 20251024
2025-10-26 09:55:30,329 - INFO - backend.app.application.orders.ExpectDownloadedPdf - (orders.py:164) - Ingested downloaded PDF: C:\Users\andrew\Desktop\Andrew\Projects\IthacaBakery\RandomStuff\WorkBot\refactor-experimental\data\downloads\Order.pdf
2025-10-26 09:55:34,835 - INFO - backend.app.application.orders.ExpectDownloadedPdf - (orders.py:156) - Expecting downloaded PDF for Regional Distributors, Inc. / Syracuse / 20251024
2025-10-26 09:55:35,871 - INFO - backend.app.application.orders.ExpectDownloadedPdf - (orders.py:164) - Ingested downloaded PDF: C:\Users\andrew\Desktop\Andrew\Projects\IthacaBakery\RandomStuff\WorkBot\refactor-experimental\data\downloads\Order.pdf
2025-10-26 09:55:41,366 - INFO - backend.app.application.orders.ExpectDownloadedPdf - (orders.py:156) - Expecting downloaded PDF for Performance Food / Syracuse / 20251024
2025-10-26 09:55:42,397 - INFO - backend.app.application.orders.ExpectDownloadedPdf - (orders.py:164) - Ingested downloaded PDF: C:\Users\andrew\Desktop\Andrew\Projects\IthacaBakery\RandomStuff\WorkBot\refactor-experimental\data\downloads\Order.pdf
2025-10-26 09:55:47,247 - INFO - backend.app.application.orders.ExpectDownloadedPdf - (orders.py:156) - Expecting downloaded PDF for UNFI / Syracuse / 20251024
2025-10-26 09:55:48,274 - INFO - backend.app.application.orders.ExpectDownloadedPdf - (orders.py:164) - Ingested downloaded PDF: C:\Users\andrew\Desktop\Andrew\Projects\IthacaBakery\RandomStuff\WorkBot\refactor-experimental\data\downloads\Order.pdf
2025-10-26 09:55:52,869 - INFO - backend.app.application.orders.ExpectDownloadedPdf - (orders.py:156) - Expecting downloaded PDF for Peters Supply / Syracuse / 20251024
2025-10-26 09:55:53,896 - INFO - backend.app.application.orders.ExpectDownloadedPdf - (orders.py:164) - Ingested downloaded PDF: C:\Users\andrew\Desktop\Andrew\Projects\IthacaBakery\RandomStuff\WorkBot\refactor-experimental\data\downloads\Order.pdf
2025-10-26 09:55:58,431 - INFO - backend.app.application.orders.ExpectDownloadedPdf - (orders.py:156) - Expecting downloaded PDF for Johnston Paper / Syracuse / 20251024
2025-10-26 09:55:59,461 - INFO - backend.app.application.orders.ExpectDownloadedPdf - (orders.py:164) - Ingested downloaded PDF: C:\Users\andrew\Desktop\Andrew\Projects\IthacaBakery\RandomStuff\WorkBot\refactor-experimental\data\downloads\Order.pdf
2025-10-26 09:56:04,452 - INFO - backend.app.application.orders.ExpectDownloadedPdf - (orders.py:156) - Expecting downloaded PDF for Sysco / Syracuse / 20251024
2025-10-26 09:56:05,486 - INFO - backend.app.application.orders.ExpectDownloadedPdf - (orders.py:164) - Ingested downloaded PDF: C:\Users\andrew\Desktop\Andrew\Projects\IthacaBakery\RandomStuff\WorkBot\refactor-experimental\data\downloads\Order.pdf
2025-10-26 09:56:10,180 - INFO - backend.app.application.orders.ExpectDownloadedPdf - (orders.py:156) - Expecting downloaded PDF for Hillcrest Dairy / Syracuse / 20251024
2025-10-26 09:56:11,252 - INFO - backend.app.application.orders.ExpectDownloadedPdf - (orders.py:164) - Ingested downloaded PDF: C:\Users\andrew\Desktop\Andrew\Projects\IthacaBakery\RandomStuff\WorkBot\refactor-experimental\data\downloads\Order.pdf
2025-10-26 09:56:15,887 - INFO - backend.app.application.orders.ExpectDownloadedPdf - (orders.py:156) - Expecting downloaded PDF for Equal Exchange / Syracuse / 20251024
2025-10-26 09:56:16,918 - INFO - backend.app.application.orders.ExpectDownloadedPdf - (orders.py:164) - Ingested downloaded PDF: C:\Users\andrew\Desktop\Andrew\Projects\IthacaBakery\RandomStuff\WorkBot\refactor-experimental\data\downloads\Order.pdf
2025-10-26 09:56:21,927 - INFO - backend.app.application.orders.ExpectDownloadedPdf - (orders.py:156) - Expecting downloaded PDF for Coffee Depot LLC / Syracuse / 20251024
2025-10-26 09:56:22,955 - INFO - backend.app.application.orders.ExpectDownloadedPdf - (orders.py:164) - Ingested downloaded PDF: C:\Users\andrew\Desktop\Andrew\Projects\IthacaBakery\RandomStuff\WorkBot\refactor-experimental\data\downloads\Order.pdf
2025-10-26 09:56:27,505 - INFO - backend.app.application.orders.ExpectDownloadedPdf - (orders.py:156) - Expecting downloaded PDF for DUTCH VALLEY FOOD DIST / Syracuse / 20251024
2025-10-26 09:56:28,536 - INFO - backend.app.application.orders.ExpectDownloadedPdf - (orders.py:164) - Ingested downloaded PDF: C:\Users\andrew\Desktop\Andrew\Projects\IthacaBakery\RandomStuff\WorkBot\refactor-experimental\data\downloads\Order.pdf
2025-10-26 13:33:59,198 - INFO - backend.app.application.orders.ExpectDownloadedPdf - (orders.py:165) - Expecting downloaded PDF for Johnston Paper / Triphammer / 20251024
2025-10-26 13:34:00,232 - INFO - backend.app.application.orders.ExpectDownloadedPdf - (orders.py:173) - Ingested downloaded PDF: C:\Users\andrew\Desktop\Andrew\Projects\IthacaBakery\RandomStuff\WorkBot\refactor-experimental\data\downloads\Order.pdf
2025-10-26 13:34:05,379 - INFO - backend.app.application.orders.ExpectDownloadedPdf - (orders.py:165) - Expecting downloaded PDF for Hill & Markes / Triphammer / 20251024
2025-10-26 13:34:06,407 - INFO - backend.app.application.orders.ExpectDownloadedPdf - (orders.py:173) - Ingested downloaded PDF: C:\Users\andrew\Desktop\Andrew\Projects\IthacaBakery\RandomStuff\WorkBot\refactor-experimental\data\downloads\Order.pdf
2025-10-26 13:34:11,548 - INFO - backend.app.application.orders.ExpectDownloadedPdf - (orders.py:165) - Expecting downloaded PDF for FingerLakes Farms / Triphammer / 20251024
2025-10-26 13:34:12,583 - INFO - backend.app.application.orders.ExpectDownloadedPdf - (orders.py:173) - Ingested downloaded PDF: C:\Users\andrew\Desktop\Andrew\Projects\IthacaBakery\RandomStuff\WorkBot\refactor-experimental\data\downloads\Order.pdf
2025-10-26 13:34:19,511 - INFO - backend.app.application.orders.ExpectDownloadedPdf - (orders.py:165) - Expecting downloaded PDF for Sysco / Triphammer / 20251024
2025-10-26 13:34:21,046 - INFO - backend.app.application.orders.ExpectDownloadedPdf - (orders.py:173) - Ingested downloaded PDF: C:\Users\andrew\Desktop\Andrew\Projects\IthacaBakery\RandomStuff\WorkBot\refactor-experimental\data\downloads\Order.pdf
2025-10-26 13:34:27,430 - INFO - backend.app.application.orders.ExpectDownloadedPdf - (orders.py:165) - Expecting downloaded PDF for Ithaca Bakery / Triphammer / 20251024
2025-10-26 13:34:28,965 - INFO - backend.app.application.orders.ExpectDownloadedPdf - (orders.py:173) - Ingested downloaded PDF: C:\Users\andrew\Desktop\Andrew\Projects\IthacaBakery\RandomStuff\WorkBot\refactor-experimental\data\downloads\Order.pdf
2025-10-26 13:34:36,471 - INFO - backend.app.application.orders.ExpectDownloadedPdf - (orders.py:165) - Expecting downloaded PDF for Performance Food / Triphammer / 20251024
2025-10-26 13:34:38,010 - INFO - backend.app.application.orders.ExpectDownloadedPdf - (orders.py:173) - Ingested downloaded PDF: C:\Users\andrew\Desktop\Andrew\Projects\IthacaBakery\RandomStuff\WorkBot\refactor-experimental\data\downloads\Order.pdf
2025-10-26 13:34:44,702 - INFO - backend.app.application.orders.ExpectDownloadedPdf - (orders.py:165) - Expecting downloaded PDF for UNFI / Triphammer / 20251024
2025-10-26 13:34:45,734 - INFO - backend.app.application.orders.ExpectDownloadedPdf - (orders.py:173) - Ingested downloaded PDF: C:\Users\andrew\Desktop\Andrew\Projects\IthacaBakery\RandomStuff\WorkBot\refactor-experimental\data\downloads\Order.pdf
2025-10-26 13:34:52,550 - INFO - backend.app.application.orders.ExpectDownloadedPdf - (orders.py:165) - Expecting downloaded PDF for US Foods / Triphammer / 20251024
2025-10-26 13:34:54,089 - INFO - backend.app.application.orders.ExpectDownloadedPdf - (orders.py:173) - Ingested downloaded PDF: C:\Users\andrew\Desktop\Andrew\Projects\IthacaBakery\RandomStuff\WorkBot\refactor-experimental\data\downloads\Order.pdf
2025-10-26 13:34:58,416 - INFO - backend.app.application.orders.ExpectDownloadedPdf - (orders.py:165) - Expecting downloaded PDF for Hillcrest Dairy / Triphammer / 20251024
2025-10-26 13:34:59,950 - INFO - backend.app.application.orders.ExpectDownloadedPdf - (orders.py:173) - Ingested downloaded PDF: C:\Users\andrew\Desktop\Andrew\Projects\IthacaBakery\RandomStuff\WorkBot\refactor-experimental\data\downloads\Order.pdf
2025-10-26 13:35:04,164 - INFO - backend.app.application.orders.ExpectDownloadedPdf - (orders.py:165) - Expecting downloaded PDF for Equal Exchange / Triphammer / 20251024
2025-10-26 13:35:05,203 - INFO - backend.app.application.orders.ExpectDownloadedPdf - (orders.py:173) - Ingested downloaded PDF: C:\Users\andrew\Desktop\Andrew\Projects\IthacaBakery\RandomStuff\WorkBot\refactor-experimental\data\downloads\Order.pdf
2025-10-26 13:35:10,208 - INFO - backend.app.application.orders.ExpectDownloadedPdf - (orders.py:165) - Expecting downloaded PDF for Peters Supply / Triphammer / 20251024
2025-10-26 13:35:11,238 - INFO - backend.app.application.orders.ExpectDownloadedPdf - (orders.py:173) - Ingested downloaded PDF: C:\Users\andrew\Desktop\Andrew\Projects\IthacaBakery\RandomStuff\WorkBot\refactor-experimental\data\downloads\Order.pdf
2025-10-26 13:35:16,114 - INFO - backend.app.application.orders.ExpectDownloadedPdf - (orders.py:165) - Expecting downloaded PDF for Regional Distributors, Inc. / Triphammer / 20251024
2025-10-26 13:35:17,147 - INFO - backend.app.application.orders.ExpectDownloadedPdf - (orders.py:173) - Ingested downloaded PDF: C:\Users\andrew\Desktop\Andrew\Projects\IthacaBakery\RandomStuff\WorkBot\refactor-experimental\data\downloads\Order.pdf
2025-10-26 13:35:22,106 - INFO - backend.app.application.orders.ExpectDownloadedPdf - (orders.py:165) - Expecting downloaded PDF for Copper Horse Coffee / Triphammer / 20251024
2025-10-26 13:35:23,132 - INFO - backend.app.application.orders.ExpectDownloadedPdf - (orders.py:173) - Ingested downloaded PDF: C:\Users\andrew\Desktop\Andrew\Projects\IthacaBakery\RandomStuff\WorkBot\refactor-experimental\data\downloads\Order.pdf
2025-10-26 13:35:28,108 - INFO - backend.app.application.orders.ExpectDownloadedPdf - (orders.py:165) - Expecting downloaded PDF for Coffee Depot LLC / Triphammer / 20251024
2025-10-26 13:35:29,641 - INFO - backend.app.application.orders.ExpectDownloadedPdf - (orders.py:173) - Ingested downloaded PDF: C:\Users\andrew\Desktop\Andrew\Projects\IthacaBakery\RandomStuff\WorkBot\refactor-experimental\data\downloads\Order.pdf
2025-10-26 13:35:34,499 - INFO - backend.app.application.orders.ExpectDownloadedPdf - (orders.py:165) - Expecting downloaded PDF for Coca-Cola / Triphammer / 20251024
2025-10-26 13:35:35,536 - INFO - backend.app.application.orders.ExpectDownloadedPdf - (orders.py:173) - Ingested downloaded PDF: C:\Users\andrew\Desktop\Andrew\Projects\IthacaBakery\RandomStuff\WorkBot\refactor-experimental\data\downloads\Order.pdf
2025-10-26 13:35:40,302 - INFO - backend.app.application.orders.ExpectDownloadedPdf - (orders.py:165) - Expecting downloaded PDF for A.L. George / Triphammer / 20251024
2025-10-26 13:35:41,840 - INFO - backend.app.application.orders.ExpectDownloadedPdf - (orders.py:173) - Ingested downloaded PDF: C:\Users\andrew\Desktop\Andrew\Projects\IthacaBakery\RandomStuff\WorkBot\refactor-experimental\data\downloads\Order.pdf
2025-10-26 13:35:45,977 - INFO - backend.app.application.orders.ExpectDownloadedPdf - (orders.py:165) - Expecting downloaded PDF for DUTCH VALLEY FOOD DIST / Triphammer / 20251025
2025-10-26 13:35:47,010 - INFO - backend.app.application.orders.ExpectDownloadedPdf - (orders.py:173) - Ingested downloaded PDF: C:\Users\andrew\Desktop\Andrew\Projects\IthacaBakery\RandomStuff\WorkBot\refactor-experimental\data\downloads\Order.pdf
2025-10-26 13:54:51,811 - INFO - backend.app.application.orders.ExpectDownloadedPdf - (orders.py:165) - Expecting downloaded PDF for Johnston Paper / Triphammer / 20251024
2025-10-26 13:54:53,349 - INFO - backend.app.application.orders.ExpectDownloadedPdf - (orders.py:173) - Ingested downloaded PDF: C:\Users\andrew\Desktop\Andrew\Projects\IthacaBakery\RandomStuff\WorkBot\refactor-experimental\data\downloads\Order.pdf
2025-10-26 13:54:58,040 - INFO - backend.app.application.orders.ExpectDownloadedPdf - (orders.py:165) - Expecting downloaded PDF for Hill & Markes / Triphammer / 20251024
2025-10-26 13:54:59,588 - INFO - backend.app.application.orders.ExpectDownloadedPdf - (orders.py:173) - Ingested downloaded PDF: C:\Users\andrew\Desktop\Andrew\Projects\IthacaBakery\RandomStuff\WorkBot\refactor-experimental\data\downloads\Order.pdf
2025-10-26 13:55:04,349 - INFO - backend.app.application.orders.ExpectDownloadedPdf - (orders.py:165) - Expecting downloaded PDF for FingerLakes Farms / Triphammer / 20251024
2025-10-26 13:55:05,893 - INFO - backend.app.application.orders.ExpectDownloadedPdf - (orders.py:173) - Ingested downloaded PDF: C:\Users\andrew\Desktop\Andrew\Projects\IthacaBakery\RandomStuff\WorkBot\refactor-experimental\data\downloads\Order.pdf
2025-10-26 13:55:12,833 - INFO - backend.app.application.orders.ExpectDownloadedPdf - (orders.py:165) - Expecting downloaded PDF for Sysco / Triphammer / 20251024
2025-10-26 13:55:13,860 - INFO - backend.app.application.orders.ExpectDownloadedPdf - (orders.py:173) - Ingested downloaded PDF: C:\Users\andrew\Desktop\Andrew\Projects\IthacaBakery\RandomStuff\WorkBot\refactor-experimental\data\downloads\Order.pdf
2025-10-26 13:55:20,380 - INFO - backend.app.application.orders.ExpectDownloadedPdf - (orders.py:165) - Expecting downloaded PDF for Ithaca Bakery / Triphammer / 20251024
2025-10-26 13:55:21,406 - INFO - backend.app.application.orders.ExpectDownloadedPdf - (orders.py:173) - Ingested downloaded PDF: C:\Users\andrew\Desktop\Andrew\Projects\IthacaBakery\RandomStuff\WorkBot\refactor-experimental\data\downloads\Order.pdf
2025-10-26 13:55:29,240 - INFO - backend.app.application.orders.ExpectDownloadedPdf - (orders.py:165) - Expecting downloaded PDF for Performance Food / Triphammer / 20251024
2025-10-26 13:55:30,783 - INFO - backend.app.application.orders.ExpectDownloadedPdf - (orders.py:173) - Ingested downloaded PDF: C:\Users\andrew\Desktop\Andrew\Projects\IthacaBakery\RandomStuff\WorkBot\refactor-experimental\data\downloads\Order.pdf
2025-10-26 13:55:37,139 - INFO - backend.app.application.orders.ExpectDownloadedPdf - (orders.py:165) - Expecting downloaded PDF for UNFI / Triphammer / 20251024
2025-10-26 13:55:38,168 - INFO - backend.app.application.orders.ExpectDownloadedPdf - (orders.py:173) - Ingested downloaded PDF: C:\Users\andrew\Desktop\Andrew\Projects\IthacaBakery\RandomStuff\WorkBot\refactor-experimental\data\downloads\Order.pdf
2025-10-26 13:55:44,640 - INFO - backend.app.application.orders.ExpectDownloadedPdf - (orders.py:165) - Expecting downloaded PDF for US Foods / Triphammer / 20251024
2025-10-26 13:55:45,671 - INFO - backend.app.application.orders.ExpectDownloadedPdf - (orders.py:173) - Ingested downloaded PDF: C:\Users\andrew\Desktop\Andrew\Projects\IthacaBakery\RandomStuff\WorkBot\refactor-experimental\data\downloads\Order.pdf
2025-10-26 13:55:50,477 - INFO - backend.app.application.orders.ExpectDownloadedPdf - (orders.py:165) - Expecting downloaded PDF for Hillcrest Dairy / Triphammer / 20251024
2025-10-26 13:55:51,507 - INFO - backend.app.application.orders.ExpectDownloadedPdf - (orders.py:173) - Ingested downloaded PDF: C:\Users\andrew\Desktop\Andrew\Projects\IthacaBakery\RandomStuff\WorkBot\refactor-experimental\data\downloads\Order.pdf
2025-10-26 13:55:56,212 - INFO - backend.app.application.orders.ExpectDownloadedPdf - (orders.py:165) - Expecting downloaded PDF for Equal Exchange / Triphammer / 20251024
2025-10-26 13:55:57,253 - INFO - backend.app.application.orders.ExpectDownloadedPdf - (orders.py:173) - Ingested downloaded PDF: C:\Users\andrew\Desktop\Andrew\Projects\IthacaBakery\RandomStuff\WorkBot\refactor-experimental\data\downloads\Order.pdf
2025-10-26 13:56:02,145 - INFO - backend.app.application.orders.ExpectDownloadedPdf - (orders.py:165) - Expecting downloaded PDF for Peters Supply / Triphammer / 20251024
2025-10-26 13:56:03,171 - INFO - backend.app.application.orders.ExpectDownloadedPdf - (orders.py:173) - Ingested downloaded PDF: C:\Users\andrew\Desktop\Andrew\Projects\IthacaBakery\RandomStuff\WorkBot\refactor-experimental\data\downloads\Order.pdf
2025-10-26 13:56:07,986 - INFO - backend.app.application.orders.ExpectDownloadedPdf - (orders.py:165) - Expecting downloaded PDF for Regional Distributors, Inc. / Triphammer / 20251024
2025-10-26 13:56:09,014 - INFO - backend.app.application.orders.ExpectDownloadedPdf - (orders.py:173) - Ingested downloaded PDF: C:\Users\andrew\Desktop\Andrew\Projects\IthacaBakery\RandomStuff\WorkBot\refactor-experimental\data\downloads\Order.pdf
2025-10-26 13:56:13,926 - INFO - backend.app.application.orders.ExpectDownloadedPdf - (orders.py:165) - Expecting downloaded PDF for Copper Horse Coffee / Triphammer / 20251024
2025-10-26 13:56:14,957 - INFO - backend.app.application.orders.ExpectDownloadedPdf - (orders.py:173) - Ingested downloaded PDF: C:\Users\andrew\Desktop\Andrew\Projects\IthacaBakery\RandomStuff\WorkBot\refactor-experimental\data\downloads\Order.pdf
2025-10-26 13:56:19,876 - INFO - backend.app.application.orders.ExpectDownloadedPdf - (orders.py:165) - Expecting downloaded PDF for Coffee Depot LLC / Triphammer / 20251024
2025-10-26 13:56:20,905 - INFO - backend.app.application.orders.ExpectDownloadedPdf - (orders.py:173) - Ingested downloaded PDF: C:\Users\andrew\Desktop\Andrew\Projects\IthacaBakery\RandomStuff\WorkBot\refactor-experimental\data\downloads\Order.pdf
2025-10-26 13:56:26,241 - INFO - backend.app.application.orders.ExpectDownloadedPdf - (orders.py:165) - Expecting downloaded PDF for Coca-Cola / Triphammer / 20251024
2025-10-26 13:56:27,267 - INFO - backend.app.application.orders.ExpectDownloadedPdf - (orders.py:173) - Ingested downloaded PDF: C:\Users\andrew\Desktop\Andrew\Projects\IthacaBakery\RandomStuff\WorkBot\refactor-experimental\data\downloads\Order.pdf
2025-10-26 13:56:31,967 - INFO - backend.app.application.orders.ExpectDownloadedPdf - (orders.py:165) - Expecting downloaded PDF for A.L. George / Triphammer / 20251024
2025-10-26 13:56:32,993 - INFO - backend.app.application.orders.ExpectDownloadedPdf - (orders.py:173) - Ingested downloaded PDF: C:\Users\andrew\Desktop\Andrew\Projects\IthacaBakery\RandomStuff\WorkBot\refactor-experimental\data\downloads\Order.pdf
2025-10-26 13:56:37,577 - INFO - backend.app.application.orders.ExpectDownloadedPdf - (orders.py:165) - Expecting downloaded PDF for DUTCH VALLEY FOOD DIST / Triphammer / 20251025
2025-10-26 13:56:38,604 - INFO - backend.app.application.orders.ExpectDownloadedPdf - (orders.py:173) - Ingested downloaded PDF: C:\Users\andrew\Desktop\Andrew\Projects\IthacaBakery\RandomStuff\WorkBot\refactor-experimental\data\downloads\Order.pdf
2025-10-26 13:56:43,882 - INFO - backend.app.application.orders.ExpectDownloadedPdf - (orders.py:165) - Expecting downloaded PDF for Russo Produce / Triphammer / 20251026
2025-10-26 13:56:44,908 - INFO - backend.app.application.orders.ExpectDownloadedPdf - (orders.py:173) - Ingested downloaded PDF: C:\Users\andrew\Desktop\Andrew\Projects\IthacaBakery\RandomStuff\WorkBot\refactor-experimental\data\downloads\Order.pdf
2025-10-26 13:56:49,518 - INFO - backend.app.application.orders.ExpectDownloadedPdf - (orders.py:165) - Expecting downloaded PDF for BEHLOG & SON, INC. / Triphammer / 20251026
2025-10-26 13:56:50,547 - INFO - backend.app.application.orders.ExpectDownloadedPdf - (orders.py:173) - Ingested downloaded PDF: C:\Users\andrew\Desktop\Andrew\Projects\IthacaBakery\RandomStuff\WorkBot\refactor-experimental\data\downloads\Order.pdf
2025-10-27 08:10:20,845 - INFO - backend.app.application.orders.ExpectDownloadedPdf - (orders.py:165) - Expecting downloaded PDF for UNFI / Bakery / 20251025
2025-10-27 08:10:21,912 - INFO - backend.app.application.orders.ExpectDownloadedPdf - (orders.py:173) - Ingested downloaded PDF: C:\Users\andrew\Desktop\Andrew\Projects\IthacaBakery\RandomStuff\WorkBot\refactor-experimental\data\downloads\Order.pdf
2025-10-27 08:10:26,681 - INFO - backend.app.application.orders.ExpectDownloadedPdf - (orders.py:165) - Expecting downloaded PDF for Coffee Depot LLC / Bakery / 20251025
2025-10-27 08:10:27,709 - INFO - backend.app.application.orders.ExpectDownloadedPdf - (orders.py:173) - Ingested downloaded PDF: C:\Users\andrew\Desktop\Andrew\Projects\IthacaBakery\RandomStuff\WorkBot\refactor-experimental\data\downloads\Order.pdf
2025-10-27 08:10:32,798 - INFO - backend.app.application.orders.ExpectDownloadedPdf - (orders.py:165) - Expecting downloaded PDF for Webstaurant / Bakery / 20251025
2025-10-27 08:10:33,824 - INFO - backend.app.application.orders.ExpectDownloadedPdf - (orders.py:173) - Ingested downloaded PDF: C:\Users\andrew\Desktop\Andrew\Projects\IthacaBakery\RandomStuff\WorkBot\refactor-experimental\data\downloads\Order.pdf
2025-10-27 08:10:39,811 - INFO - backend.app.application.orders.ExpectDownloadedPdf - (orders.py:165) - Expecting downloaded PDF for Sysco / Bakery / 20251025
2025-10-27 08:10:40,836 - INFO - backend.app.application.orders.ExpectDownloadedPdf - (orders.py:173) - Ingested downloaded PDF: C:\Users\andrew\Desktop\Andrew\Projects\IthacaBakery\RandomStuff\WorkBot\refactor-experimental\data\downloads\Order.pdf
2025-10-27 08:10:46,193 - INFO - backend.app.application.orders.ExpectDownloadedPdf - (orders.py:165) - Expecting downloaded PDF for FingerLakes Farms / Bakery / 20251025
2025-10-27 08:10:47,222 - INFO - backend.app.application.orders.ExpectDownloadedPdf - (orders.py:173) - Ingested downloaded PDF: C:\Users\andrew\Desktop\Andrew\Projects\IthacaBakery\RandomStuff\WorkBot\refactor-experimental\data\downloads\Order.pdf
2025-10-27 08:10:52,028 - INFO - backend.app.application.orders.ExpectDownloadedPdf - (orders.py:165) - Expecting downloaded PDF for Hillcrest Dairy / Bakery / 20251025
2025-10-27 08:10:53,059 - INFO - backend.app.application.orders.ExpectDownloadedPdf - (orders.py:173) - Ingested downloaded PDF: C:\Users\andrew\Desktop\Andrew\Projects\IthacaBakery\RandomStuff\WorkBot\refactor-experimental\data\downloads\Order.pdf
2025-10-27 08:10:58,464 - INFO - backend.app.application.orders.ExpectDownloadedPdf - (orders.py:165) - Expecting downloaded PDF for Performance Food / Bakery / 20251026
2025-10-27 08:10:59,489 - INFO - backend.app.application.orders.ExpectDownloadedPdf - (orders.py:173) - Ingested downloaded PDF: C:\Users\andrew\Desktop\Andrew\Projects\IthacaBakery\RandomStuff\WorkBot\refactor-experimental\data\downloads\Order.pdf
2025-10-27 08:11:05,680 - INFO - backend.app.application.orders.ExpectDownloadedPdf - (orders.py:165) - Expecting downloaded PDF for US Foods / Bakery / 20251026
2025-10-27 08:11:06,719 - INFO - backend.app.application.orders.ExpectDownloadedPdf - (orders.py:173) - Ingested downloaded PDF: C:\Users\andrew\Desktop\Andrew\Projects\IthacaBakery\RandomStuff\WorkBot\refactor-experimental\data\downloads\Order.pdf
2025-10-27 08:11:11,707 - INFO - backend.app.application.orders.ExpectDownloadedPdf - (orders.py:165) - Expecting downloaded PDF for Equal Exchange / Bakery / 20251026
2025-10-27 08:11:12,734 - INFO - backend.app.application.orders.ExpectDownloadedPdf - (orders.py:173) - Ingested downloaded PDF: C:\Users\andrew\Desktop\Andrew\Projects\IthacaBakery\RandomStuff\WorkBot\refactor-experimental\data\downloads\Order.pdf
2025-10-27 08:11:17,289 - INFO - backend.app.application.orders.ExpectDownloadedPdf - (orders.py:165) - Expecting downloaded PDF for Harney and Sons Tea / Bakery / 20251026
2025-10-27 08:11:18,313 - INFO - backend.app.application.orders.ExpectDownloadedPdf - (orders.py:173) - Ingested downloaded PDF: C:\Users\andrew\Desktop\Andrew\Projects\IthacaBakery\RandomStuff\WorkBot\refactor-experimental\data\downloads\Order.pdf
2025-10-27 08:11:23,265 - INFO - backend.app.application.orders.ExpectDownloadedPdf - (orders.py:165) - Expecting downloaded PDF for Coca-Cola / Bakery / 20251026
2025-10-27 08:11:24,292 - INFO - backend.app.application.orders.ExpectDownloadedPdf - (orders.py:173) - Ingested downloaded PDF: C:\Users\andrew\Desktop\Andrew\Projects\IthacaBakery\RandomStuff\WorkBot\refactor-experimental\data\downloads\Order.pdf
2025-10-27 08:11:28,845 - INFO - backend.app.application.orders.ExpectDownloadedPdf - (orders.py:165) - Expecting downloaded PDF for Hill & Markes / Bakery / 20251026
2025-10-27 08:11:30,383 - INFO - backend.app.application.orders.ExpectDownloadedPdf - (orders.py:173) - Ingested downloaded PDF: C:\Users\andrew\Desktop\Andrew\Projects\IthacaBakery\RandomStuff\WorkBot\refactor-experimental\data\downloads\Order.pdf
2025-10-27 08:11:34,609 - INFO - backend.app.application.orders.ExpectDownloadedPdf - (orders.py:165) - Expecting downloaded PDF for Copper Horse Coffee / Bakery / 20251026
2025-10-27 08:11:35,640 - INFO - backend.app.application.orders.ExpectDownloadedPdf - (orders.py:173) - Ingested downloaded PDF: C:\Users\andrew\Desktop\Andrew\Projects\IthacaBakery\RandomStuff\WorkBot\refactor-experimental\data\downloads\Order.pdf
2025-10-27 08:11:40,575 - INFO - backend.app.application.orders.ExpectDownloadedPdf - (orders.py:165) - Expecting downloaded PDF for Keck's Food Service / Bakery / 20251026
2025-10-27 08:11:41,606 - INFO - backend.app.application.orders.ExpectDownloadedPdf - (orders.py:173) - Ingested downloaded PDF: C:\Users\andrew\Desktop\Andrew\Projects\IthacaBakery\RandomStuff\WorkBot\refactor-experimental\data\downloads\Order.pdf
2025-10-27 08:11:47,203 - INFO - backend.app.application.orders.ExpectDownloadedPdf - (orders.py:165) - Expecting downloaded PDF for Regional Distributors, Inc. / Bakery / 20251027
2025-10-27 08:11:48,228 - INFO - backend.app.application.orders.ExpectDownloadedPdf - (orders.py:173) - Ingested downloaded PDF: C:\Users\andrew\Desktop\Andrew\Projects\IthacaBakery\RandomStuff\WorkBot\refactor-experimental\data\downloads\Order.pdf
2025-10-27 08:11:53,690 - INFO - backend.app.application.orders.ExpectDownloadedPdf - (orders.py:165) - Expecting downloaded PDF for Hillcrest Foods / Bakery / 20251027
2025-10-27 08:11:54,721 - INFO - backend.app.application.orders.ExpectDownloadedPdf - (orders.py:173) - Ingested downloaded PDF: C:\Users\andrew\Desktop\Andrew\Projects\IthacaBakery\RandomStuff\WorkBot\refactor-experimental\data\downloads\Order.pdf
2025-10-27 08:11:59,706 - INFO - backend.app.application.orders.ExpectDownloadedPdf - (orders.py:165) - Expecting downloaded PDF for Lentz / Bakery / 20251027
2025-10-27 08:12:00,732 - INFO - backend.app.application.orders.ExpectDownloadedPdf - (orders.py:173) - Ingested downloaded PDF: C:\Users\andrew\Desktop\Andrew\Projects\IthacaBakery\RandomStuff\WorkBot\refactor-experimental\data\downloads\Order.pdf
2025-10-27 08:12:05,283 - INFO - backend.app.application.orders.ExpectDownloadedPdf - (orders.py:165) - Expecting downloaded PDF for Farmer Ground Flour / Bakery / 20251027
2025-10-27 08:12:06,309 - INFO - backend.app.application.orders.ExpectDownloadedPdf - (orders.py:173) - Ingested downloaded PDF: C:\Users\andrew\Desktop\Andrew\Projects\IthacaBakery\RandomStuff\WorkBot\refactor-experimental\data\downloads\Order.pdf
2025-10-27 08:12:11,018 - INFO - backend.app.application.orders.ExpectDownloadedPdf - (orders.py:165) - Expecting downloaded PDF for BALKAN BEVERAGE LLC / Bakery / 20251027
2025-10-27 08:12:12,048 - INFO - backend.app.application.orders.ExpectDownloadedPdf - (orders.py:173) - Ingested downloaded PDF: C:\Users\andrew\Desktop\Andrew\Projects\IthacaBakery\RandomStuff\WorkBot\refactor-experimental\data\downloads\Order.pdf
2025-10-27 08:12:16,608 - INFO - backend.app.application.orders.ExpectDownloadedPdf - (orders.py:165) - Expecting downloaded PDF for BJ's / Bakery / 20251027
2025-10-27 08:12:17,638 - INFO - backend.app.application.orders.ExpectDownloadedPdf - (orders.py:173) - Ingested downloaded PDF: C:\Users\andrew\Desktop\Andrew\Projects\IthacaBakery\RandomStuff\WorkBot\refactor-experimental\data\downloads\Order.pdf
2025-10-27 08:12:22,622 - INFO - backend.app.application.orders.ExpectDownloadedPdf - (orders.py:165) - Expecting downloaded PDF for A.L. George / Bakery / 20251027
2025-10-27 08:12:23,652 - INFO - backend.app.application.orders.ExpectDownloadedPdf - (orders.py:173) - Ingested downloaded PDF: C:\Users\andrew\Desktop\Andrew\Projects\IthacaBakery\RandomStuff\WorkBot\refactor-experimental\data\downloads\Order.pdf
2025-10-27 08:12:28,531 - INFO - backend.app.application.orders.ExpectDownloadedPdf - (orders.py:165) - Expecting downloaded PDF for Dawn / Bakery / 20251027
2025-10-27 08:12:29,558 - INFO - backend.app.application.orders.ExpectDownloadedPdf - (orders.py:173) - Ingested downloaded PDF: C:\Users\andrew\Desktop\Andrew\Projects\IthacaBakery\RandomStuff\WorkBot\refactor-experimental\data\downloads\Order.pdf
2025-10-27 08:12:34,104 - INFO - backend.app.application.orders.ExpectDownloadedPdf - (orders.py:165) - Expecting downloaded PDF for Side Hill Acres / Bakery / 20251027
2025-10-27 08:12:35,131 - INFO - backend.app.application.orders.ExpectDownloadedPdf - (orders.py:173) - Ingested downloaded PDF: C:\Users\andrew\Desktop\Andrew\Projects\IthacaBakery\RandomStuff\WorkBot\refactor-experimental\data\downloads\Order.pdf
2025-10-27 08:16:42,706 - INFO - backend.app.application.orders.ExpectDownloadedPdf - (orders.py:165) - Expecting downloaded PDF for A.L. George / Triphammer / 20251024
2025-10-27 08:16:55,619 - INFO - backend.app.application.orders.ExpectDownloadedPdf - (orders.py:165) - Expecting downloaded PDF for A.L. George / Collegetown / 20251024
2025-10-27 08:17:01,477 - INFO - backend.app.application.orders.ExpectDownloadedPdf - (orders.py:165) - Expecting downloaded PDF for BALKAN BEVERAGE LLC / Collegetown / 20251024
2025-10-27 08:17:02,507 - INFO - backend.app.application.orders.ExpectDownloadedPdf - (orders.py:173) - Ingested downloaded PDF: C:\Users\andrew\Desktop\Andrew\Projects\IthacaBakery\RandomStuff\WorkBot\refactor-experimental\data\downloads\Order (2).pdf
2025-10-27 13:11:10,790 - INFO - backend.app.application.orders.ExpectDownloadedPdf - (orders.py:157) - Expecting downloaded PDF for Johnston Paper / Triphammer / 20251024
2025-10-27 13:11:12,345 - INFO - backend.app.application.orders.ExpectDownloadedPdf - (orders.py:165) - Ingested downloaded PDF: C:\Users\andrew\Desktop\Andrew\Projects\IthacaBakery\RandomStuff\WorkBot\refactor-experimental\data\downloads\Order (2).pdf
2025-10-27 13:11:17,471 - INFO - backend.app.application.orders.ExpectDownloadedPdf - (orders.py:157) - Expecting downloaded PDF for Hill & Markes / Triphammer / 20251024
2025-10-27 13:11:19,006 - INFO - backend.app.application.orders.ExpectDownloadedPdf - (orders.py:165) - Ingested downloaded PDF: C:\Users\andrew\Desktop\Andrew\Projects\IthacaBakery\RandomStuff\WorkBot\refactor-experimental\data\downloads\Order (2).pdf
2025-10-27 13:11:23,725 - INFO - backend.app.application.orders.ExpectDownloadedPdf - (orders.py:157) - Expecting downloaded PDF for FingerLakes Farms / Triphammer / 20251024
2025-10-27 13:11:25,261 - INFO - backend.app.application.orders.ExpectDownloadedPdf - (orders.py:165) - Ingested downloaded PDF: C:\Users\andrew\Desktop\Andrew\Projects\IthacaBakery\RandomStuff\WorkBot\refactor-experimental\data\downloads\Order (2).pdf
2025-10-27 13:11:31,842 - INFO - backend.app.application.orders.ExpectDownloadedPdf - (orders.py:157) - Expecting downloaded PDF for Sysco / Triphammer / 20251024
2025-10-27 13:11:33,380 - INFO - backend.app.application.orders.ExpectDownloadedPdf - (orders.py:165) - Ingested downloaded PDF: C:\Users\andrew\Desktop\Andrew\Projects\IthacaBakery\RandomStuff\WorkBot\refactor-experimental\data\downloads\Order (2).pdf
2025-10-27 13:11:39,472 - INFO - backend.app.application.orders.ExpectDownloadedPdf - (orders.py:157) - Expecting downloaded PDF for Ithaca Bakery / Triphammer / 20251024
2025-10-27 13:11:41,008 - INFO - backend.app.application.orders.ExpectDownloadedPdf - (orders.py:165) - Ingested downloaded PDF: C:\Users\andrew\Desktop\Andrew\Projects\IthacaBakery\RandomStuff\WorkBot\refactor-experimental\data\downloads\Order (2).pdf
2025-10-27 13:11:48,619 - INFO - backend.app.application.orders.ExpectDownloadedPdf - (orders.py:157) - Expecting downloaded PDF for Performance Food / Triphammer / 20251024
2025-10-27 13:11:50,167 - INFO - backend.app.application.orders.ExpectDownloadedPdf - (orders.py:165) - Ingested downloaded PDF: C:\Users\andrew\Desktop\Andrew\Projects\IthacaBakery\RandomStuff\WorkBot\refactor-experimental\data\downloads\Order (2).pdf
2025-10-27 13:11:56,888 - INFO - backend.app.application.orders.ExpectDownloadedPdf - (orders.py:157) - Expecting downloaded PDF for UNFI / Triphammer / 20251024
2025-10-27 13:11:58,422 - INFO - backend.app.application.orders.ExpectDownloadedPdf - (orders.py:165) - Ingested downloaded PDF: C:\Users\andrew\Desktop\Andrew\Projects\IthacaBakery\RandomStuff\WorkBot\refactor-experimental\data\downloads\Order (2).pdf
2025-10-27 13:12:04,536 - INFO - backend.app.application.orders.ExpectDownloadedPdf - (orders.py:157) - Expecting downloaded PDF for US Foods / Triphammer / 20251024
2025-10-27 13:12:06,075 - INFO - backend.app.application.orders.ExpectDownloadedPdf - (orders.py:165) - Ingested downloaded PDF: C:\Users\andrew\Desktop\Andrew\Projects\IthacaBakery\RandomStuff\WorkBot\refactor-experimental\data\downloads\Order (2).pdf
2025-10-27 13:12:10,396 - INFO - backend.app.application.orders.ExpectDownloadedPdf - (orders.py:157) - Expecting downloaded PDF for Hillcrest Dairy / Triphammer / 20251024
2025-10-27 13:12:11,930 - INFO - backend.app.application.orders.ExpectDownloadedPdf - (orders.py:165) - Ingested downloaded PDF: C:\Users\andrew\Desktop\Andrew\Projects\IthacaBakery\RandomStuff\WorkBot\refactor-experimental\data\downloads\Order (2).pdf
2025-10-27 13:12:16,148 - INFO - backend.app.application.orders.ExpectDownloadedPdf - (orders.py:157) - Expecting downloaded PDF for Equal Exchange / Triphammer / 20251024
2025-10-27 13:12:17,686 - INFO - backend.app.application.orders.ExpectDownloadedPdf - (orders.py:165) - Ingested downloaded PDF: C:\Users\andrew\Desktop\Andrew\Projects\IthacaBakery\RandomStuff\WorkBot\refactor-experimental\data\downloads\Order (2).pdf
2025-10-27 13:12:22,353 - INFO - backend.app.application.orders.ExpectDownloadedPdf - (orders.py:157) - Expecting downloaded PDF for Peters Supply / Triphammer / 20251024
2025-10-27 13:12:23,386 - INFO - backend.app.application.orders.ExpectDownloadedPdf - (orders.py:165) - Ingested downloaded PDF: C:\Users\andrew\Desktop\Andrew\Projects\IthacaBakery\RandomStuff\WorkBot\refactor-experimental\data\downloads\Order (2).pdf
2025-10-27 13:12:28,562 - INFO - backend.app.application.orders.ExpectDownloadedPdf - (orders.py:157) - Expecting downloaded PDF for Regional Distributors, Inc. / Triphammer / 20251024
2025-10-27 13:12:30,102 - INFO - backend.app.application.orders.ExpectDownloadedPdf - (orders.py:165) - Ingested downloaded PDF: C:\Users\andrew\Desktop\Andrew\Projects\IthacaBakery\RandomStuff\WorkBot\refactor-experimental\data\downloads\Order (2).pdf
2025-10-27 13:12:34,612 - INFO - backend.app.application.orders.ExpectDownloadedPdf - (orders.py:157) - Expecting downloaded PDF for Copper Horse Coffee / Triphammer / 20251024
2025-10-27 13:12:36,149 - INFO - backend.app.application.orders.ExpectDownloadedPdf - (orders.py:165) - Ingested downloaded PDF: C:\Users\andrew\Desktop\Andrew\Projects\IthacaBakery\RandomStuff\WorkBot\refactor-experimental\data\downloads\Order (2).pdf
2025-10-27 13:12:40,543 - INFO - backend.app.application.orders.ExpectDownloadedPdf - (orders.py:157) - Expecting downloaded PDF for Coffee Depot LLC / Triphammer / 20251024
2025-10-27 13:12:41,572 - INFO - backend.app.application.orders.ExpectDownloadedPdf - (orders.py:165) - Ingested downloaded PDF: C:\Users\andrew\Desktop\Andrew\Projects\IthacaBakery\RandomStuff\WorkBot\refactor-experimental\data\downloads\Order (2).pdf
2025-10-27 13:12:46,905 - INFO - backend.app.application.orders.ExpectDownloadedPdf - (orders.py:157) - Expecting downloaded PDF for Coca-Cola / Triphammer / 20251024
2025-10-27 13:12:48,440 - INFO - backend.app.application.orders.ExpectDownloadedPdf - (orders.py:165) - Ingested downloaded PDF: C:\Users\andrew\Desktop\Andrew\Projects\IthacaBakery\RandomStuff\WorkBot\refactor-experimental\data\downloads\Order (2).pdf
2025-10-27 13:12:52,693 - INFO - backend.app.application.orders.ExpectDownloadedPdf - (orders.py:157) - Expecting downloaded PDF for A.L. George / Triphammer / 20251024
2025-10-27 13:12:54,307 - INFO - backend.app.application.orders.ExpectDownloadedPdf - (orders.py:165) - Ingested downloaded PDF: C:\Users\andrew\Desktop\Andrew\Projects\IthacaBakery\RandomStuff\WorkBot\refactor-experimental\data\downloads\Order (2).pdf
2025-10-27 13:12:58,369 - INFO - backend.app.application.orders.ExpectDownloadedPdf - (orders.py:157) - Expecting downloaded PDF for DUTCH VALLEY FOOD DIST / Triphammer / 20251025
2025-10-27 13:12:59,915 - INFO - backend.app.application.orders.ExpectDownloadedPdf - (orders.py:165) - Ingested downloaded PDF: C:\Users\andrew\Desktop\Andrew\Projects\IthacaBakery\RandomStuff\WorkBot\refactor-experimental\data\downloads\Order (2).pdf
2025-10-27 13:13:04,779 - INFO - backend.app.application.orders.ExpectDownloadedPdf - (orders.py:157) - Expecting downloaded PDF for Russo Produce / Triphammer / 20251026
2025-10-27 13:13:06,325 - INFO - backend.app.application.orders.ExpectDownloadedPdf - (orders.py:165) - Ingested downloaded PDF: C:\Users\andrew\Desktop\Andrew\Projects\IthacaBakery\RandomStuff\WorkBot\refactor-experimental\data\downloads\Order (2).pdf
2025-10-27 13:13:10,524 - INFO - backend.app.application.orders.ExpectDownloadedPdf - (orders.py:157) - Expecting downloaded PDF for BEHLOG & SON, INC. / Triphammer / 20251026
2025-10-27 13:13:12,070 - INFO - backend.app.application.orders.ExpectDownloadedPdf - (orders.py:165) - Ingested downloaded PDF: C:\Users\andrew\Desktop\Andrew\Projects\IthacaBakery\RandomStuff\WorkBot\refactor-experimental\data\downloads\Order (2).pdf
2025-10-27 13:13:16,141 - INFO - backend.app.application.orders.ExpectDownloadedPdf - (orders.py:157) - Expecting downloaded PDF for ULINE / Triphammer / 20251027
2025-10-27 13:13:17,678 - INFO - backend.app.application.orders.ExpectDownloadedPdf - (orders.py:165) - Ingested downloaded PDF: C:\Users\andrew\Desktop\Andrew\Projects\IthacaBakery\RandomStuff\WorkBot\refactor-experimental\data\downloads\Order (2).pdf
2025-10-27 13:13:21,895 - INFO - backend.app.application.orders.ExpectDownloadedPdf - (orders.py:157) - Expecting downloaded PDF for Webstaurant / Triphammer / 20251027
2025-10-27 13:13:22,935 - INFO - backend.app.application.orders.ExpectDownloadedPdf - (orders.py:165) - Ingested downloaded PDF: C:\Users\andrew\Desktop\Andrew\Projects\IthacaBakery\RandomStuff\WorkBot\refactor-experimental\data\downloads\Order (2).pdf
2025-10-27 13:13:27,646 - INFO - backend.app.application.orders.ExpectDownloadedPdf - (orders.py:157) - Expecting downloaded PDF for SANICO / Triphammer / 20251027
2025-10-27 13:13:28,677 - INFO - backend.app.application.orders.ExpectDownloadedPdf - (orders.py:165) - Ingested downloaded PDF: C:\Users\andrew\Desktop\Andrew\Projects\IthacaBakery\RandomStuff\WorkBot\refactor-experimental\data\downloads\Order (2).pdf
