2025-10-19 12:16:58,163 - INFO - backend.app.application.orders.GetOrdersByVendor - (orders.py:26) - Listing orders for vendor=Sysco
2025-10-19 12:18:19,882 - INFO - backend.app.application.orders.GetOrdersByVendor - (orders.py:26) - Listing orders for vendor=Sysco
2025-10-25 11:50:35,655 - INFO - backend.app.application.orders.GetOrdersByVendor - (orders.py:26) - Listing orders for vendor=UNFI
2025-10-26 11:17:03,576 - INFO - backend.app.application.orders.GetOrdersByVendor - (orders.py:26) - Listing orders for vendor=Sysco
2025-10-26 11:17:05,155 - INFO - backend.app.application.orders.GetOrdersByVendor - (orders.py:26) - Listing orders for vendor=Performance Food
2025-10-26 11:30:04,883 - INFO - backend.app.application.orders.GetOrdersByVendor - (orders.py:26) - Listing orders for vendor=Sysco
2025-10-26 11:30:05,326 - INFO - backend.app.application.orders.GetOrdersByVendor - (orders.py:26) - Listing orders for vendor=Performance Food
2025-10-26 11:30:40,804 - INFO - backend.app.application.orders.GetOrdersByVendor - (orders.py:26) - Listing orders for vendor=Sysco
2025-10-26 11:30:41,241 - INFO - backend.app.application.orders.GetOrdersByVendor - (orders.py:26) - Listing orders for vendor=Performance Food
2025-10-26 11:30:41,672 - INFO - backend.app.application.orders.GetOrdersByVendor - (orders.py:26) - Listing orders for vendor=US Foods
2025-10-26 11:35:50,355 - INFO - backend.app.application.orders.GetOrdersByVendor - (orders.py:26) - Listing orders for vendor=Sysco
2025-10-26 11:35:50,895 - INFO - backend.app.application.orders.GetOrdersByVendor - (orders.py:26) - Listing orders for vendor=Performance Food
2025-10-26 11:35:51,455 - INFO - backend.app.application.orders.GetOrdersByVendor - (orders.py:26) - Listing orders for vendor=US Foods
2025-10-26 11:39:57,501 - INFO - backend.app.application.orders.GetOrdersByVendor - (orders.py:26) - Listing orders for vendor=Sysco
2025-10-26 11:39:57,909 - INFO - backend.app.application.orders.GetOrdersByVendor - (orders.py:26) - Listing orders for vendor=Performance Food
2025-10-26 11:39:58,311 - INFO - backend.app.application.orders.GetOrdersByVendor - (orders.py:26) - Listing orders for vendor=US Foods
2025-10-26 11:40:39,017 - INFO - backend.app.application.orders.GetOrdersByVendor - (orders.py:26) - Listing orders for vendor=Sysco
2025-10-26 11:40:39,404 - INFO - backend.app.application.orders.GetOrdersByVendor - (orders.py:26) - Listing orders for vendor=Performance Food
2025-10-26 11:40:39,919 - INFO - backend.app.application.orders.GetOrdersByVendor - (orders.py:26) - Listing orders for vendor=US Foods
2025-10-26 11:42:15,329 - INFO - backend.app.application.orders.GetOrdersByVendor - (orders.py:26) - Listing orders for vendor=Sysco
2025-10-26 11:42:15,749 - INFO - backend.app.application.orders.GetOrdersByVendor - (orders.py:26) - Listing orders for vendor=Performance Food
2025-10-26 11:42:16,356 - INFO - backend.app.application.orders.GetOrdersByVendor - (orders.py:26) - Listing orders for vendor=US Foods
2025-10-26 11:45:51,524 - INFO - backend.app.application.orders.GetOrdersByVendor - (orders.py:26) - Listing orders for vendor=Sysco
2025-10-26 11:45:52,058 - INFO - backend.app.application.orders.GetOrdersByVendor - (orders.py:26) - Listing orders for vendor=Performance Food
2025-10-26 11:45:52,461 - INFO - backend.app.application.orders.GetOrdersByVendor - (orders.py:26) - Listing orders for vendor=US Foods
2025-10-26 12:06:42,056 - INFO - backend.app.application.orders.GetOrdersByVendor - (orders.py:26) - Listing orders for vendor=Sysco
2025-10-26 12:06:42,483 - INFO - backend.app.application.orders.GetOrdersByVendor - (orders.py:26) - Listing orders for vendor=Performance Food
2025-10-26 12:06:42,940 - INFO - backend.app.application.orders.GetOrdersByVendor - (orders.py:26) - Listing orders for vendor=US Foods
2025-10-26 12:08:47,801 - INFO - backend.app.application.orders.GetOrdersByVendor - (orders.py:26) - Listing orders for vendor=Sysco
2025-10-26 12:08:48,246 - INFO - backend.app.application.orders.GetOrdersByVendor - (orders.py:26) - Listing orders for vendor=Performance Food
2025-10-26 12:08:48,742 - INFO - backend.app.application.orders.GetOrdersByVendor - (orders.py:26) - Listing orders for vendor=US Foods
2025-10-26 12:09:30,800 - INFO - backend.app.application.orders.GetOrdersByVendor - (orders.py:26) - Listing orders for vendor=Sysco
2025-10-26 12:09:31,223 - INFO - backend.app.application.orders.GetOrdersByVendor - (orders.py:26) - Listing orders for vendor=Performance Food
2025-10-26 12:09:31,701 - INFO - backend.app.application.orders.GetOrdersByVendor - (orders.py:26) - Listing orders for vendor=US Foods
2025-10-26 12:10:46,872 - INFO - backend.app.application.orders.GetOrdersByVendor - (orders.py:26) - Listing orders for vendor=Sysco
2025-10-26 12:10:47,261 - INFO - backend.app.application.orders.GetOrdersByVendor - (orders.py:26) - Listing orders for vendor=Performance Food
2025-10-26 12:10:47,714 - INFO - backend.app.application.orders.GetOrdersByVendor - (orders.py:26) - Listing orders for vendor=US Foods
2025-10-26 12:11:37,400 - INFO - backend.app.application.orders.GetOrdersByVendor - (orders.py:26) - Listing orders for vendor=Sysco
2025-10-26 12:11:37,796 - INFO - backend.app.application.orders.GetOrdersByVendor - (orders.py:26) - Listing orders for vendor=Performance Food
2025-10-26 12:11:38,188 - INFO - backend.app.application.orders.GetOrdersByVendor - (orders.py:26) - Listing orders for vendor=US Foods
2025-10-26 12:20:31,690 - INFO - backend.app.application.orders.GetOrdersByVendor - (orders.py:26) - Listing orders for vendor=Sysco
2025-10-26 12:20:32,107 - INFO - backend.app.application.orders.GetOrdersByVendor - (orders.py:26) - Listing orders for vendor=Performance Food
2025-10-26 12:20:32,550 - INFO - backend.app.application.orders.GetOrdersByVendor - (orders.py:26) - Listing orders for vendor=US Foods
2025-10-26 12:22:33,951 - INFO - backend.app.application.orders.GetOrdersByVendor - (orders.py:26) - Listing orders for vendor=Sysco
2025-10-26 12:22:34,342 - INFO - backend.app.application.orders.GetOrdersByVendor - (orders.py:26) - Listing orders for vendor=Performance Food
2025-10-26 12:22:34,774 - INFO - backend.app.application.orders.GetOrdersByVendor - (orders.py:26) - Listing orders for vendor=US Foods
2025-10-26 12:24:12,091 - INFO - backend.app.application.orders.GetOrdersByVendor - (orders.py:26) - Listing orders for vendor=Sysco
2025-10-26 12:24:12,561 - INFO - backend.app.application.orders.GetOrdersByVendor - (orders.py:26) - Listing orders for vendor=Performance Food
2025-10-26 12:24:13,030 - INFO - backend.app.application.orders.GetOrdersByVendor - (orders.py:26) - Listing orders for vendor=US Foods
2025-10-26 12:25:03,897 - INFO - backend.app.application.orders.GetOrdersByVendor - (orders.py:26) - Listing orders for vendor=Sysco
2025-10-26 12:25:04,295 - INFO - backend.app.application.orders.GetOrdersByVendor - (orders.py:26) - Listing orders for vendor=Performance Food
2025-10-26 12:25:04,711 - INFO - backend.app.application.orders.GetOrdersByVendor - (orders.py:26) - Listing orders for vendor=US Foods
2025-10-26 12:26:10,038 - INFO - backend.app.application.orders.GetOrdersByVendor - (orders.py:26) - Listing orders for vendor=Sysco
2025-10-26 12:26:10,439 - INFO - backend.app.application.orders.GetOrdersByVendor - (orders.py:26) - Listing orders for vendor=Performance Food
2025-10-26 12:26:10,872 - INFO - backend.app.application.orders.GetOrdersByVendor - (orders.py:26) - Listing orders for vendor=US Foods
2025-10-26 12:26:44,306 - INFO - backend.app.application.orders.GetOrdersByVendor - (orders.py:26) - Listing orders for vendor=Sysco
2025-10-26 12:26:44,742 - INFO - backend.app.application.orders.GetOrdersByVendor - (orders.py:26) - Listing orders for vendor=Performance Food
2025-10-26 12:26:45,198 - INFO - backend.app.application.orders.GetOrdersByVendor - (orders.py:26) - Listing orders for vendor=US Foods
2025-10-26 12:27:06,780 - INFO - backend.app.application.orders.GetOrdersByVendor - (orders.py:26) - Listing orders for vendor=Sysco
2025-10-26 12:27:07,180 - INFO - backend.app.application.orders.GetOrdersByVendor - (orders.py:26) - Listing orders for vendor=Performance Food
2025-10-26 12:27:07,670 - INFO - backend.app.application.orders.GetOrdersByVendor - (orders.py:26) - Listing orders for vendor=US Foods
2025-10-26 12:27:20,323 - INFO - backend.app.application.orders.GetOrdersByVendor - (orders.py:26) - Listing orders for vendor=Sysco
2025-10-26 12:27:20,740 - INFO - backend.app.application.orders.GetOrdersByVendor - (orders.py:26) - Listing orders for vendor=Performance Food
2025-10-26 12:27:21,123 - INFO - backend.app.application.orders.GetOrdersByVendor - (orders.py:26) - Listing orders for vendor=US Foods
2025-10-26 12:48:34,320 - INFO - backend.app.application.orders.GetOrdersByVendor - (orders.py:26) - Listing orders for vendor=Sysco
2025-10-26 12:48:34,732 - INFO - backend.app.application.orders.GetOrdersByVendor - (orders.py:26) - Listing orders for vendor=Performance Food
2025-10-26 12:48:35,111 - INFO - backend.app.application.orders.GetOrdersByVendor - (orders.py:26) - Listing orders for vendor=US Foods
2025-10-26 12:51:24,637 - INFO - backend.app.application.orders.GetOrdersByVendor - (orders.py:26) - Listing orders for vendor=Sysco
2025-10-26 12:51:25,025 - INFO - backend.app.application.orders.GetOrdersByVendor - (orders.py:26) - Listing orders for vendor=Performance Food
2025-10-26 12:51:25,424 - INFO - backend.app.application.orders.GetOrdersByVendor - (orders.py:26) - Listing orders for vendor=US Foods
2025-10-26 12:52:48,956 - INFO - backend.app.application.orders.GetOrdersByVendor - (orders.py:26) - Listing orders for vendor=Sysco
2025-10-26 12:52:49,471 - INFO - backend.app.application.orders.GetOrdersByVendor - (orders.py:26) - Listing orders for vendor=Performance Food
2025-10-26 12:52:50,072 - INFO - backend.app.application.orders.GetOrdersByVendor - (orders.py:26) - Listing orders for vendor=US Foods
2025-10-26 12:54:03,313 - INFO - backend.app.application.orders.GetOrdersByVendor - (orders.py:26) - Listing orders for vendor=Sysco
2025-10-26 12:54:03,726 - INFO - backend.app.application.orders.GetOrdersByVendor - (orders.py:26) - Listing orders for vendor=Performance Food
2025-10-26 12:54:04,149 - INFO - backend.app.application.orders.GetOrdersByVendor - (orders.py:26) - Listing orders for vendor=US Foods
2025-10-26 12:55:02,000 - INFO - backend.app.application.orders.GetOrdersByVendor - (orders.py:26) - Listing orders for vendor=Sysco
2025-10-26 12:55:02,404 - INFO - backend.app.application.orders.GetOrdersByVendor - (orders.py:26) - Listing orders for vendor=Performance Food
2025-10-26 12:55:02,849 - INFO - backend.app.application.orders.GetOrdersByVendor - (orders.py:26) - Listing orders for vendor=US Foods
2025-10-26 12:56:07,246 - INFO - backend.app.application.orders.GetOrdersByVendor - (orders.py:26) - Listing orders for vendor=Sysco
2025-10-26 12:56:07,629 - INFO - backend.app.application.orders.GetOrdersByVendor - (orders.py:26) - Listing orders for vendor=Performance Food
2025-10-26 12:56:08,103 - INFO - backend.app.application.orders.GetOrdersByVendor - (orders.py:26) - Listing orders for vendor=US Foods
2025-10-26 12:56:59,985 - INFO - backend.app.application.orders.GetOrdersByVendor - (orders.py:26) - Listing orders for vendor=US Foods
2025-10-26 12:58:47,068 - INFO - backend.app.application.orders.GetOrdersByVendor - (orders.py:26) - Listing orders for vendor=US Foods
2025-10-26 12:59:32,449 - INFO - backend.app.application.orders.GetOrdersByVendor - (orders.py:26) - Listing orders for vendor=US Foods
2025-10-26 12:59:45,776 - INFO - backend.app.application.orders.GetOrdersByVendor - (orders.py:26) - Listing orders for vendor=US Foods
2025-11-01 14:15:59,581 - INFO - backend.app.application.orders.GetOrdersByVendor - (orders.py:26) - Listing orders for vendor=Ithaca Bakery
2025-11-03 07:26:07,700 - INFO - backend.app.application.orders.GetOrdersByVendor - (orders.py:26) - Listing orders for vendor=Ithaca Bakery
