2025-10-19 12:16:57,945 - INFO - backend.app.application.orders.GetOrder - (orders.py:44) - Getting order vendor=Bakery, store=Sysco, date=None
2025-10-19 12:16:58,158 - INFO - backend.app.application.orders.GetOrder - (orders.py:44) - Getting order vendor=Bakery, store=Sysco, date=None
2025-10-19 12:18:19,647 - INFO - backend.app.application.orders.GetOrder - (orders.py:44) - Getting order vendor=Bakery, store=Sysco, date=None
2025-10-19 12:18:19,877 - INFO - backend.app.application.orders.GetOrder - (orders.py:44) - Getting order vendor=Bakery, store=Sysco, date=None
2025-10-25 11:50:35,633 - INFO - backend.app.application.orders.GetOrder - (orders.py:44) - Getting order vendor=UNFI, store=Syracuse, date=None
2025-10-26 09:59:00,427 - INFO - backend.app.application.orders.GetOrder - (orders.py:44) - Getting order vendor=Bakery, store=Coffee Depot LLC, date=None
2025-10-26 09:59:00,470 - INFO - backend.app.application.orders.GetOrder - (orders.py:44) - Getting order vendor=Easthill, store=Coffee Depot LLC, date=None
2025-10-26 09:59:00,507 - INFO - backend.app.application.orders.GetOrder - (orders.py:44) - Getting order vendor=Downtown, store=Coffee Depot LLC, date=None
2025-10-26 09:59:00,543 - INFO - backend.app.application.orders.GetOrder - (orders.py:44) - Getting order vendor=Collegetown, store=Coffee Depot LLC, date=None
2025-10-26 09:59:00,580 - INFO - backend.app.application.orders.GetOrder - (orders.py:44) - Getting order vendor=Triphammer, store=Coffee Depot LLC, date=None
2025-10-26 09:59:00,622 - INFO - backend.app.application.orders.GetOrder - (orders.py:44) - Getting order vendor=Syracuse, store=Coffee Depot LLC, date=None
2025-10-26 10:08:09,207 - INFO - backend.app.application.orders.GetOrder - (orders.py:44) - Getting order vendor=Bakery, store=Coffee Depot LLC, date=None
2025-10-26 10:08:09,234 - INFO - backend.app.application.orders.GetOrder - (orders.py:44) - Getting order vendor=Easthill, store=Coffee Depot LLC, date=None
2025-10-26 10:08:09,255 - INFO - backend.app.application.orders.GetOrder - (orders.py:44) - Getting order vendor=Downtown, store=Coffee Depot LLC, date=None
2025-10-26 10:08:09,275 - INFO - backend.app.application.orders.GetOrder - (orders.py:44) - Getting order vendor=Collegetown, store=Coffee Depot LLC, date=None
2025-10-26 10:08:09,295 - INFO - backend.app.application.orders.GetOrder - (orders.py:44) - Getting order vendor=Triphammer, store=Coffee Depot LLC, date=None
2025-10-26 10:08:09,315 - INFO - backend.app.application.orders.GetOrder - (orders.py:44) - Getting order vendor=Syracuse, store=Coffee Depot LLC, date=None
2025-10-26 11:17:03,374 - INFO - backend.app.application.orders.GetOrder - (orders.py:44) - Getting order vendor=Sysco, store=Bakery, date=None
2025-10-26 11:17:03,405 - INFO - backend.app.application.orders.GetOrder - (orders.py:44) - Getting order vendor=Sysco, store=Easthill, date=None
2025-10-26 11:17:03,421 - INFO - backend.app.application.orders.GetOrder - (orders.py:44) - Getting order vendor=Sysco, store=Downtown, date=None
2025-10-26 11:17:03,437 - INFO - backend.app.application.orders.GetOrder - (orders.py:44) - Getting order vendor=Sysco, store=Collegetown, date=None
2025-10-26 11:17:03,452 - INFO - backend.app.application.orders.GetOrder - (orders.py:44) - Getting order vendor=Performance Food, store=Bakery, date=None
2025-10-26 11:17:03,467 - INFO - backend.app.application.orders.GetOrder - (orders.py:44) - Getting order vendor=Performance Food, store=Easthill, date=None
2025-10-26 11:17:03,483 - INFO - backend.app.application.orders.GetOrder - (orders.py:44) - Getting order vendor=Performance Food, store=Downtown, date=None
2025-10-26 11:17:03,498 - INFO - backend.app.application.orders.GetOrder - (orders.py:44) - Getting order vendor=Performance Food, store=Collegetown, date=None
2025-10-26 11:17:03,514 - INFO - backend.app.application.orders.GetOrder - (orders.py:44) - Getting order vendor=US Foods, store=Bakery, date=None
2025-10-26 11:17:03,530 - INFO - backend.app.application.orders.GetOrder - (orders.py:44) - Getting order vendor=US Foods, store=Easthill, date=None
2025-10-26 11:17:03,545 - INFO - backend.app.application.orders.GetOrder - (orders.py:44) - Getting order vendor=US Foods, store=Downtown, date=None
2025-10-26 11:17:03,560 - INFO - backend.app.application.orders.GetOrder - (orders.py:44) - Getting order vendor=US Foods, store=Collegetown, date=None
2025-10-26 11:30:04,675 - INFO - backend.app.application.orders.GetOrder - (orders.py:44) - Getting order vendor=Sysco, store=Bakery, date=None
2025-10-26 11:30:04,692 - INFO - backend.app.application.orders.GetOrder - (orders.py:44) - Getting order vendor=Sysco, store=Easthill, date=None
2025-10-26 11:30:04,709 - INFO - backend.app.application.orders.GetOrder - (orders.py:44) - Getting order vendor=Sysco, store=Downtown, date=None
2025-10-26 11:30:04,726 - INFO - backend.app.application.orders.GetOrder - (orders.py:44) - Getting order vendor=Sysco, store=Collegetown, date=None
2025-10-26 11:30:04,742 - INFO - backend.app.application.orders.GetOrder - (orders.py:44) - Getting order vendor=Performance Food, store=Bakery, date=None
2025-10-26 11:30:04,759 - INFO - backend.app.application.orders.GetOrder - (orders.py:44) - Getting order vendor=Performance Food, store=Easthill, date=None
2025-10-26 11:30:04,775 - INFO - backend.app.application.orders.GetOrder - (orders.py:44) - Getting order vendor=Performance Food, store=Downtown, date=None
2025-10-26 11:30:04,792 - INFO - backend.app.application.orders.GetOrder - (orders.py:44) - Getting order vendor=Performance Food, store=Collegetown, date=None
2025-10-26 11:30:04,808 - INFO - backend.app.application.orders.GetOrder - (orders.py:44) - Getting order vendor=US Foods, store=Bakery, date=None
2025-10-26 11:30:04,832 - INFO - backend.app.application.orders.GetOrder - (orders.py:44) - Getting order vendor=US Foods, store=Easthill, date=None
2025-10-26 11:30:04,848 - INFO - backend.app.application.orders.GetOrder - (orders.py:44) - Getting order vendor=US Foods, store=Downtown, date=None
2025-10-26 11:30:04,865 - INFO - backend.app.application.orders.GetOrder - (orders.py:44) - Getting order vendor=US Foods, store=Collegetown, date=None
2025-10-26 11:30:40,596 - INFO - backend.app.application.orders.GetOrder - (orders.py:44) - Getting order vendor=Sysco, store=Bakery, date=None
2025-10-26 11:30:40,614 - INFO - backend.app.application.orders.GetOrder - (orders.py:44) - Getting order vendor=Sysco, store=Easthill, date=None
2025-10-26 11:30:40,630 - INFO - backend.app.application.orders.GetOrder - (orders.py:44) - Getting order vendor=Sysco, store=Downtown, date=None
2025-10-26 11:30:40,647 - INFO - backend.app.application.orders.GetOrder - (orders.py:44) - Getting order vendor=Sysco, store=Collegetown, date=None
2025-10-26 11:30:40,664 - INFO - backend.app.application.orders.GetOrder - (orders.py:44) - Getting order vendor=Performance Food, store=Bakery, date=None
2025-10-26 11:30:40,680 - INFO - backend.app.application.orders.GetOrder - (orders.py:44) - Getting order vendor=Performance Food, store=Easthill, date=None
2025-10-26 11:30:40,698 - INFO - backend.app.application.orders.GetOrder - (orders.py:44) - Getting order vendor=Performance Food, store=Downtown, date=None
2025-10-26 11:30:40,720 - INFO - backend.app.application.orders.GetOrder - (orders.py:44) - Getting order vendor=Performance Food, store=Collegetown, date=None
2025-10-26 11:30:40,737 - INFO - backend.app.application.orders.GetOrder - (orders.py:44) - Getting order vendor=US Foods, store=Bakery, date=None
2025-10-26 11:30:40,754 - INFO - backend.app.application.orders.GetOrder - (orders.py:44) - Getting order vendor=US Foods, store=Easthill, date=None
2025-10-26 11:30:40,770 - INFO - backend.app.application.orders.GetOrder - (orders.py:44) - Getting order vendor=US Foods, store=Downtown, date=None
2025-10-26 11:30:40,788 - INFO - backend.app.application.orders.GetOrder - (orders.py:44) - Getting order vendor=US Foods, store=Collegetown, date=None
2025-10-26 11:35:50,135 - INFO - backend.app.application.orders.GetOrder - (orders.py:44) - Getting order vendor=Sysco, store=Bakery, date=None
2025-10-26 11:35:50,152 - INFO - backend.app.application.orders.GetOrder - (orders.py:44) - Getting order vendor=Sysco, store=Easthill, date=None
2025-10-26 11:35:50,168 - INFO - backend.app.application.orders.GetOrder - (orders.py:44) - Getting order vendor=Sysco, store=Downtown, date=None
2025-10-26 11:35:50,185 - INFO - backend.app.application.orders.GetOrder - (orders.py:44) - Getting order vendor=Sysco, store=Collegetown, date=None
2025-10-26 11:35:50,202 - INFO - backend.app.application.orders.GetOrder - (orders.py:44) - Getting order vendor=Performance Food, store=Bakery, date=None
2025-10-26 11:35:50,221 - INFO - backend.app.application.orders.GetOrder - (orders.py:44) - Getting order vendor=Performance Food, store=Easthill, date=None
2025-10-26 11:35:50,242 - INFO - backend.app.application.orders.GetOrder - (orders.py:44) - Getting order vendor=Performance Food, store=Downtown, date=None
2025-10-26 11:35:50,258 - INFO - backend.app.application.orders.GetOrder - (orders.py:44) - Getting order vendor=Performance Food, store=Collegetown, date=None
2025-10-26 11:35:50,275 - INFO - backend.app.application.orders.GetOrder - (orders.py:44) - Getting order vendor=US Foods, store=Bakery, date=None
2025-10-26 11:35:50,292 - INFO - backend.app.application.orders.GetOrder - (orders.py:44) - Getting order vendor=US Foods, store=Easthill, date=None
2025-10-26 11:35:50,316 - INFO - backend.app.application.orders.GetOrder - (orders.py:44) - Getting order vendor=US Foods, store=Downtown, date=None
2025-10-26 11:35:50,334 - INFO - backend.app.application.orders.GetOrder - (orders.py:44) - Getting order vendor=US Foods, store=Collegetown, date=None
2025-10-26 11:39:57,304 - INFO - backend.app.application.orders.GetOrder - (orders.py:44) - Getting order vendor=Sysco, store=Bakery, date=None
2025-10-26 11:39:57,320 - INFO - backend.app.application.orders.GetOrder - (orders.py:44) - Getting order vendor=Sysco, store=Easthill, date=None
2025-10-26 11:39:57,337 - INFO - backend.app.application.orders.GetOrder - (orders.py:44) - Getting order vendor=Sysco, store=Downtown, date=None
2025-10-26 11:39:57,354 - INFO - backend.app.application.orders.GetOrder - (orders.py:44) - Getting order vendor=Sysco, store=Collegetown, date=None
2025-10-26 11:39:57,370 - INFO - backend.app.application.orders.GetOrder - (orders.py:44) - Getting order vendor=Performance Food, store=Bakery, date=None
2025-10-26 11:39:57,387 - INFO - backend.app.application.orders.GetOrder - (orders.py:44) - Getting order vendor=Performance Food, store=Easthill, date=None
2025-10-26 11:39:57,403 - INFO - backend.app.application.orders.GetOrder - (orders.py:44) - Getting order vendor=Performance Food, store=Downtown, date=None
2025-10-26 11:39:57,419 - INFO - backend.app.application.orders.GetOrder - (orders.py:44) - Getting order vendor=Performance Food, store=Collegetown, date=None
2025-10-26 11:39:57,436 - INFO - backend.app.application.orders.GetOrder - (orders.py:44) - Getting order vendor=US Foods, store=Bakery, date=None
2025-10-26 11:39:57,452 - INFO - backend.app.application.orders.GetOrder - (orders.py:44) - Getting order vendor=US Foods, store=Easthill, date=None
2025-10-26 11:39:57,469 - INFO - backend.app.application.orders.GetOrder - (orders.py:44) - Getting order vendor=US Foods, store=Downtown, date=None
2025-10-26 11:39:57,485 - INFO - backend.app.application.orders.GetOrder - (orders.py:44) - Getting order vendor=US Foods, store=Collegetown, date=None
2025-10-26 11:40:38,823 - INFO - backend.app.application.orders.GetOrder - (orders.py:44) - Getting order vendor=Sysco, store=Bakery, date=None
2025-10-26 11:40:38,841 - INFO - backend.app.application.orders.GetOrder - (orders.py:44) - Getting order vendor=Sysco, store=Easthill, date=None
2025-10-26 11:40:38,858 - INFO - backend.app.application.orders.GetOrder - (orders.py:44) - Getting order vendor=Sysco, store=Downtown, date=None
2025-10-26 11:40:38,874 - INFO - backend.app.application.orders.GetOrder - (orders.py:44) - Getting order vendor=Sysco, store=Collegetown, date=None
2025-10-26 11:40:38,889 - INFO - backend.app.application.orders.GetOrder - (orders.py:44) - Getting order vendor=Performance Food, store=Bakery, date=None
2025-10-26 11:40:38,906 - INFO - backend.app.application.orders.GetOrder - (orders.py:44) - Getting order vendor=Performance Food, store=Easthill, date=None
2025-10-26 11:40:38,921 - INFO - backend.app.application.orders.GetOrder - (orders.py:44) - Getting order vendor=Performance Food, store=Downtown, date=None
2025-10-26 11:40:38,937 - INFO - backend.app.application.orders.GetOrder - (orders.py:44) - Getting order vendor=Performance Food, store=Collegetown, date=None
2025-10-26 11:40:38,953 - INFO - backend.app.application.orders.GetOrder - (orders.py:44) - Getting order vendor=US Foods, store=Bakery, date=None
2025-10-26 11:40:38,969 - INFO - backend.app.application.orders.GetOrder - (orders.py:44) - Getting order vendor=US Foods, store=Easthill, date=None
2025-10-26 11:40:38,984 - INFO - backend.app.application.orders.GetOrder - (orders.py:44) - Getting order vendor=US Foods, store=Downtown, date=None
2025-10-26 11:40:39,001 - INFO - backend.app.application.orders.GetOrder - (orders.py:44) - Getting order vendor=US Foods, store=Collegetown, date=None
2025-10-26 11:42:15,107 - INFO - backend.app.application.orders.GetOrder - (orders.py:44) - Getting order vendor=Sysco, store=Bakery, date=None
2025-10-26 11:42:15,125 - INFO - backend.app.application.orders.GetOrder - (orders.py:44) - Getting order vendor=Sysco, store=Easthill, date=None
2025-10-26 11:42:15,144 - INFO - backend.app.application.orders.GetOrder - (orders.py:44) - Getting order vendor=Sysco, store=Downtown, date=None
2025-10-26 11:42:15,167 - INFO - backend.app.application.orders.GetOrder - (orders.py:44) - Getting order vendor=Sysco, store=Collegetown, date=None
2025-10-26 11:42:15,187 - INFO - backend.app.application.orders.GetOrder - (orders.py:44) - Getting order vendor=Performance Food, store=Bakery, date=None
2025-10-26 11:42:15,206 - INFO - backend.app.application.orders.GetOrder - (orders.py:44) - Getting order vendor=Performance Food, store=Easthill, date=None
2025-10-26 11:42:15,223 - INFO - backend.app.application.orders.GetOrder - (orders.py:44) - Getting order vendor=Performance Food, store=Downtown, date=None
2025-10-26 11:42:15,240 - INFO - backend.app.application.orders.GetOrder - (orders.py:44) - Getting order vendor=Performance Food, store=Collegetown, date=None
2025-10-26 11:42:15,262 - INFO - backend.app.application.orders.GetOrder - (orders.py:44) - Getting order vendor=US Foods, store=Bakery, date=None
2025-10-26 11:42:15,279 - INFO - backend.app.application.orders.GetOrder - (orders.py:44) - Getting order vendor=US Foods, store=Easthill, date=None
2025-10-26 11:42:15,295 - INFO - backend.app.application.orders.GetOrder - (orders.py:44) - Getting order vendor=US Foods, store=Downtown, date=None
2025-10-26 11:42:15,312 - INFO - backend.app.application.orders.GetOrder - (orders.py:44) - Getting order vendor=US Foods, store=Collegetown, date=None
2025-10-26 11:45:51,314 - INFO - backend.app.application.orders.GetOrder - (orders.py:44) - Getting order vendor=Sysco, store=Bakery, date=None
2025-10-26 11:45:51,332 - INFO - backend.app.application.orders.GetOrder - (orders.py:44) - Getting order vendor=Sysco, store=Easthill, date=None
2025-10-26 11:45:51,349 - INFO - backend.app.application.orders.GetOrder - (orders.py:44) - Getting order vendor=Sysco, store=Downtown, date=None
2025-10-26 11:45:51,367 - INFO - backend.app.application.orders.GetOrder - (orders.py:44) - Getting order vendor=Sysco, store=Collegetown, date=None
2025-10-26 11:45:51,384 - INFO - backend.app.application.orders.GetOrder - (orders.py:44) - Getting order vendor=Performance Food, store=Bakery, date=None
2025-10-26 11:45:51,400 - INFO - backend.app.application.orders.GetOrder - (orders.py:44) - Getting order vendor=Performance Food, store=Easthill, date=None
2025-10-26 11:45:51,418 - INFO - backend.app.application.orders.GetOrder - (orders.py:44) - Getting order vendor=Performance Food, store=Downtown, date=None
2025-10-26 11:45:51,436 - INFO - backend.app.application.orders.GetOrder - (orders.py:44) - Getting order vendor=Performance Food, store=Collegetown, date=None
2025-10-26 11:45:51,453 - INFO - backend.app.application.orders.GetOrder - (orders.py:44) - Getting order vendor=US Foods, store=Bakery, date=None
2025-10-26 11:45:51,471 - INFO - backend.app.application.orders.GetOrder - (orders.py:44) - Getting order vendor=US Foods, store=Easthill, date=None
2025-10-26 11:45:51,487 - INFO - backend.app.application.orders.GetOrder - (orders.py:44) - Getting order vendor=US Foods, store=Downtown, date=None
2025-10-26 11:45:51,505 - INFO - backend.app.application.orders.GetOrder - (orders.py:44) - Getting order vendor=US Foods, store=Collegetown, date=None
2025-10-26 12:06:41,800 - INFO - backend.app.application.orders.GetOrder - (orders.py:44) - Getting order vendor=Sysco, store=Bakery, date=None
2025-10-26 12:06:41,829 - INFO - backend.app.application.orders.GetOrder - (orders.py:44) - Getting order vendor=Sysco, store=Easthill, date=None
2025-10-26 12:06:41,860 - INFO - backend.app.application.orders.GetOrder - (orders.py:44) - Getting order vendor=Sysco, store=Downtown, date=None
2025-10-26 12:06:41,889 - INFO - backend.app.application.orders.GetOrder - (orders.py:44) - Getting order vendor=Sysco, store=Collegetown, date=None
2025-10-26 12:06:41,914 - INFO - backend.app.application.orders.GetOrder - (orders.py:44) - Getting order vendor=Performance Food, store=Bakery, date=None
2025-10-26 12:06:41,938 - INFO - backend.app.application.orders.GetOrder - (orders.py:44) - Getting order vendor=Performance Food, store=Easthill, date=None
2025-10-26 12:06:41,955 - INFO - backend.app.application.orders.GetOrder - (orders.py:44) - Getting order vendor=Performance Food, store=Downtown, date=None
2025-10-26 12:06:41,973 - INFO - backend.app.application.orders.GetOrder - (orders.py:44) - Getting order vendor=Performance Food, store=Collegetown, date=None
2025-10-26 12:06:41,990 - INFO - backend.app.application.orders.GetOrder - (orders.py:44) - Getting order vendor=US Foods, store=Bakery, date=None
2025-10-26 12:06:42,007 - INFO - backend.app.application.orders.GetOrder - (orders.py:44) - Getting order vendor=US Foods, store=Easthill, date=None
2025-10-26 12:06:42,024 - INFO - backend.app.application.orders.GetOrder - (orders.py:44) - Getting order vendor=US Foods, store=Downtown, date=None
2025-10-26 12:06:42,040 - INFO - backend.app.application.orders.GetOrder - (orders.py:44) - Getting order vendor=US Foods, store=Collegetown, date=None
2025-10-26 12:08:47,524 - INFO - backend.app.application.orders.GetOrder - (orders.py:44) - Getting order vendor=Sysco, store=Bakery, date=None
2025-10-26 12:08:47,542 - INFO - backend.app.application.orders.GetOrder - (orders.py:44) - Getting order vendor=Sysco, store=Easthill, date=None
2025-10-26 12:08:47,560 - INFO - backend.app.application.orders.GetOrder - (orders.py:44) - Getting order vendor=Sysco, store=Downtown, date=None
2025-10-26 12:08:47,583 - INFO - backend.app.application.orders.GetOrder - (orders.py:44) - Getting order vendor=Sysco, store=Collegetown, date=None
2025-10-26 12:08:47,609 - INFO - backend.app.application.orders.GetOrder - (orders.py:44) - Getting order vendor=Performance Food, store=Bakery, date=None
2025-10-26 12:08:47,629 - INFO - backend.app.application.orders.GetOrder - (orders.py:44) - Getting order vendor=Performance Food, store=Easthill, date=None
2025-10-26 12:08:47,646 - INFO - backend.app.application.orders.GetOrder - (orders.py:44) - Getting order vendor=Performance Food, store=Downtown, date=None
2025-10-26 12:08:47,668 - INFO - backend.app.application.orders.GetOrder - (orders.py:44) - Getting order vendor=Performance Food, store=Collegetown, date=None
2025-10-26 12:08:47,691 - INFO - backend.app.application.orders.GetOrder - (orders.py:44) - Getting order vendor=US Foods, store=Bakery, date=None
2025-10-26 12:08:47,713 - INFO - backend.app.application.orders.GetOrder - (orders.py:44) - Getting order vendor=US Foods, store=Easthill, date=None
2025-10-26 12:08:47,735 - INFO - backend.app.application.orders.GetOrder - (orders.py:44) - Getting order vendor=US Foods, store=Downtown, date=None
2025-10-26 12:08:47,769 - INFO - backend.app.application.orders.GetOrder - (orders.py:44) - Getting order vendor=US Foods, store=Collegetown, date=None
2025-10-26 12:09:30,579 - INFO - backend.app.application.orders.GetOrder - (orders.py:44) - Getting order vendor=Sysco, store=Bakery, date=None
2025-10-26 12:09:30,597 - INFO - backend.app.application.orders.GetOrder - (orders.py:44) - Getting order vendor=Sysco, store=Easthill, date=None
2025-10-26 12:09:30,614 - INFO - backend.app.application.orders.GetOrder - (orders.py:44) - Getting order vendor=Sysco, store=Downtown, date=None
2025-10-26 12:09:30,640 - INFO - backend.app.application.orders.GetOrder - (orders.py:44) - Getting order vendor=Sysco, store=Collegetown, date=None
2025-10-26 12:09:30,657 - INFO - backend.app.application.orders.GetOrder - (orders.py:44) - Getting order vendor=Performance Food, store=Bakery, date=None
2025-10-26 12:09:30,674 - INFO - backend.app.application.orders.GetOrder - (orders.py:44) - Getting order vendor=Performance Food, store=Easthill, date=None
2025-10-26 12:09:30,691 - INFO - backend.app.application.orders.GetOrder - (orders.py:44) - Getting order vendor=Performance Food, store=Downtown, date=None
2025-10-26 12:09:30,711 - INFO - backend.app.application.orders.GetOrder - (orders.py:44) - Getting order vendor=Performance Food, store=Collegetown, date=None
2025-10-26 12:09:30,731 - INFO - backend.app.application.orders.GetOrder - (orders.py:44) - Getting order vendor=US Foods, store=Bakery, date=None
2025-10-26 12:09:30,748 - INFO - backend.app.application.orders.GetOrder - (orders.py:44) - Getting order vendor=US Foods, store=Easthill, date=None
2025-10-26 12:09:30,765 - INFO - backend.app.application.orders.GetOrder - (orders.py:44) - Getting order vendor=US Foods, store=Downtown, date=None
2025-10-26 12:09:30,783 - INFO - backend.app.application.orders.GetOrder - (orders.py:44) - Getting order vendor=US Foods, store=Collegetown, date=None
2025-10-26 12:10:46,670 - INFO - backend.app.application.orders.GetOrder - (orders.py:44) - Getting order vendor=Sysco, store=Bakery, date=None
2025-10-26 12:10:46,687 - INFO - backend.app.application.orders.GetOrder - (orders.py:44) - Getting order vendor=Sysco, store=Easthill, date=None
2025-10-26 12:10:46,704 - INFO - backend.app.application.orders.GetOrder - (orders.py:44) - Getting order vendor=Sysco, store=Downtown, date=None
2025-10-26 12:10:46,720 - INFO - backend.app.application.orders.GetOrder - (orders.py:44) - Getting order vendor=Sysco, store=Collegetown, date=None
2025-10-26 12:10:46,738 - INFO - backend.app.application.orders.GetOrder - (orders.py:44) - Getting order vendor=Performance Food, store=Bakery, date=None
2025-10-26 12:10:46,755 - INFO - backend.app.application.orders.GetOrder - (orders.py:44) - Getting order vendor=Performance Food, store=Easthill, date=None
2025-10-26 12:10:46,771 - INFO - backend.app.application.orders.GetOrder - (orders.py:44) - Getting order vendor=Performance Food, store=Downtown, date=None
2025-10-26 12:10:46,787 - INFO - backend.app.application.orders.GetOrder - (orders.py:44) - Getting order vendor=Performance Food, store=Collegetown, date=None
2025-10-26 12:10:46,804 - INFO - backend.app.application.orders.GetOrder - (orders.py:44) - Getting order vendor=US Foods, store=Bakery, date=None
2025-10-26 12:10:46,820 - INFO - backend.app.application.orders.GetOrder - (orders.py:44) - Getting order vendor=US Foods, store=Easthill, date=None
2025-10-26 12:10:46,836 - INFO - backend.app.application.orders.GetOrder - (orders.py:44) - Getting order vendor=US Foods, store=Downtown, date=None
2025-10-26 12:10:46,853 - INFO - backend.app.application.orders.GetOrder - (orders.py:44) - Getting order vendor=US Foods, store=Collegetown, date=None
2025-10-26 12:11:36,712 - INFO - backend.app.application.orders.GetOrder - (orders.py:44) - Getting order vendor=Sysco, store=Bakery, date=None
2025-10-26 12:11:36,772 - INFO - backend.app.application.orders.GetOrder - (orders.py:44) - Getting order vendor=Sysco, store=Easthill, date=None
2025-10-26 12:11:36,831 - INFO - backend.app.application.orders.GetOrder - (orders.py:44) - Getting order vendor=Sysco, store=Downtown, date=None
2025-10-26 12:11:36,895 - INFO - backend.app.application.orders.GetOrder - (orders.py:44) - Getting order vendor=Sysco, store=Collegetown, date=None
2025-10-26 12:11:36,951 - INFO - backend.app.application.orders.GetOrder - (orders.py:44) - Getting order vendor=Performance Food, store=Bakery, date=None
2025-10-26 12:11:37,006 - INFO - backend.app.application.orders.GetOrder - (orders.py:44) - Getting order vendor=Performance Food, store=Easthill, date=None
2025-10-26 12:11:37,063 - INFO - backend.app.application.orders.GetOrder - (orders.py:44) - Getting order vendor=Performance Food, store=Downtown, date=None
2025-10-26 12:11:37,119 - INFO - backend.app.application.orders.GetOrder - (orders.py:44) - Getting order vendor=Performance Food, store=Collegetown, date=None
2025-10-26 12:11:37,173 - INFO - backend.app.application.orders.GetOrder - (orders.py:44) - Getting order vendor=US Foods, store=Bakery, date=None
2025-10-26 12:11:37,232 - INFO - backend.app.application.orders.GetOrder - (orders.py:44) - Getting order vendor=US Foods, store=Easthill, date=None
2025-10-26 12:11:37,287 - INFO - backend.app.application.orders.GetOrder - (orders.py:44) - Getting order vendor=US Foods, store=Downtown, date=None
2025-10-26 12:11:37,342 - INFO - backend.app.application.orders.GetOrder - (orders.py:44) - Getting order vendor=US Foods, store=Collegetown, date=None
2025-10-26 12:13:53,077 - INFO - backend.app.application.orders.GetOrder - (orders.py:44) - Getting order vendor=Sysco, store=Bakery, date=None
2025-10-26 12:13:53,105 - INFO - backend.app.application.orders.GetOrder - (orders.py:44) - Getting order vendor=Sysco, store=Easthill, date=None
2025-10-26 12:13:53,127 - INFO - backend.app.application.orders.GetOrder - (orders.py:44) - Getting order vendor=Sysco, store=Downtown, date=None
2025-10-26 12:13:53,150 - INFO - backend.app.application.orders.GetOrder - (orders.py:44) - Getting order vendor=Sysco, store=Collegetown, date=None
2025-10-26 12:13:53,171 - INFO - backend.app.application.orders.GetOrder - (orders.py:44) - Getting order vendor=Performance Food, store=Bakery, date=None
2025-10-26 12:13:53,194 - INFO - backend.app.application.orders.GetOrder - (orders.py:44) - Getting order vendor=Performance Food, store=Easthill, date=None
2025-10-26 12:13:53,216 - INFO - backend.app.application.orders.GetOrder - (orders.py:44) - Getting order vendor=Performance Food, store=Downtown, date=None
2025-10-26 12:13:53,238 - INFO - backend.app.application.orders.GetOrder - (orders.py:44) - Getting order vendor=Performance Food, store=Collegetown, date=None
2025-10-26 12:13:53,268 - INFO - backend.app.application.orders.GetOrder - (orders.py:44) - Getting order vendor=US Foods, store=Bakery, date=None
2025-10-26 12:13:53,292 - INFO - backend.app.application.orders.GetOrder - (orders.py:44) - Getting order vendor=US Foods, store=Easthill, date=None
2025-10-26 12:13:53,321 - INFO - backend.app.application.orders.GetOrder - (orders.py:44) - Getting order vendor=US Foods, store=Downtown, date=None
2025-10-26 12:13:53,343 - INFO - backend.app.application.orders.GetOrder - (orders.py:44) - Getting order vendor=US Foods, store=Collegetown, date=None
2025-10-26 12:20:31,366 - INFO - backend.app.application.orders.GetOrder - (orders.py:44) - Getting order vendor=Sysco, store=Bakery, date=None
2025-10-26 12:20:31,397 - INFO - backend.app.application.orders.GetOrder - (orders.py:44) - Getting order vendor=Sysco, store=Easthill, date=None
2025-10-26 12:20:31,418 - INFO - backend.app.application.orders.GetOrder - (orders.py:44) - Getting order vendor=Sysco, store=Downtown, date=None
2025-10-26 12:20:31,441 - INFO - backend.app.application.orders.GetOrder - (orders.py:44) - Getting order vendor=Sysco, store=Collegetown, date=None
2025-10-26 12:20:31,464 - INFO - backend.app.application.orders.GetOrder - (orders.py:44) - Getting order vendor=Performance Food, store=Bakery, date=None
2025-10-26 12:20:31,486 - INFO - backend.app.application.orders.GetOrder - (orders.py:44) - Getting order vendor=Performance Food, store=Easthill, date=None
2025-10-26 12:20:31,511 - INFO - backend.app.application.orders.GetOrder - (orders.py:44) - Getting order vendor=Performance Food, store=Downtown, date=None
2025-10-26 12:20:31,538 - INFO - backend.app.application.orders.GetOrder - (orders.py:44) - Getting order vendor=Performance Food, store=Collegetown, date=None
2025-10-26 12:20:31,565 - INFO - backend.app.application.orders.GetOrder - (orders.py:44) - Getting order vendor=US Foods, store=Bakery, date=None
2025-10-26 12:20:31,588 - INFO - backend.app.application.orders.GetOrder - (orders.py:44) - Getting order vendor=US Foods, store=Easthill, date=None
2025-10-26 12:20:31,609 - INFO - backend.app.application.orders.GetOrder - (orders.py:44) - Getting order vendor=US Foods, store=Downtown, date=None
2025-10-26 12:20:31,631 - INFO - backend.app.application.orders.GetOrder - (orders.py:44) - Getting order vendor=US Foods, store=Collegetown, date=None
2025-10-26 12:22:33,688 - INFO - backend.app.application.orders.GetOrder - (orders.py:44) - Getting order vendor=Sysco, store=Bakery, date=None
2025-10-26 12:22:33,712 - INFO - backend.app.application.orders.GetOrder - (orders.py:44) - Getting order vendor=Sysco, store=Easthill, date=None
2025-10-26 12:22:33,732 - INFO - backend.app.application.orders.GetOrder - (orders.py:44) - Getting order vendor=Sysco, store=Downtown, date=None
2025-10-26 12:22:33,752 - INFO - backend.app.application.orders.GetOrder - (orders.py:44) - Getting order vendor=Sysco, store=Collegetown, date=None
2025-10-26 12:22:33,773 - INFO - backend.app.application.orders.GetOrder - (orders.py:44) - Getting order vendor=Performance Food, store=Bakery, date=None
2025-10-26 12:22:33,794 - INFO - backend.app.application.orders.GetOrder - (orders.py:44) - Getting order vendor=Performance Food, store=Easthill, date=None
2025-10-26 12:22:33,815 - INFO - backend.app.application.orders.GetOrder - (orders.py:44) - Getting order vendor=Performance Food, store=Downtown, date=None
2025-10-26 12:22:33,835 - INFO - backend.app.application.orders.GetOrder - (orders.py:44) - Getting order vendor=Performance Food, store=Collegetown, date=None
2025-10-26 12:22:33,857 - INFO - backend.app.application.orders.GetOrder - (orders.py:44) - Getting order vendor=US Foods, store=Bakery, date=None
2025-10-26 12:22:33,878 - INFO - backend.app.application.orders.GetOrder - (orders.py:44) - Getting order vendor=US Foods, store=Easthill, date=None
2025-10-26 12:22:33,898 - INFO - backend.app.application.orders.GetOrder - (orders.py:44) - Getting order vendor=US Foods, store=Downtown, date=None
2025-10-26 12:22:33,918 - INFO - backend.app.application.orders.GetOrder - (orders.py:44) - Getting order vendor=US Foods, store=Collegetown, date=None
2025-10-26 12:24:11,209 - INFO - backend.app.application.orders.GetOrder - (orders.py:44) - Getting order vendor=Sysco, store=Bakery, date=None
2025-10-26 12:24:11,248 - INFO - backend.app.application.orders.GetOrder - (orders.py:44) - Getting order vendor=Sysco, store=Easthill, date=None
2025-10-26 12:24:11,333 - INFO - backend.app.application.orders.GetOrder - (orders.py:44) - Getting order vendor=Sysco, store=Downtown, date=None
2025-10-26 12:24:11,445 - INFO - backend.app.application.orders.GetOrder - (orders.py:44) - Getting order vendor=Sysco, store=Collegetown, date=None
2025-10-26 12:24:11,512 - INFO - backend.app.application.orders.GetOrder - (orders.py:44) - Getting order vendor=Performance Food, store=Bakery, date=None
2025-10-26 12:24:11,572 - INFO - backend.app.application.orders.GetOrder - (orders.py:44) - Getting order vendor=Performance Food, store=Easthill, date=None
2025-10-26 12:24:11,639 - INFO - backend.app.application.orders.GetOrder - (orders.py:44) - Getting order vendor=Performance Food, store=Downtown, date=None
2025-10-26 12:24:11,703 - INFO - backend.app.application.orders.GetOrder - (orders.py:44) - Getting order vendor=Performance Food, store=Collegetown, date=None
2025-10-26 12:24:11,777 - INFO - backend.app.application.orders.GetOrder - (orders.py:44) - Getting order vendor=US Foods, store=Bakery, date=None
2025-10-26 12:24:11,856 - INFO - backend.app.application.orders.GetOrder - (orders.py:44) - Getting order vendor=US Foods, store=Easthill, date=None
2025-10-26 12:24:11,915 - INFO - backend.app.application.orders.GetOrder - (orders.py:44) - Getting order vendor=US Foods, store=Downtown, date=None
2025-10-26 12:24:11,979 - INFO - backend.app.application.orders.GetOrder - (orders.py:44) - Getting order vendor=US Foods, store=Collegetown, date=None
2025-10-26 12:25:03,636 - INFO - backend.app.application.orders.GetOrder - (orders.py:44) - Getting order vendor=Sysco, store=Bakery, date=None
2025-10-26 12:25:03,661 - INFO - backend.app.application.orders.GetOrder - (orders.py:44) - Getting order vendor=Sysco, store=Easthill, date=None
2025-10-26 12:25:03,681 - INFO - backend.app.application.orders.GetOrder - (orders.py:44) - Getting order vendor=Sysco, store=Downtown, date=None
2025-10-26 12:25:03,701 - INFO - backend.app.application.orders.GetOrder - (orders.py:44) - Getting order vendor=Sysco, store=Collegetown, date=None
2025-10-26 12:25:03,721 - INFO - backend.app.application.orders.GetOrder - (orders.py:44) - Getting order vendor=Performance Food, store=Bakery, date=None
2025-10-26 12:25:03,741 - INFO - backend.app.application.orders.GetOrder - (orders.py:44) - Getting order vendor=Performance Food, store=Easthill, date=None
2025-10-26 12:25:03,762 - INFO - backend.app.application.orders.GetOrder - (orders.py:44) - Getting order vendor=Performance Food, store=Downtown, date=None
2025-10-26 12:25:03,782 - INFO - backend.app.application.orders.GetOrder - (orders.py:44) - Getting order vendor=Performance Food, store=Collegetown, date=None
2025-10-26 12:25:03,804 - INFO - backend.app.application.orders.GetOrder - (orders.py:44) - Getting order vendor=US Foods, store=Bakery, date=None
2025-10-26 12:25:03,826 - INFO - backend.app.application.orders.GetOrder - (orders.py:44) - Getting order vendor=US Foods, store=Easthill, date=None
2025-10-26 12:25:03,845 - INFO - backend.app.application.orders.GetOrder - (orders.py:44) - Getting order vendor=US Foods, store=Downtown, date=None
2025-10-26 12:25:03,866 - INFO - backend.app.application.orders.GetOrder - (orders.py:44) - Getting order vendor=US Foods, store=Collegetown, date=None
2025-10-26 12:26:09,733 - INFO - backend.app.application.orders.GetOrder - (orders.py:44) - Getting order vendor=Sysco, store=Bakery, date=None
2025-10-26 12:26:09,770 - INFO - backend.app.application.orders.GetOrder - (orders.py:44) - Getting order vendor=Sysco, store=Easthill, date=None
2025-10-26 12:26:09,802 - INFO - backend.app.application.orders.GetOrder - (orders.py:44) - Getting order vendor=Sysco, store=Downtown, date=None
2025-10-26 12:26:09,833 - INFO - backend.app.application.orders.GetOrder - (orders.py:44) - Getting order vendor=Sysco, store=Collegetown, date=None
2025-10-26 12:26:09,856 - INFO - backend.app.application.orders.GetOrder - (orders.py:44) - Getting order vendor=Performance Food, store=Bakery, date=None
2025-10-26 12:26:09,879 - INFO - backend.app.application.orders.GetOrder - (orders.py:44) - Getting order vendor=Performance Food, store=Easthill, date=None
2025-10-26 12:26:09,903 - INFO - backend.app.application.orders.GetOrder - (orders.py:44) - Getting order vendor=Performance Food, store=Downtown, date=None
2025-10-26 12:26:09,925 - INFO - backend.app.application.orders.GetOrder - (orders.py:44) - Getting order vendor=Performance Food, store=Collegetown, date=None
2025-10-26 12:26:09,946 - INFO - backend.app.application.orders.GetOrder - (orders.py:44) - Getting order vendor=US Foods, store=Bakery, date=None
2025-10-26 12:26:09,967 - INFO - backend.app.application.orders.GetOrder - (orders.py:44) - Getting order vendor=US Foods, store=Easthill, date=None
2025-10-26 12:26:09,987 - INFO - backend.app.application.orders.GetOrder - (orders.py:44) - Getting order vendor=US Foods, store=Downtown, date=None
2025-10-26 12:26:10,007 - INFO - backend.app.application.orders.GetOrder - (orders.py:44) - Getting order vendor=US Foods, store=Collegetown, date=None
2025-10-26 12:26:44,008 - INFO - backend.app.application.orders.GetOrder - (orders.py:44) - Getting order vendor=Sysco, store=Bakery, date=None
2025-10-26 12:26:44,034 - INFO - backend.app.application.orders.GetOrder - (orders.py:44) - Getting order vendor=Sysco, store=Easthill, date=None
2025-10-26 12:26:44,056 - INFO - backend.app.application.orders.GetOrder - (orders.py:44) - Getting order vendor=Sysco, store=Downtown, date=None
2025-10-26 12:26:44,080 - INFO - backend.app.application.orders.GetOrder - (orders.py:44) - Getting order vendor=Sysco, store=Collegetown, date=None
2025-10-26 12:26:44,105 - INFO - backend.app.application.orders.GetOrder - (orders.py:44) - Getting order vendor=Performance Food, store=Bakery, date=None
2025-10-26 12:26:44,127 - INFO - backend.app.application.orders.GetOrder - (orders.py:44) - Getting order vendor=Performance Food, store=Easthill, date=None
2025-10-26 12:26:44,156 - INFO - backend.app.application.orders.GetOrder - (orders.py:44) - Getting order vendor=Performance Food, store=Downtown, date=None
2025-10-26 12:26:44,178 - INFO - backend.app.application.orders.GetOrder - (orders.py:44) - Getting order vendor=Performance Food, store=Collegetown, date=None
2025-10-26 12:26:44,200 - INFO - backend.app.application.orders.GetOrder - (orders.py:44) - Getting order vendor=US Foods, store=Bakery, date=None
2025-10-26 12:26:44,227 - INFO - backend.app.application.orders.GetOrder - (orders.py:44) - Getting order vendor=US Foods, store=Easthill, date=None
2025-10-26 12:26:44,249 - INFO - backend.app.application.orders.GetOrder - (orders.py:44) - Getting order vendor=US Foods, store=Downtown, date=None
2025-10-26 12:26:44,271 - INFO - backend.app.application.orders.GetOrder - (orders.py:44) - Getting order vendor=US Foods, store=Collegetown, date=None
2025-10-27 08:31:33,519 - INFO - backend.app.application.orders.GetOrder - (orders.py:44) - ['BALKAN BEVERAGE LLC', 'Collegetown']
2025-10-27 08:31:33,540 - INFO - backend.app.application.orders.GetOrder - (orders.py:44) - ['A.L. George', 'Collegetown']
2025-10-27 08:31:33,559 - INFO - backend.app.application.orders.GetOrder - (orders.py:44) - ['BALKAN BEVERAGE LLC', 'Triphammer']
2025-10-27 08:31:33,577 - INFO - backend.app.application.orders.GetOrder - (orders.py:44) - ['A.L. George', 'Triphammer']
2025-10-27 08:31:33,595 - INFO - backend.app.application.orders.GetOrder - (orders.py:44) - ['BALKAN BEVERAGE LLC', 'Bakery']
2025-10-27 08:31:33,613 - INFO - backend.app.application.orders.GetOrder - (orders.py:44) - ['A.L. George', 'Bakery']
2025-10-27 08:32:36,296 - INFO - backend.app.application.orders.GetOrder - (orders.py:44) - ['Collegetown', 'BALKAN BEVERAGE LLC']
2025-10-27 08:32:36,337 - INFO - backend.app.application.orders.GetOrder - (orders.py:44) - ['Triphammer', 'BALKAN BEVERAGE LLC']
2025-10-27 08:32:36,355 - INFO - backend.app.application.orders.GetOrder - (orders.py:44) - ['Bakery', 'BALKAN BEVERAGE LLC']
2025-10-27 08:32:36,389 - INFO - backend.app.application.orders.GetOrder - (orders.py:44) - ['Collegetown', 'A.L. George']
2025-10-27 08:32:36,423 - INFO - backend.app.application.orders.GetOrder - (orders.py:44) - ['Triphammer', 'A.L. George']
2025-10-27 08:32:36,458 - INFO - backend.app.application.orders.GetOrder - (orders.py:44) - ['Bakery', 'A.L. George']
2025-10-27 08:34:04,040 - INFO - backend.app.application.orders.GetOrder - (orders.py:44) - ['Bakery', 'Hillcrest Foods']
2025-10-27 08:37:07,458 - INFO - backend.app.application.orders.GetOrder - (orders.py:44) - ['Bakery', 'Hillcrest Foods']
2025-10-27 08:39:58,996 - INFO - backend.app.application.orders.GetOrder - (orders.py:44) - ['Collegetown', 'Hillcrest Dairy']
2025-10-27 08:39:59,036 - INFO - backend.app.application.orders.GetOrder - (orders.py:44) - ['Easthill', 'Hillcrest Dairy']
2025-10-27 08:39:59,073 - INFO - backend.app.application.orders.GetOrder - (orders.py:44) - ['Downtown', 'Hillcrest Dairy']
2025-10-27 08:39:59,107 - INFO - backend.app.application.orders.GetOrder - (orders.py:44) - ['Triphammer', 'Hillcrest Dairy']
2025-10-27 08:39:59,142 - INFO - backend.app.application.orders.GetOrder - (orders.py:44) - ['Bakery', 'Hillcrest Dairy']
2025-10-27 13:27:10,458 - INFO - backend.app.application.orders.GetOrder - (orders.py:44) - ['Triphammer', 'Russo Produce']
2025-10-27 13:29:09,810 - INFO - backend.app.application.orders.GetOrder - (orders.py:44) - ['Triphammer', 'Russo Produce']
