2025-10-05 11:59:17,657 - INFO - backend.app.application.orders.SaveOrder - (orders.py:55) - Saving order UNFI / Bakery / 20251004
2025-10-05 12:00:25,482 - INFO - backend.app.application.orders.SaveOrder - (orders.py:55) - Saving order UNFI / Bakery / 20251004
2025-10-05 12:00:31,365 - INFO - backend.app.application.orders.SaveOrder - (orders.py:55) - Saving order J.Mills / Bakery / 20251004
2025-10-05 12:00:36,930 - INFO - backend.app.application.orders.SaveOrder - (orders.py:55) - Saving order Webstaurant / Bakery / 20251004
2025-10-05 12:00:42,471 - INFO - backend.app.application.orders.SaveOrder - (orders.py:55) - Saving order Odeko In. / Bakery / 20251005
2025-10-05 12:00:49,775 - INFO - backend.app.application.orders.SaveOrder - (orders.py:55) - Saving order Sysco / Bakery / 20251005
2025-10-05 12:00:56,926 - INFO - backend.app.application.orders.SaveOrder - (orders.py:55) - Saving order Performance Food / Bakery / 20251005
2025-10-05 12:01:04,022 - INFO - backend.app.application.orders.SaveOrder - (orders.py:55) - Saving order US Foods / Bakery / 20251005
2025-10-05 12:01:10,910 - INFO - backend.app.application.orders.SaveOrder - (orders.py:55) - Saving order Copper Horse Coffee / Bakery / 20251005
2025-10-05 12:01:17,146 - INFO - backend.app.application.orders.SaveOrder - (orders.py:55) - Saving order Equal Exchange / Bakery / 20251005
2025-10-05 12:01:22,964 - INFO - backend.app.application.orders.SaveOrder - (orders.py:55) - Saving order Harney and Sons Tea / Bakery / 20251005
2025-10-05 12:01:29,230 - INFO - backend.app.application.orders.SaveOrder - (orders.py:55) - Saving order FingerLakes Farms / Bakery / 20251005
2025-10-05 12:01:35,412 - INFO - backend.app.application.orders.SaveOrder - (orders.py:55) - Saving order Coca-Cola / Bakery / 20251005
2025-10-05 12:01:40,985 - INFO - backend.app.application.orders.SaveOrder - (orders.py:55) - Saving order DUTCH VALLEY FOOD DIST / Bakery / 20251005
2025-10-05 12:01:46,542 - INFO - backend.app.application.orders.SaveOrder - (orders.py:55) - Saving order Hill & Markes / Bakery / 20251005
2025-10-05 12:01:52,209 - INFO - backend.app.application.orders.SaveOrder - (orders.py:55) - Saving order Hillcrest Dairy / Bakery / 20251005
2025-10-05 12:14:02,262 - INFO - backend.app.application.orders.SaveOrder - (orders.py:55) - Saving order UNFI / Bakery / 20251004
2025-10-05 12:14:08,030 - INFO - backend.app.application.orders.SaveOrder - (orders.py:55) - Saving order J.Mills / Bakery / 20251004
2025-10-05 12:14:13,578 - INFO - backend.app.application.orders.SaveOrder - (orders.py:55) - Saving order Webstaurant / Bakery / 20251004
2025-10-05 12:14:19,103 - INFO - backend.app.application.orders.SaveOrder - (orders.py:55) - Saving order Odeko In. / Bakery / 20251005
2025-10-05 12:14:26,002 - INFO - backend.app.application.orders.SaveOrder - (orders.py:55) - Saving order Sysco / Bakery / 20251005
2025-10-05 12:14:33,008 - INFO - backend.app.application.orders.SaveOrder - (orders.py:55) - Saving order Performance Food / Bakery / 20251005
2025-10-05 12:14:39,983 - INFO - backend.app.application.orders.SaveOrder - (orders.py:55) - Saving order US Foods / Bakery / 20251005
2025-10-05 12:14:45,697 - INFO - backend.app.application.orders.SaveOrder - (orders.py:55) - Saving order Copper Horse Coffee / Bakery / 20251005
2025-10-05 12:14:51,485 - INFO - backend.app.application.orders.SaveOrder - (orders.py:55) - Saving order Equal Exchange / Bakery / 20251005
2025-10-05 12:14:57,124 - INFO - backend.app.application.orders.SaveOrder - (orders.py:55) - Saving order Harney and Sons Tea / Bakery / 20251005
2025-10-05 12:15:03,264 - INFO - backend.app.application.orders.SaveOrder - (orders.py:55) - Saving order FingerLakes Farms / Bakery / 20251005
2025-10-05 12:15:09,255 - INFO - backend.app.application.orders.SaveOrder - (orders.py:55) - Saving order Coca-Cola / Bakery / 20251005
2025-10-05 12:15:14,812 - INFO - backend.app.application.orders.SaveOrder - (orders.py:55) - Saving order DUTCH VALLEY FOOD DIST / Bakery / 20251005
2025-10-05 12:15:20,340 - INFO - backend.app.application.orders.SaveOrder - (orders.py:55) - Saving order Hill & Markes / Bakery / 20251005
2025-10-05 12:15:25,930 - INFO - backend.app.application.orders.SaveOrder - (orders.py:55) - Saving order Hillcrest Dairy / Bakery / 20251005
