2025-10-25 11:48:41,442 - INFO - backend.app.application.stores.ListStores - (stores.py:31) - Listing all stores.
2025-10-25 11:48:41,443 - INFO - backend.app.application.stores.ListStores - (stores.py:31) - Listing all stores.
2025-10-25 11:48:42,250 - INFO - backend.app.application.stores.ListStores - (stores.py:31) - Listing all stores.
2025-10-25 11:48:42,251 - INFO - backend.app.application.stores.ListStores - (stores.py:31) - Listing all stores.
2025-10-25 11:48:42,410 - INFO - backend.app.application.stores.ListStores - (stores.py:31) - Listing all stores.
2025-10-25 11:48:42,411 - INFO - backend.app.application.stores.ListStores - (stores.py:31) - Listing all stores.
2025-10-25 11:50:29,053 - INFO - backend.app.application.stores.ListStores - (stores.py:31) - Listing all stores.
2025-10-25 11:50:29,053 - INFO - backend.app.application.stores.ListStores - (stores.py:31) - Listing all stores.
2025-10-25 11:50:33,533 - INFO - backend.app.application.stores.ListStores - (stores.py:31) - Listing all stores.
2025-10-25 11:50:33,534 - INFO - backend.app.application.stores.ListStores - (stores.py:31) - Listing all stores.
2025-10-25 11:50:35,632 - INFO - backend.app.application.stores.ListStores - (stores.py:31) - Listing all stores.
2025-10-25 12:06:21,373 - INFO - backend.app.application.stores.ListStores - (stores.py:31) - Listing all stores.
2025-10-25 12:06:21,373 - INFO - backend.app.application.stores.ListStores - (stores.py:31) - Listing all stores.
2025-10-25 12:06:21,701 - INFO - backend.app.application.stores.ListStores - (stores.py:31) - Listing all stores.
2025-10-25 12:06:21,701 - INFO - backend.app.application.stores.ListStores - (stores.py:31) - Listing all stores.
2025-10-25 12:12:01,669 - INFO - backend.app.application.stores.ListStores - (stores.py:31) - Listing all stores.
2025-10-25 12:12:01,669 - INFO - backend.app.application.stores.ListStores - (stores.py:31) - Listing all stores.
2025-10-25 12:12:01,853 - INFO - backend.app.application.stores.ListStores - (stores.py:31) - Listing all stores.
2025-10-25 12:12:01,853 - INFO - backend.app.application.stores.ListStores - (stores.py:31) - Listing all stores.
2025-10-25 12:12:02,012 - INFO - backend.app.application.stores.ListStores - (stores.py:31) - Listing all stores.
2025-10-25 12:12:02,013 - INFO - backend.app.application.stores.ListStores - (stores.py:31) - Listing all stores.
2025-10-25 12:12:02,189 - INFO - backend.app.application.stores.ListStores - (stores.py:31) - Listing all stores.
2025-10-25 12:12:02,189 - INFO - backend.app.application.stores.ListStores - (stores.py:31) - Listing all stores.
2025-10-25 12:12:02,373 - INFO - backend.app.application.stores.ListStores - (stores.py:31) - Listing all stores.
2025-10-25 12:12:02,373 - INFO - backend.app.application.stores.ListStores - (stores.py:31) - Listing all stores.
2025-10-25 12:17:12,563 - INFO - backend.app.application.stores.ListStores - (stores.py:31) - Listing all stores.
2025-10-25 12:17:12,764 - INFO - backend.app.application.stores.ListStores - (stores.py:31) - Listing all stores.
2025-10-25 12:18:56,462 - INFO - backend.app.application.stores.ListStores - (stores.py:31) - Listing all stores.
2025-10-25 12:18:56,462 - INFO - backend.app.application.stores.ListStores - (stores.py:31) - Listing all stores.
2025-10-25 12:18:56,662 - INFO - backend.app.application.stores.ListStores - (stores.py:31) - Listing all stores.
2025-10-25 12:18:56,662 - INFO - backend.app.application.stores.ListStores - (stores.py:31) - Listing all stores.
2025-10-25 12:18:56,846 - INFO - backend.app.application.stores.ListStores - (stores.py:31) - Listing all stores.
2025-10-25 12:18:56,846 - INFO - backend.app.application.stores.ListStores - (stores.py:31) - Listing all stores.
2025-10-25 12:18:57,230 - INFO - backend.app.application.stores.ListStores - (stores.py:31) - Listing all stores.
2025-10-25 12:18:57,230 - INFO - backend.app.application.stores.ListStores - (stores.py:31) - Listing all stores.
2025-10-25 12:19:25,111 - INFO - backend.app.application.stores.ListStores - (stores.py:31) - Listing all stores.
2025-10-25 12:19:25,111 - INFO - backend.app.application.stores.ListStores - (stores.py:31) - Listing all stores.
2025-10-25 12:19:25,295 - INFO - backend.app.application.stores.ListStores - (stores.py:31) - Listing all stores.
2025-10-25 12:19:25,295 - INFO - backend.app.application.stores.ListStores - (stores.py:31) - Listing all stores.
2025-10-25 12:19:25,455 - INFO - backend.app.application.stores.ListStores - (stores.py:31) - Listing all stores.
2025-10-25 12:19:25,455 - INFO - backend.app.application.stores.ListStores - (stores.py:31) - Listing all stores.
2025-10-25 12:19:25,639 - INFO - backend.app.application.stores.ListStores - (stores.py:31) - Listing all stores.
2025-10-25 12:19:25,639 - INFO - backend.app.application.stores.ListStores - (stores.py:31) - Listing all stores.
2025-10-25 12:21:37,817 - INFO - backend.app.application.stores.ListStores - (stores.py:31) - Listing all stores.
2025-10-25 12:21:37,817 - INFO - backend.app.application.stores.ListStores - (stores.py:31) - Listing all stores.
2025-10-25 12:21:37,993 - INFO - backend.app.application.stores.ListStores - (stores.py:31) - Listing all stores.
2025-10-25 12:21:37,993 - INFO - backend.app.application.stores.ListStores - (stores.py:31) - Listing all stores.
2025-10-25 12:21:38,178 - INFO - backend.app.application.stores.ListStores - (stores.py:31) - Listing all stores.
2025-10-25 12:21:38,178 - INFO - backend.app.application.stores.ListStores - (stores.py:31) - Listing all stores.
2025-10-25 12:21:38,601 - INFO - backend.app.application.stores.ListStores - (stores.py:31) - Listing all stores.
2025-10-25 12:21:38,601 - INFO - backend.app.application.stores.ListStores - (stores.py:31) - Listing all stores.
2025-10-25 12:21:38,841 - INFO - backend.app.application.stores.ListStores - (stores.py:31) - Listing all stores.
2025-10-25 12:21:38,842 - INFO - backend.app.application.stores.ListStores - (stores.py:31) - Listing all stores.
2025-10-25 12:21:39,336 - INFO - backend.app.application.stores.ListStores - (stores.py:31) - Listing all stores.
2025-10-25 12:21:39,336 - INFO - backend.app.application.stores.ListStores - (stores.py:31) - Listing all stores.
2025-10-25 12:21:39,389 - INFO - backend.app.application.stores.ListStores - (stores.py:31) - Listing all stores.
2025-10-25 12:21:39,390 - INFO - backend.app.application.stores.ListStores - (stores.py:31) - Listing all stores.
2025-10-25 12:21:39,406 - INFO - backend.app.application.stores.ListStores - (stores.py:31) - Listing all stores.
2025-10-25 12:21:39,406 - INFO - backend.app.application.stores.ListStores - (stores.py:31) - Listing all stores.
2025-10-25 12:21:39,529 - INFO - backend.app.application.stores.ListStores - (stores.py:31) - Listing all stores.
2025-10-25 12:21:39,530 - INFO - backend.app.application.stores.ListStores - (stores.py:31) - Listing all stores.
2025-10-25 12:21:39,705 - INFO - backend.app.application.stores.ListStores - (stores.py:31) - Listing all stores.
2025-10-25 12:21:39,706 - INFO - backend.app.application.stores.ListStores - (stores.py:31) - Listing all stores.
2025-10-25 12:21:39,865 - INFO - backend.app.application.stores.ListStores - (stores.py:31) - Listing all stores.
2025-10-25 12:21:39,865 - INFO - backend.app.application.stores.ListStores - (stores.py:31) - Listing all stores.
2025-10-25 12:21:40,033 - INFO - backend.app.application.stores.ListStores - (stores.py:31) - Listing all stores.
2025-10-25 12:21:40,034 - INFO - backend.app.application.stores.ListStores - (stores.py:31) - Listing all stores.
2025-10-25 12:21:40,194 - INFO - backend.app.application.stores.ListStores - (stores.py:31) - Listing all stores.
2025-10-25 12:21:40,194 - INFO - backend.app.application.stores.ListStores - (stores.py:31) - Listing all stores.
2025-10-25 12:21:40,693 - INFO - backend.app.application.stores.ListStores - (stores.py:31) - Listing all stores.
2025-10-25 12:21:40,693 - INFO - backend.app.application.stores.ListStores - (stores.py:31) - Listing all stores.
2025-10-25 12:21:40,724 - INFO - backend.app.application.stores.ListStores - (stores.py:31) - Listing all stores.
2025-10-25 12:21:40,724 - INFO - backend.app.application.stores.ListStores - (stores.py:31) - Listing all stores.
2025-10-25 12:21:40,755 - INFO - backend.app.application.stores.ListStores - (stores.py:31) - Listing all stores.
2025-10-25 12:21:40,755 - INFO - backend.app.application.stores.ListStores - (stores.py:31) - Listing all stores.
2025-10-25 12:21:40,793 - INFO - backend.app.application.stores.ListStores - (stores.py:31) - Listing all stores.
2025-10-25 12:21:40,793 - INFO - backend.app.application.stores.ListStores - (stores.py:31) - Listing all stores.
2025-10-25 12:21:40,824 - INFO - backend.app.application.stores.ListStores - (stores.py:31) - Listing all stores.
2025-10-25 12:21:40,824 - INFO - backend.app.application.stores.ListStores - (stores.py:31) - Listing all stores.
2025-10-25 12:21:40,855 - INFO - backend.app.application.stores.ListStores - (stores.py:31) - Listing all stores.
2025-10-25 12:21:40,856 - INFO - backend.app.application.stores.ListStores - (stores.py:31) - Listing all stores.
2025-10-25 12:21:40,894 - INFO - backend.app.application.stores.ListStores - (stores.py:31) - Listing all stores.
2025-10-25 12:21:40,894 - INFO - backend.app.application.stores.ListStores - (stores.py:31) - Listing all stores.
2025-10-25 12:21:40,925 - INFO - backend.app.application.stores.ListStores - (stores.py:31) - Listing all stores.
2025-10-25 12:21:40,925 - INFO - backend.app.application.stores.ListStores - (stores.py:31) - Listing all stores.
2025-10-25 12:21:40,956 - INFO - backend.app.application.stores.ListStores - (stores.py:31) - Listing all stores.
2025-10-25 12:21:40,956 - INFO - backend.app.application.stores.ListStores - (stores.py:31) - Listing all stores.
2025-10-25 12:21:40,995 - INFO - backend.app.application.stores.ListStores - (stores.py:31) - Listing all stores.
2025-10-25 12:21:40,995 - INFO - backend.app.application.stores.ListStores - (stores.py:31) - Listing all stores.
2025-10-25 12:21:41,025 - INFO - backend.app.application.stores.ListStores - (stores.py:31) - Listing all stores.
2025-10-25 12:21:41,025 - INFO - backend.app.application.stores.ListStores - (stores.py:31) - Listing all stores.
2025-10-25 12:21:41,056 - INFO - backend.app.application.stores.ListStores - (stores.py:31) - Listing all stores.
2025-10-25 12:21:41,056 - INFO - backend.app.application.stores.ListStores - (stores.py:31) - Listing all stores.
2025-10-25 12:21:41,094 - INFO - backend.app.application.stores.ListStores - (stores.py:31) - Listing all stores.
2025-10-25 12:21:41,094 - INFO - backend.app.application.stores.ListStores - (stores.py:31) - Listing all stores.
2025-10-25 12:21:41,125 - INFO - backend.app.application.stores.ListStores - (stores.py:31) - Listing all stores.
2025-10-25 12:21:41,125 - INFO - backend.app.application.stores.ListStores - (stores.py:31) - Listing all stores.
2025-10-25 12:21:41,157 - INFO - backend.app.application.stores.ListStores - (stores.py:31) - Listing all stores.
2025-10-25 12:21:41,157 - INFO - backend.app.application.stores.ListStores - (stores.py:31) - Listing all stores.
2025-10-25 12:21:41,194 - INFO - backend.app.application.stores.ListStores - (stores.py:31) - Listing all stores.
2025-10-25 12:21:41,195 - INFO - backend.app.application.stores.ListStores - (stores.py:31) - Listing all stores.
2025-10-25 12:21:41,226 - INFO - backend.app.application.stores.ListStores - (stores.py:31) - Listing all stores.
2025-10-25 12:21:41,226 - INFO - backend.app.application.stores.ListStores - (stores.py:31) - Listing all stores.
2025-10-25 12:21:41,257 - INFO - backend.app.application.stores.ListStores - (stores.py:31) - Listing all stores.
2025-10-25 12:21:41,257 - INFO - backend.app.application.stores.ListStores - (stores.py:31) - Listing all stores.
2025-10-25 12:21:41,295 - INFO - backend.app.application.stores.ListStores - (stores.py:31) - Listing all stores.
2025-10-25 12:21:41,295 - INFO - backend.app.application.stores.ListStores - (stores.py:31) - Listing all stores.
2025-10-25 12:21:41,326 - INFO - backend.app.application.stores.ListStores - (stores.py:31) - Listing all stores.
2025-10-25 12:21:41,326 - INFO - backend.app.application.stores.ListStores - (stores.py:31) - Listing all stores.
2025-10-25 12:21:41,357 - INFO - backend.app.application.stores.ListStores - (stores.py:31) - Listing all stores.
2025-10-25 12:21:41,357 - INFO - backend.app.application.stores.ListStores - (stores.py:31) - Listing all stores.
2025-10-25 12:21:41,395 - INFO - backend.app.application.stores.ListStores - (stores.py:31) - Listing all stores.
2025-10-25 12:21:41,395 - INFO - backend.app.application.stores.ListStores - (stores.py:31) - Listing all stores.
2025-10-25 12:21:41,412 - INFO - backend.app.application.stores.ListStores - (stores.py:31) - Listing all stores.
2025-10-25 12:21:41,412 - INFO - backend.app.application.stores.ListStores - (stores.py:31) - Listing all stores.
2025-10-25 12:21:41,458 - INFO - backend.app.application.stores.ListStores - (stores.py:31) - Listing all stores.
2025-10-25 12:21:41,458 - INFO - backend.app.application.stores.ListStores - (stores.py:31) - Listing all stores.
2025-10-25 12:21:41,496 - INFO - backend.app.application.stores.ListStores - (stores.py:31) - Listing all stores.
2025-10-25 12:21:41,496 - INFO - backend.app.application.stores.ListStores - (stores.py:31) - Listing all stores.
2025-10-25 12:21:41,513 - INFO - backend.app.application.stores.ListStores - (stores.py:31) - Listing all stores.
2025-10-25 12:21:41,513 - INFO - backend.app.application.stores.ListStores - (stores.py:31) - Listing all stores.
2025-10-25 12:21:41,544 - INFO - backend.app.application.stores.ListStores - (stores.py:31) - Listing all stores.
2025-10-25 12:21:41,544 - INFO - backend.app.application.stores.ListStores - (stores.py:31) - Listing all stores.
2025-10-25 12:21:41,596 - INFO - backend.app.application.stores.ListStores - (stores.py:31) - Listing all stores.
2025-10-25 12:21:41,596 - INFO - backend.app.application.stores.ListStores - (stores.py:31) - Listing all stores.
2025-10-25 12:21:41,613 - INFO - backend.app.application.stores.ListStores - (stores.py:31) - Listing all stores.
2025-10-25 12:21:41,613 - INFO - backend.app.application.stores.ListStores - (stores.py:31) - Listing all stores.
2025-10-25 12:21:41,643 - INFO - backend.app.application.stores.ListStores - (stores.py:31) - Listing all stores.
2025-10-25 12:21:41,643 - INFO - backend.app.application.stores.ListStores - (stores.py:31) - Listing all stores.
2025-10-25 12:21:41,674 - INFO - backend.app.application.stores.ListStores - (stores.py:31) - Listing all stores.
2025-10-25 12:21:41,674 - INFO - backend.app.application.stores.ListStores - (stores.py:31) - Listing all stores.
2025-10-25 12:21:41,712 - INFO - backend.app.application.stores.ListStores - (stores.py:31) - Listing all stores.
2025-10-25 12:21:41,712 - INFO - backend.app.application.stores.ListStores - (stores.py:31) - Listing all stores.
2025-10-25 12:21:41,743 - INFO - backend.app.application.stores.ListStores - (stores.py:31) - Listing all stores.
2025-10-25 12:21:41,743 - INFO - backend.app.application.stores.ListStores - (stores.py:31) - Listing all stores.
2025-10-25 12:21:41,774 - INFO - backend.app.application.stores.ListStores - (stores.py:31) - Listing all stores.
2025-10-25 12:21:41,774 - INFO - backend.app.application.stores.ListStores - (stores.py:31) - Listing all stores.
2025-10-25 12:21:41,812 - INFO - backend.app.application.stores.ListStores - (stores.py:31) - Listing all stores.
2025-10-25 12:21:41,812 - INFO - backend.app.application.stores.ListStores - (stores.py:31) - Listing all stores.
2025-10-25 12:21:41,844 - INFO - backend.app.application.stores.ListStores - (stores.py:31) - Listing all stores.
2025-10-25 12:21:41,844 - INFO - backend.app.application.stores.ListStores - (stores.py:31) - Listing all stores.
2025-10-25 12:21:41,875 - INFO - backend.app.application.stores.ListStores - (stores.py:31) - Listing all stores.
2025-10-25 12:21:41,875 - INFO - backend.app.application.stores.ListStores - (stores.py:31) - Listing all stores.
2025-10-25 12:21:41,913 - INFO - backend.app.application.stores.ListStores - (stores.py:31) - Listing all stores.
2025-10-25 12:21:41,913 - INFO - backend.app.application.stores.ListStores - (stores.py:31) - Listing all stores.
2025-10-25 12:21:41,944 - INFO - backend.app.application.stores.ListStores - (stores.py:31) - Listing all stores.
2025-10-25 12:21:41,944 - INFO - backend.app.application.stores.ListStores - (stores.py:31) - Listing all stores.
2025-10-25 12:21:41,975 - INFO - backend.app.application.stores.ListStores - (stores.py:31) - Listing all stores.
2025-10-25 12:21:41,975 - INFO - backend.app.application.stores.ListStores - (stores.py:31) - Listing all stores.
2025-10-25 12:21:42,013 - INFO - backend.app.application.stores.ListStores - (stores.py:31) - Listing all stores.
2025-10-25 12:21:42,013 - INFO - backend.app.application.stores.ListStores - (stores.py:31) - Listing all stores.
2025-10-25 12:21:42,044 - INFO - backend.app.application.stores.ListStores - (stores.py:31) - Listing all stores.
2025-10-25 12:21:42,044 - INFO - backend.app.application.stores.ListStores - (stores.py:31) - Listing all stores.
2025-10-25 12:21:42,075 - INFO - backend.app.application.stores.ListStores - (stores.py:31) - Listing all stores.
2025-10-25 12:21:42,076 - INFO - backend.app.application.stores.ListStores - (stores.py:31) - Listing all stores.
2025-10-25 12:21:42,113 - INFO - backend.app.application.stores.ListStores - (stores.py:31) - Listing all stores.
2025-10-25 12:21:42,113 - INFO - backend.app.application.stores.ListStores - (stores.py:31) - Listing all stores.
2025-10-25 12:21:42,145 - INFO - backend.app.application.stores.ListStores - (stores.py:31) - Listing all stores.
2025-10-25 12:21:42,145 - INFO - backend.app.application.stores.ListStores - (stores.py:31) - Listing all stores.
2025-10-25 12:21:42,176 - INFO - backend.app.application.stores.ListStores - (stores.py:31) - Listing all stores.
2025-10-25 12:21:42,176 - INFO - backend.app.application.stores.ListStores - (stores.py:31) - Listing all stores.
2025-10-25 12:21:42,214 - INFO - backend.app.application.stores.ListStores - (stores.py:31) - Listing all stores.
2025-10-25 12:21:42,214 - INFO - backend.app.application.stores.ListStores - (stores.py:31) - Listing all stores.
2025-10-25 12:21:42,245 - INFO - backend.app.application.stores.ListStores - (stores.py:31) - Listing all stores.
2025-10-25 12:21:42,245 - INFO - backend.app.application.stores.ListStores - (stores.py:31) - Listing all stores.
2025-10-25 12:21:42,276 - INFO - backend.app.application.stores.ListStores - (stores.py:31) - Listing all stores.
2025-10-25 12:21:42,276 - INFO - backend.app.application.stores.ListStores - (stores.py:31) - Listing all stores.
2025-10-25 12:21:42,314 - INFO - backend.app.application.stores.ListStores - (stores.py:31) - Listing all stores.
2025-10-25 12:21:42,314 - INFO - backend.app.application.stores.ListStores - (stores.py:31) - Listing all stores.
2025-10-25 12:21:42,345 - INFO - backend.app.application.stores.ListStores - (stores.py:31) - Listing all stores.
2025-10-25 12:21:42,345 - INFO - backend.app.application.stores.ListStores - (stores.py:31) - Listing all stores.
2025-10-25 12:21:42,376 - INFO - backend.app.application.stores.ListStores - (stores.py:31) - Listing all stores.
2025-10-25 12:21:42,377 - INFO - backend.app.application.stores.ListStores - (stores.py:31) - Listing all stores.
2025-10-25 12:21:42,414 - INFO - backend.app.application.stores.ListStores - (stores.py:31) - Listing all stores.
2025-10-25 12:21:42,414 - INFO - backend.app.application.stores.ListStores - (stores.py:31) - Listing all stores.
2025-10-25 12:21:42,446 - INFO - backend.app.application.stores.ListStores - (stores.py:31) - Listing all stores.
2025-10-25 12:21:42,446 - INFO - backend.app.application.stores.ListStores - (stores.py:31) - Listing all stores.
2025-10-25 12:21:42,477 - INFO - backend.app.application.stores.ListStores - (stores.py:31) - Listing all stores.
2025-10-25 12:21:42,477 - INFO - backend.app.application.stores.ListStores - (stores.py:31) - Listing all stores.
2025-10-25 12:21:42,500 - INFO - backend.app.application.stores.ListStores - (stores.py:31) - Listing all stores.
2025-10-25 12:21:42,500 - INFO - backend.app.application.stores.ListStores - (stores.py:31) - Listing all stores.
2025-10-25 12:21:42,546 - INFO - backend.app.application.stores.ListStores - (stores.py:31) - Listing all stores.
2025-10-25 12:21:42,546 - INFO - backend.app.application.stores.ListStores - (stores.py:31) - Listing all stores.
2025-10-25 12:21:42,577 - INFO - backend.app.application.stores.ListStores - (stores.py:31) - Listing all stores.
2025-10-25 12:21:42,577 - INFO - backend.app.application.stores.ListStores - (stores.py:31) - Listing all stores.
2025-10-25 12:21:42,600 - INFO - backend.app.application.stores.ListStores - (stores.py:31) - Listing all stores.
2025-10-25 12:21:42,600 - INFO - backend.app.application.stores.ListStores - (stores.py:31) - Listing all stores.
2025-10-25 12:21:42,646 - INFO - backend.app.application.stores.ListStores - (stores.py:31) - Listing all stores.
2025-10-25 12:21:42,646 - INFO - backend.app.application.stores.ListStores - (stores.py:31) - Listing all stores.
2025-10-25 12:21:42,677 - INFO - backend.app.application.stores.ListStores - (stores.py:31) - Listing all stores.
2025-10-25 12:21:42,677 - INFO - backend.app.application.stores.ListStores - (stores.py:31) - Listing all stores.
2025-10-25 12:21:42,701 - INFO - backend.app.application.stores.ListStores - (stores.py:31) - Listing all stores.
2025-10-25 12:21:42,701 - INFO - backend.app.application.stores.ListStores - (stores.py:31) - Listing all stores.
2025-10-25 12:23:37,452 - INFO - backend.app.application.stores.ListStores - (stores.py:31) - Listing all stores.
2025-10-25 12:23:37,452 - INFO - backend.app.application.stores.ListStores - (stores.py:31) - Listing all stores.
2025-10-25 12:23:37,652 - INFO - backend.app.application.stores.ListStores - (stores.py:31) - Listing all stores.
2025-10-25 12:23:37,652 - INFO - backend.app.application.stores.ListStores - (stores.py:31) - Listing all stores.
2025-10-25 12:23:37,828 - INFO - backend.app.application.stores.ListStores - (stores.py:31) - Listing all stores.
2025-10-25 12:23:37,828 - INFO - backend.app.application.stores.ListStores - (stores.py:31) - Listing all stores.
2025-10-25 12:24:14,117 - INFO - backend.app.application.stores.ListStores - (stores.py:31) - Listing all stores.
2025-10-25 12:24:14,117 - INFO - backend.app.application.stores.ListStores - (stores.py:31) - Listing all stores.
2025-10-25 12:24:14,117 - INFO - backend.app.application.stores.ListStores - (stores.py:31) - Listing all stores.
2025-10-25 12:24:14,301 - INFO - backend.app.application.stores.ListStores - (stores.py:31) - Listing all stores.
2025-10-25 12:24:14,301 - INFO - backend.app.application.stores.ListStores - (stores.py:31) - Listing all stores.
2025-10-25 12:24:14,301 - INFO - backend.app.application.stores.ListStores - (stores.py:31) - Listing all stores.
2025-10-25 12:24:14,477 - INFO - backend.app.application.stores.ListStores - (stores.py:31) - Listing all stores.
2025-10-25 12:24:14,477 - INFO - backend.app.application.stores.ListStores - (stores.py:31) - Listing all stores.
2025-10-25 12:24:14,477 - INFO - backend.app.application.stores.ListStores - (stores.py:31) - Listing all stores.
2025-10-25 12:24:14,637 - INFO - backend.app.application.stores.ListStores - (stores.py:31) - Listing all stores.
2025-10-25 12:24:14,637 - INFO - backend.app.application.stores.ListStores - (stores.py:31) - Listing all stores.
2025-10-25 12:24:14,637 - INFO - backend.app.application.stores.ListStores - (stores.py:31) - Listing all stores.
2025-10-25 12:34:40,514 - INFO - backend.app.application.stores.ListStores - (stores.py:31) - Listing all stores.
2025-10-25 12:34:40,514 - INFO - backend.app.application.stores.ListStores - (stores.py:31) - Listing all stores.
2025-10-25 12:34:40,515 - INFO - backend.app.application.stores.ListStores - (stores.py:31) - Listing all stores.
2025-10-25 12:34:41,098 - INFO - backend.app.application.stores.ListStores - (stores.py:31) - Listing all stores.
2025-10-25 12:34:41,098 - INFO - backend.app.application.stores.ListStores - (stores.py:31) - Listing all stores.
2025-10-25 12:34:41,099 - INFO - backend.app.application.stores.ListStores - (stores.py:31) - Listing all stores.
2025-10-25 12:34:41,298 - INFO - backend.app.application.stores.ListStores - (stores.py:31) - Listing all stores.
2025-10-25 12:34:41,298 - INFO - backend.app.application.stores.ListStores - (stores.py:31) - Listing all stores.
2025-10-25 12:34:41,298 - INFO - backend.app.application.stores.ListStores - (stores.py:31) - Listing all stores.
2025-10-25 12:34:41,458 - INFO - backend.app.application.stores.ListStores - (stores.py:31) - Listing all stores.
2025-10-25 12:34:41,458 - INFO - backend.app.application.stores.ListStores - (stores.py:31) - Listing all stores.
2025-10-25 12:34:41,458 - INFO - backend.app.application.stores.ListStores - (stores.py:31) - Listing all stores.
2025-10-25 12:35:16,226 - INFO - backend.app.application.stores.ListStores - (stores.py:31) - Listing all stores.
2025-10-25 12:35:16,227 - INFO - backend.app.application.stores.ListStores - (stores.py:31) - Listing all stores.
2025-10-25 12:35:16,227 - INFO - backend.app.application.stores.ListStores - (stores.py:31) - Listing all stores.
2025-10-25 12:35:16,410 - INFO - backend.app.application.stores.ListStores - (stores.py:31) - Listing all stores.
2025-10-25 12:35:16,411 - INFO - backend.app.application.stores.ListStores - (stores.py:31) - Listing all stores.
2025-10-25 12:35:16,411 - INFO - backend.app.application.stores.ListStores - (stores.py:31) - Listing all stores.
2025-10-25 12:35:16,690 - INFO - backend.app.application.stores.ListStores - (stores.py:31) - Listing all stores.
2025-10-25 12:35:16,691 - INFO - backend.app.application.stores.ListStores - (stores.py:31) - Listing all stores.
2025-10-25 12:35:16,691 - INFO - backend.app.application.stores.ListStores - (stores.py:31) - Listing all stores.
2025-10-25 12:35:39,923 - INFO - backend.app.application.stores.ListStores - (stores.py:31) - Listing all stores.
2025-10-25 12:35:39,923 - INFO - backend.app.application.stores.ListStores - (stores.py:31) - Listing all stores.
2025-10-25 12:35:39,924 - INFO - backend.app.application.stores.ListStores - (stores.py:31) - Listing all stores.
2025-10-25 12:35:40,107 - INFO - backend.app.application.stores.ListStores - (stores.py:31) - Listing all stores.
2025-10-25 12:35:40,107 - INFO - backend.app.application.stores.ListStores - (stores.py:31) - Listing all stores.
2025-10-25 12:35:40,108 - INFO - backend.app.application.stores.ListStores - (stores.py:31) - Listing all stores.
2025-10-25 12:35:40,283 - INFO - backend.app.application.stores.ListStores - (stores.py:31) - Listing all stores.
2025-10-25 12:35:40,283 - INFO - backend.app.application.stores.ListStores - (stores.py:31) - Listing all stores.
2025-10-25 12:35:40,284 - INFO - backend.app.application.stores.ListStores - (stores.py:31) - Listing all stores.
2025-10-25 12:41:22,394 - INFO - backend.app.application.stores.ListStores - (stores.py:31) - Listing all stores.
2025-10-25 12:41:22,395 - INFO - backend.app.application.stores.ListStores - (stores.py:31) - Listing all stores.
2025-10-25 12:41:22,396 - INFO - backend.app.application.stores.ListStores - (stores.py:31) - Listing all stores.
2025-10-25 12:41:22,569 - INFO - backend.app.application.stores.ListStores - (stores.py:31) - Listing all stores.
2025-10-25 12:41:22,570 - INFO - backend.app.application.stores.ListStores - (stores.py:31) - Listing all stores.
2025-10-25 12:41:22,571 - INFO - backend.app.application.stores.ListStores - (stores.py:31) - Listing all stores.
2025-10-25 12:41:22,729 - INFO - backend.app.application.stores.ListStores - (stores.py:31) - Listing all stores.
2025-10-25 12:41:22,730 - INFO - backend.app.application.stores.ListStores - (stores.py:31) - Listing all stores.
2025-10-25 12:41:22,731 - INFO - backend.app.application.stores.ListStores - (stores.py:31) - Listing all stores.
2025-10-25 12:41:22,913 - INFO - backend.app.application.stores.ListStores - (stores.py:31) - Listing all stores.
2025-10-25 12:41:22,915 - INFO - backend.app.application.stores.ListStores - (stores.py:31) - Listing all stores.
2025-10-25 12:41:22,916 - INFO - backend.app.application.stores.ListStores - (stores.py:31) - Listing all stores.
2025-10-25 12:42:36,139 - INFO - backend.app.application.stores.ListStores - (stores.py:31) - Listing all stores.
2025-10-25 12:42:36,140 - INFO - backend.app.application.stores.ListStores - (stores.py:31) - Listing all stores.
2025-10-25 12:42:36,141 - INFO - backend.app.application.stores.ListStores - (stores.py:31) - Listing all stores.
2025-10-25 12:42:36,363 - INFO - backend.app.application.stores.ListStores - (stores.py:31) - Listing all stores.
2025-10-25 12:42:36,364 - INFO - backend.app.application.stores.ListStores - (stores.py:31) - Listing all stores.
2025-10-25 12:42:36,365 - INFO - backend.app.application.stores.ListStores - (stores.py:31) - Listing all stores.
2025-10-25 12:42:36,547 - INFO - backend.app.application.stores.ListStores - (stores.py:31) - Listing all stores.
2025-10-25 12:42:36,548 - INFO - backend.app.application.stores.ListStores - (stores.py:31) - Listing all stores.
2025-10-25 12:42:36,549 - INFO - backend.app.application.stores.ListStores - (stores.py:31) - Listing all stores.
2025-10-25 12:42:36,723 - INFO - backend.app.application.stores.ListStores - (stores.py:31) - Listing all stores.
2025-10-25 12:42:36,724 - INFO - backend.app.application.stores.ListStores - (stores.py:31) - Listing all stores.
2025-10-25 12:42:36,725 - INFO - backend.app.application.stores.ListStores - (stores.py:31) - Listing all stores.
2025-10-25 12:43:02,747 - INFO - backend.app.application.stores.ListStores - (stores.py:31) - Listing all storessdsdsdsdsd.
2025-10-25 12:43:02,749 - INFO - backend.app.application.stores.ListStores - (stores.py:31) - Listing all storessdsdsdsdsd.
2025-10-25 12:43:02,750 - INFO - backend.app.application.stores.ListStores - (stores.py:31) - Listing all storessdsdsdsdsd.
2025-10-25 12:43:02,931 - INFO - backend.app.application.stores.ListStores - (stores.py:31) - Listing all storessdsdsdsdsd.
2025-10-25 12:43:02,932 - INFO - backend.app.application.stores.ListStores - (stores.py:31) - Listing all storessdsdsdsdsd.
2025-10-25 12:43:02,933 - INFO - backend.app.application.stores.ListStores - (stores.py:31) - Listing all storessdsdsdsdsd.
2025-10-25 12:43:03,091 - INFO - backend.app.application.stores.ListStores - (stores.py:31) - Listing all storessdsdsdsdsd.
2025-10-25 12:43:03,092 - INFO - backend.app.application.stores.ListStores - (stores.py:31) - Listing all storessdsdsdsdsd.
2025-10-25 12:43:03,093 - INFO - backend.app.application.stores.ListStores - (stores.py:31) - Listing all storessdsdsdsdsd.
2025-10-25 12:43:42,516 - INFO - backend.app.application.stores.ListStores - (stores.py:31) - Listing all storessdsdsdsdsd.
2025-10-25 12:43:42,517 - INFO - backend.app.application.stores.ListStores - (stores.py:31) - Listing all storessdsdsdsdsd.
2025-10-25 12:43:42,517 - INFO - backend.app.application.stores.ListStores - (stores.py:31) - Listing all storessdsdsdsdsd.
2025-10-25 12:43:42,676 - INFO - backend.app.application.stores.ListStores - (stores.py:31) - Listing all storessdsdsdsdsd.
2025-10-25 12:43:42,676 - INFO - backend.app.application.stores.ListStores - (stores.py:31) - Listing all storessdsdsdsdsd.
2025-10-25 12:43:42,677 - INFO - backend.app.application.stores.ListStores - (stores.py:31) - Listing all storessdsdsdsdsd.
2025-10-25 12:43:42,860 - INFO - backend.app.application.stores.ListStores - (stores.py:31) - Listing all storessdsdsdsdsd.
2025-10-25 12:43:42,860 - INFO - backend.app.application.stores.ListStores - (stores.py:31) - Listing all storessdsdsdsdsd.
2025-10-25 12:43:42,861 - INFO - backend.app.application.stores.ListStores - (stores.py:31) - Listing all storessdsdsdsdsd.
2025-10-25 12:44:34,933 - INFO - backend.app.application.stores.ListStores - (stores.py:31) - Listing all storessdsdsdsdsd.
2025-10-25 12:44:34,934 - INFO - backend.app.application.stores.ListStores - (stores.py:31) - Listing all storessdsdsdsdsd.
2025-10-25 12:44:34,934 - INFO - backend.app.application.stores.ListStores - (stores.py:31) - Listing all storessdsdsdsdsd.
2025-10-25 12:44:35,117 - INFO - backend.app.application.stores.ListStores - (stores.py:31) - Listing all storessdsdsdsdsd.
2025-10-25 12:44:35,118 - INFO - backend.app.application.stores.ListStores - (stores.py:31) - Listing all storessdsdsdsdsd.
2025-10-25 12:44:35,118 - INFO - backend.app.application.stores.ListStores - (stores.py:31) - Listing all storessdsdsdsdsd.
2025-10-25 12:44:35,301 - INFO - backend.app.application.stores.ListStores - (stores.py:31) - Listing all storessdsdsdsdsd.
2025-10-25 12:44:35,302 - INFO - backend.app.application.stores.ListStores - (stores.py:31) - Listing all storessdsdsdsdsd.
2025-10-25 12:44:35,302 - INFO - backend.app.application.stores.ListStores - (stores.py:31) - Listing all storessdsdsdsdsd.
2025-10-25 12:44:35,477 - INFO - backend.app.application.stores.ListStores - (stores.py:31) - Listing all storessdsdsdsdsd.
2025-10-25 12:44:35,478 - INFO - backend.app.application.stores.ListStores - (stores.py:31) - Listing all storessdsdsdsdsd.
2025-10-25 12:44:35,478 - INFO - backend.app.application.stores.ListStores - (stores.py:31) - Listing all storessdsdsdsdsd.
2025-10-25 12:46:37,511 - INFO - backend.app.application.stores.ListStores - (stores.py:31) - Listing all storessdsdsdsdsd.
2025-10-25 12:46:37,512 - INFO - backend.app.application.stores.ListStores - (stores.py:32) - uh oh
2025-10-25 12:46:37,513 - INFO - backend.app.application.stores.ListStores - (stores.py:31) - Listing all storessdsdsdsdsd.
2025-10-25 12:46:37,513 - INFO - backend.app.application.stores.ListStores - (stores.py:32) - uh oh
2025-10-25 12:46:37,514 - INFO - backend.app.application.stores.ListStores - (stores.py:31) - Listing all storessdsdsdsdsd.
2025-10-25 12:46:37,514 - INFO - backend.app.application.stores.ListStores - (stores.py:32) - uh oh
2025-10-25 12:46:37,695 - INFO - backend.app.application.stores.ListStores - (stores.py:31) - Listing all storessdsdsdsdsd.
2025-10-25 12:46:37,696 - INFO - backend.app.application.stores.ListStores - (stores.py:32) - uh oh
2025-10-25 12:46:37,696 - INFO - backend.app.application.stores.ListStores - (stores.py:31) - Listing all storessdsdsdsdsd.
2025-10-25 12:46:37,697 - INFO - backend.app.application.stores.ListStores - (stores.py:32) - uh oh
2025-10-25 12:46:37,697 - INFO - backend.app.application.stores.ListStores - (stores.py:31) - Listing all storessdsdsdsdsd.
2025-10-25 12:46:37,697 - INFO - backend.app.application.stores.ListStores - (stores.py:32) - uh oh
2025-10-25 12:46:37,872 - INFO - backend.app.application.stores.ListStores - (stores.py:31) - Listing all storessdsdsdsdsd.
2025-10-25 12:46:37,872 - INFO - backend.app.application.stores.ListStores - (stores.py:32) - uh oh
2025-10-25 12:46:37,873 - INFO - backend.app.application.stores.ListStores - (stores.py:31) - Listing all storessdsdsdsdsd.
2025-10-25 12:46:37,873 - INFO - backend.app.application.stores.ListStores - (stores.py:32) - uh oh
2025-10-25 12:46:37,874 - INFO - backend.app.application.stores.ListStores - (stores.py:31) - Listing all storessdsdsdsdsd.
2025-10-25 12:46:37,874 - INFO - backend.app.application.stores.ListStores - (stores.py:32) - uh oh
2025-10-25 12:46:38,040 - INFO - backend.app.application.stores.ListStores - (stores.py:31) - Listing all storessdsdsdsdsd.
2025-10-25 12:46:38,040 - INFO - backend.app.application.stores.ListStores - (stores.py:32) - uh oh
2025-10-25 12:46:38,041 - INFO - backend.app.application.stores.ListStores - (stores.py:31) - Listing all storessdsdsdsdsd.
2025-10-25 12:46:38,041 - INFO - backend.app.application.stores.ListStores - (stores.py:32) - uh oh
2025-10-25 12:46:38,041 - INFO - backend.app.application.stores.ListStores - (stores.py:31) - Listing all storessdsdsdsdsd.
2025-10-25 12:46:38,042 - INFO - backend.app.application.stores.ListStores - (stores.py:32) - uh oh
2025-10-25 12:51:18,676 - INFO - backend.app.application.stores.ListStores - (stores.py:31) - Listing all storessdsdsdsdsd.
2025-10-25 12:51:18,677 - INFO - backend.app.application.stores.ListStores - (stores.py:32) - Repo type: <class 'backend.adapters.repos.store_file_repository.StoreFileRepository'>
2025-10-25 12:51:18,677 - INFO - backend.app.application.stores.ListStores - (stores.py:33) - Repo module: backend.adapters.repos.store_file_repository
2025-10-25 12:51:18,677 - INFO - backend.app.application.stores.ListStores - (stores.py:34) - Has logger: False
2025-10-25 12:51:18,677 - INFO - backend.app.application.stores.ListStores - (stores.py:35) - Method source: StoreFileRepository.list_all
2025-10-25 12:51:18,678 - INFO - backend.app.application.stores.ListStores - (stores.py:31) - Listing all storessdsdsdsdsd.
2025-10-25 12:51:18,678 - INFO - backend.app.application.stores.ListStores - (stores.py:32) - Repo type: <class 'backend.adapters.repos.store_file_repository.StoreFileRepository'>
2025-10-25 12:51:18,678 - INFO - backend.app.application.stores.ListStores - (stores.py:33) - Repo module: backend.adapters.repos.store_file_repository
2025-10-25 12:51:18,678 - INFO - backend.app.application.stores.ListStores - (stores.py:34) - Has logger: False
2025-10-25 12:51:18,678 - INFO - backend.app.application.stores.ListStores - (stores.py:35) - Method source: StoreFileRepository.list_all
2025-10-25 12:51:18,681 - INFO - backend.app.application.stores.ListStores - (stores.py:31) - Listing all storessdsdsdsdsd.
2025-10-25 12:51:18,681 - INFO - backend.app.application.stores.ListStores - (stores.py:32) - Repo type: <class 'backend.adapters.repos.store_file_repository.StoreFileRepository'>
2025-10-25 12:51:18,682 - INFO - backend.app.application.stores.ListStores - (stores.py:33) - Repo module: backend.adapters.repos.store_file_repository
2025-10-25 12:51:18,682 - INFO - backend.app.application.stores.ListStores - (stores.py:34) - Has logger: False
2025-10-25 12:51:18,682 - INFO - backend.app.application.stores.ListStores - (stores.py:35) - Method source: StoreFileRepository.list_all
2025-10-25 12:51:18,861 - INFO - backend.app.application.stores.ListStores - (stores.py:31) - Listing all storessdsdsdsdsd.
2025-10-25 12:51:18,861 - INFO - backend.app.application.stores.ListStores - (stores.py:32) - Repo type: <class 'backend.adapters.repos.store_file_repository.StoreFileRepository'>
2025-10-25 12:51:18,861 - INFO - backend.app.application.stores.ListStores - (stores.py:33) - Repo module: backend.adapters.repos.store_file_repository
2025-10-25 12:51:18,861 - INFO - backend.app.application.stores.ListStores - (stores.py:34) - Has logger: False
2025-10-25 12:51:18,861 - INFO - backend.app.application.stores.ListStores - (stores.py:35) - Method source: StoreFileRepository.list_all
2025-10-25 12:51:18,862 - INFO - backend.app.application.stores.ListStores - (stores.py:31) - Listing all storessdsdsdsdsd.
2025-10-25 12:51:18,862 - INFO - backend.app.application.stores.ListStores - (stores.py:32) - Repo type: <class 'backend.adapters.repos.store_file_repository.StoreFileRepository'>
2025-10-25 12:51:18,862 - INFO - backend.app.application.stores.ListStores - (stores.py:33) - Repo module: backend.adapters.repos.store_file_repository
2025-10-25 12:51:18,862 - INFO - backend.app.application.stores.ListStores - (stores.py:34) - Has logger: False
2025-10-25 12:51:18,862 - INFO - backend.app.application.stores.ListStores - (stores.py:35) - Method source: StoreFileRepository.list_all
2025-10-25 12:51:18,863 - INFO - backend.app.application.stores.ListStores - (stores.py:31) - Listing all storessdsdsdsdsd.
2025-10-25 12:51:18,863 - INFO - backend.app.application.stores.ListStores - (stores.py:32) - Repo type: <class 'backend.adapters.repos.store_file_repository.StoreFileRepository'>
2025-10-25 12:51:18,863 - INFO - backend.app.application.stores.ListStores - (stores.py:33) - Repo module: backend.adapters.repos.store_file_repository
2025-10-25 12:51:18,864 - INFO - backend.app.application.stores.ListStores - (stores.py:34) - Has logger: False
2025-10-25 12:51:18,864 - INFO - backend.app.application.stores.ListStores - (stores.py:35) - Method source: StoreFileRepository.list_all
2025-10-25 12:51:19,389 - INFO - backend.app.application.stores.ListStores - (stores.py:31) - Listing all storessdsdsdsdsd.
2025-10-25 12:51:19,389 - INFO - backend.app.application.stores.ListStores - (stores.py:32) - Repo type: <class 'backend.adapters.repos.store_file_repository.StoreFileRepository'>
2025-10-25 12:51:19,389 - INFO - backend.app.application.stores.ListStores - (stores.py:33) - Repo module: backend.adapters.repos.store_file_repository
2025-10-25 12:51:19,389 - INFO - backend.app.application.stores.ListStores - (stores.py:34) - Has logger: False
2025-10-25 12:51:19,389 - INFO - backend.app.application.stores.ListStores - (stores.py:35) - Method source: StoreFileRepository.list_all
2025-10-25 12:51:19,390 - INFO - backend.app.application.stores.ListStores - (stores.py:31) - Listing all storessdsdsdsdsd.
2025-10-25 12:51:19,390 - INFO - backend.app.application.stores.ListStores - (stores.py:32) - Repo type: <class 'backend.adapters.repos.store_file_repository.StoreFileRepository'>
2025-10-25 12:51:19,390 - INFO - backend.app.application.stores.ListStores - (stores.py:33) - Repo module: backend.adapters.repos.store_file_repository
2025-10-25 12:51:19,390 - INFO - backend.app.application.stores.ListStores - (stores.py:34) - Has logger: False
2025-10-25 12:51:19,390 - INFO - backend.app.application.stores.ListStores - (stores.py:35) - Method source: StoreFileRepository.list_all
2025-10-25 12:51:19,392 - INFO - backend.app.application.stores.ListStores - (stores.py:31) - Listing all storessdsdsdsdsd.
2025-10-25 12:51:19,392 - INFO - backend.app.application.stores.ListStores - (stores.py:32) - Repo type: <class 'backend.adapters.repos.store_file_repository.StoreFileRepository'>
2025-10-25 12:51:19,392 - INFO - backend.app.application.stores.ListStores - (stores.py:33) - Repo module: backend.adapters.repos.store_file_repository
2025-10-25 12:51:19,392 - INFO - backend.app.application.stores.ListStores - (stores.py:34) - Has logger: False
2025-10-25 12:51:19,392 - INFO - backend.app.application.stores.ListStores - (stores.py:35) - Method source: StoreFileRepository.list_all
2025-10-25 12:51:19,565 - INFO - backend.app.application.stores.ListStores - (stores.py:31) - Listing all storessdsdsdsdsd.
2025-10-25 12:51:19,565 - INFO - backend.app.application.stores.ListStores - (stores.py:32) - Repo type: <class 'backend.adapters.repos.store_file_repository.StoreFileRepository'>
2025-10-25 12:51:19,565 - INFO - backend.app.application.stores.ListStores - (stores.py:33) - Repo module: backend.adapters.repos.store_file_repository
2025-10-25 12:51:19,565 - INFO - backend.app.application.stores.ListStores - (stores.py:34) - Has logger: False
2025-10-25 12:51:19,565 - INFO - backend.app.application.stores.ListStores - (stores.py:35) - Method source: StoreFileRepository.list_all
2025-10-25 12:51:19,566 - INFO - backend.app.application.stores.ListStores - (stores.py:31) - Listing all storessdsdsdsdsd.
2025-10-25 12:51:19,566 - INFO - backend.app.application.stores.ListStores - (stores.py:32) - Repo type: <class 'backend.adapters.repos.store_file_repository.StoreFileRepository'>
2025-10-25 12:51:19,566 - INFO - backend.app.application.stores.ListStores - (stores.py:33) - Repo module: backend.adapters.repos.store_file_repository
2025-10-25 12:51:19,566 - INFO - backend.app.application.stores.ListStores - (stores.py:34) - Has logger: False
2025-10-25 12:51:19,566 - INFO - backend.app.application.stores.ListStores - (stores.py:35) - Method source: StoreFileRepository.list_all
2025-10-25 12:51:19,567 - INFO - backend.app.application.stores.ListStores - (stores.py:31) - Listing all storessdsdsdsdsd.
2025-10-25 12:51:19,567 - INFO - backend.app.application.stores.ListStores - (stores.py:32) - Repo type: <class 'backend.adapters.repos.store_file_repository.StoreFileRepository'>
2025-10-25 12:51:19,568 - INFO - backend.app.application.stores.ListStores - (stores.py:33) - Repo module: backend.adapters.repos.store_file_repository
2025-10-25 12:51:19,568 - INFO - backend.app.application.stores.ListStores - (stores.py:34) - Has logger: False
2025-10-25 12:51:19,568 - INFO - backend.app.application.stores.ListStores - (stores.py:35) - Method source: StoreFileRepository.list_all
2025-10-25 12:52:13,142 - INFO - backend.app.application.stores.ListStores - (stores.py:31) - Listing all storessdsdsdsdsd.
2025-10-25 12:52:13,142 - INFO - backend.app.application.stores.ListStores - (stores.py:32) - Repo type: <class 'backend.adapters.repos.store_file_repository.StoreFileRepository'>
2025-10-25 12:52:13,142 - INFO - backend.app.application.stores.ListStores - (stores.py:33) - Repo module: backend.adapters.repos.store_file_repository
2025-10-25 12:52:13,142 - INFO - backend.app.application.stores.ListStores - (stores.py:34) - Has logger: True
2025-10-25 12:52:13,142 - INFO - backend.app.application.stores.ListStores - (stores.py:35) - Method source: StoreFileRepository.list_all
2025-10-25 12:52:13,147 - INFO - backend.app.application.stores.ListStores - (stores.py:31) - Listing all storessdsdsdsdsd.
2025-10-25 12:52:13,147 - INFO - backend.app.application.stores.ListStores - (stores.py:32) - Repo type: <class 'backend.adapters.repos.store_file_repository.StoreFileRepository'>
2025-10-25 12:52:13,147 - INFO - backend.app.application.stores.ListStores - (stores.py:33) - Repo module: backend.adapters.repos.store_file_repository
2025-10-25 12:52:13,147 - INFO - backend.app.application.stores.ListStores - (stores.py:34) - Has logger: True
2025-10-25 12:52:13,147 - INFO - backend.app.application.stores.ListStores - (stores.py:35) - Method source: StoreFileRepository.list_all
2025-10-25 12:52:13,151 - INFO - backend.app.application.stores.ListStores - (stores.py:31) - Listing all storessdsdsdsdsd.
2025-10-25 12:52:13,151 - INFO - backend.app.application.stores.ListStores - (stores.py:32) - Repo type: <class 'backend.adapters.repos.store_file_repository.StoreFileRepository'>
2025-10-25 12:52:13,151 - INFO - backend.app.application.stores.ListStores - (stores.py:33) - Repo module: backend.adapters.repos.store_file_repository
2025-10-25 12:52:13,151 - INFO - backend.app.application.stores.ListStores - (stores.py:34) - Has logger: True
2025-10-25 12:52:13,151 - INFO - backend.app.application.stores.ListStores - (stores.py:35) - Method source: StoreFileRepository.list_all
2025-10-25 12:52:13,342 - INFO - backend.app.application.stores.ListStores - (stores.py:31) - Listing all storessdsdsdsdsd.
2025-10-25 12:52:13,342 - INFO - backend.app.application.stores.ListStores - (stores.py:32) - Repo type: <class 'backend.adapters.repos.store_file_repository.StoreFileRepository'>
2025-10-25 12:52:13,342 - INFO - backend.app.application.stores.ListStores - (stores.py:33) - Repo module: backend.adapters.repos.store_file_repository
2025-10-25 12:52:13,342 - INFO - backend.app.application.stores.ListStores - (stores.py:34) - Has logger: True
2025-10-25 12:52:13,342 - INFO - backend.app.application.stores.ListStores - (stores.py:35) - Method source: StoreFileRepository.list_all
2025-10-25 12:52:13,345 - INFO - backend.app.application.stores.ListStores - (stores.py:31) - Listing all storessdsdsdsdsd.
2025-10-25 12:52:13,346 - INFO - backend.app.application.stores.ListStores - (stores.py:32) - Repo type: <class 'backend.adapters.repos.store_file_repository.StoreFileRepository'>
2025-10-25 12:52:13,346 - INFO - backend.app.application.stores.ListStores - (stores.py:33) - Repo module: backend.adapters.repos.store_file_repository
2025-10-25 12:52:13,346 - INFO - backend.app.application.stores.ListStores - (stores.py:34) - Has logger: True
2025-10-25 12:52:13,346 - INFO - backend.app.application.stores.ListStores - (stores.py:35) - Method source: StoreFileRepository.list_all
2025-10-25 12:52:13,349 - INFO - backend.app.application.stores.ListStores - (stores.py:31) - Listing all storessdsdsdsdsd.
2025-10-25 12:52:13,349 - INFO - backend.app.application.stores.ListStores - (stores.py:32) - Repo type: <class 'backend.adapters.repos.store_file_repository.StoreFileRepository'>
2025-10-25 12:52:13,349 - INFO - backend.app.application.stores.ListStores - (stores.py:33) - Repo module: backend.adapters.repos.store_file_repository
2025-10-25 12:52:13,350 - INFO - backend.app.application.stores.ListStores - (stores.py:34) - Has logger: True
2025-10-25 12:52:13,350 - INFO - backend.app.application.stores.ListStores - (stores.py:35) - Method source: StoreFileRepository.list_all
2025-10-25 12:52:13,542 - INFO - backend.app.application.stores.ListStores - (stores.py:31) - Listing all storessdsdsdsdsd.
2025-10-25 12:52:13,542 - INFO - backend.app.application.stores.ListStores - (stores.py:32) - Repo type: <class 'backend.adapters.repos.store_file_repository.StoreFileRepository'>
2025-10-25 12:52:13,542 - INFO - backend.app.application.stores.ListStores - (stores.py:33) - Repo module: backend.adapters.repos.store_file_repository
2025-10-25 12:52:13,542 - INFO - backend.app.application.stores.ListStores - (stores.py:34) - Has logger: True
2025-10-25 12:52:13,542 - INFO - backend.app.application.stores.ListStores - (stores.py:35) - Method source: StoreFileRepository.list_all
2025-10-25 12:52:13,545 - INFO - backend.app.application.stores.ListStores - (stores.py:31) - Listing all storessdsdsdsdsd.
2025-10-25 12:52:13,545 - INFO - backend.app.application.stores.ListStores - (stores.py:32) - Repo type: <class 'backend.adapters.repos.store_file_repository.StoreFileRepository'>
2025-10-25 12:52:13,545 - INFO - backend.app.application.stores.ListStores - (stores.py:33) - Repo module: backend.adapters.repos.store_file_repository
2025-10-25 12:52:13,545 - INFO - backend.app.application.stores.ListStores - (stores.py:34) - Has logger: True
2025-10-25 12:52:13,545 - INFO - backend.app.application.stores.ListStores - (stores.py:35) - Method source: StoreFileRepository.list_all
2025-10-25 12:52:13,549 - INFO - backend.app.application.stores.ListStores - (stores.py:31) - Listing all storessdsdsdsdsd.
2025-10-25 12:52:13,549 - INFO - backend.app.application.stores.ListStores - (stores.py:32) - Repo type: <class 'backend.adapters.repos.store_file_repository.StoreFileRepository'>
2025-10-25 12:52:13,549 - INFO - backend.app.application.stores.ListStores - (stores.py:33) - Repo module: backend.adapters.repos.store_file_repository
2025-10-25 12:52:13,549 - INFO - backend.app.application.stores.ListStores - (stores.py:34) - Has logger: True
2025-10-25 12:52:13,549 - INFO - backend.app.application.stores.ListStores - (stores.py:35) - Method source: StoreFileRepository.list_all
2025-10-25 12:54:38,992 - INFO - backend.app.application.stores.ListStores - (stores.py:31) - Listing all stores.
2025-10-25 12:54:39,034 - INFO - backend.app.application.stores.ListStores - (stores.py:31) - Listing all stores.
2025-10-25 12:54:39,216 - INFO - backend.app.application.stores.ListStores - (stores.py:31) - Listing all stores.
2025-10-25 12:54:39,219 - INFO - backend.app.application.stores.ListStores - (stores.py:31) - Listing all stores.
2025-10-25 12:54:39,416 - INFO - backend.app.application.stores.ListStores - (stores.py:31) - Listing all stores.
2025-10-25 12:54:39,419 - INFO - backend.app.application.stores.ListStores - (stores.py:31) - Listing all stores.
2025-10-25 12:54:42,984 - INFO - backend.app.application.stores.ListStores - (stores.py:31) - Listing all stores.
2025-10-25 12:54:42,987 - INFO - backend.app.application.stores.ListStores - (stores.py:31) - Listing all stores.
2025-10-25 12:54:43,928 - INFO - backend.app.application.stores.ListStores - (stores.py:31) - Listing all stores.
2025-10-25 12:54:43,931 - INFO - backend.app.application.stores.ListStores - (stores.py:31) - Listing all stores.
2025-10-25 12:54:45,384 - INFO - backend.app.application.stores.ListStores - (stores.py:31) - Listing all stores.
2025-10-25 12:54:45,387 - INFO - backend.app.application.stores.ListStores - (stores.py:31) - Listing all stores.
2025-10-25 12:54:47,280 - INFO - backend.app.application.stores.ListStores - (stores.py:31) - Listing all stores.
2025-10-25 12:54:47,284 - INFO - backend.app.application.stores.ListStores - (stores.py:31) - Listing all stores.
2025-10-25 12:54:48,144 - INFO - backend.app.application.stores.ListStores - (stores.py:31) - Listing all stores.
2025-10-25 12:54:48,147 - INFO - backend.app.application.stores.ListStores - (stores.py:31) - Listing all stores.
2025-10-25 12:54:53,888 - INFO - backend.app.application.stores.ListStores - (stores.py:31) - Listing all stores.
2025-10-25 12:54:53,891 - INFO - backend.app.application.stores.ListStores - (stores.py:31) - Listing all stores.
2025-10-25 13:10:49,713 - INFO - backend.app.application.stores.ListStores - (stores.py:31) - Listing all stores.
2025-10-25 13:10:49,716 - INFO - backend.app.application.stores.ListStores - (stores.py:31) - Listing all stores.
2025-10-25 13:10:51,689 - INFO - backend.app.application.stores.ListStores - (stores.py:31) - Listing all stores.
2025-10-25 13:10:51,692 - INFO - backend.app.application.stores.ListStores - (stores.py:31) - Listing all stores.
