2025-10-25 10:00:29,095 - INFO - backend.bots.craftable_bot.craftable_bot.CraftableBot - (craftable_bot.py:303) - Retrieving order for Copper Horse Coffee (10/24/2025).
2025-10-25 10:00:30,450 - INFO - backend.bots.craftable_bot.craftable_bot.CraftableBot - (craftable_bot.py:1031) - [Order Update] Initiating update protocol for Downtown / Copper Horse Coffee / 20251024.
2025-10-25 10:00:30,472 - INFO - backend.bots.craftable_bot.craftable_bot.CraftableBot - (craftable_bot.py:317) - Saving order for Copper Horse Coffee.
2025-10-25 10:00:34,878 - INFO - backend.bots.craftable_bot.craftable_bot.CraftableBot - (craftable_bot.py:303) - Retrieving order for Hill & Markes (10/24/2025).
2025-10-25 10:00:36,218 - INFO - backend.bots.craftable_bot.craftable_bot.CraftableBot - (craftable_bot.py:1031) - [Order Update] Initiating update protocol for Downtown / Hill & Markes / 20251024.
2025-10-25 10:00:36,235 - INFO - backend.bots.craftable_bot.craftable_bot.CraftableBot - (craftable_bot.py:317) - Saving order for Hill & Markes.
2025-10-25 10:00:40,639 - INFO - backend.bots.craftable_bot.craftable_bot.CraftableBot - (craftable_bot.py:303) - Retrieving order for Equal Exchange (10/24/2025).
2025-10-25 10:00:41,987 - INFO - backend.bots.craftable_bot.craftable_bot.CraftableBot - (craftable_bot.py:1031) - [Order Update] Initiating update protocol for Downtown / Equal Exchange / 20251024.
2025-10-25 10:00:42,005 - INFO - backend.bots.craftable_bot.craftable_bot.CraftableBot - (craftable_bot.py:317) - Saving order for Equal Exchange.
2025-10-25 10:00:46,415 - INFO - backend.bots.craftable_bot.craftable_bot.CraftableBot - (craftable_bot.py:303) - Retrieving order for SANICO (10/24/2025).
2025-10-25 10:00:47,649 - INFO - backend.bots.craftable_bot.craftable_bot.CraftableBot - (craftable_bot.py:1031) - [Order Update] Initiating update protocol for Downtown / SANICO / 20251024.
2025-10-25 10:00:47,667 - INFO - backend.bots.craftable_bot.craftable_bot.CraftableBot - (craftable_bot.py:317) - Saving order for SANICO.
2025-10-25 10:00:52,070 - INFO - backend.bots.craftable_bot.craftable_bot.CraftableBot - (craftable_bot.py:303) - Retrieving order for Johnston Paper (10/24/2025).
2025-10-25 10:00:53,264 - INFO - backend.bots.craftable_bot.craftable_bot.CraftableBot - (craftable_bot.py:1031) - [Order Update] Initiating update protocol for Downtown / Johnston Paper / 20251024.
2025-10-25 10:00:53,288 - INFO - backend.bots.craftable_bot.craftable_bot.CraftableBot - (craftable_bot.py:317) - Saving order for Johnston Paper.
2025-10-25 10:00:57,677 - INFO - backend.bots.craftable_bot.craftable_bot.CraftableBot - (craftable_bot.py:303) - Retrieving order for FingerLakes Farms (10/24/2025).
2025-10-25 10:00:59,262 - INFO - backend.bots.craftable_bot.craftable_bot.CraftableBot - (craftable_bot.py:1031) - [Order Update] Initiating update protocol for Downtown / FingerLakes Farms / 20251024.
2025-10-25 10:00:59,281 - INFO - backend.bots.craftable_bot.craftable_bot.CraftableBot - (craftable_bot.py:317) - Saving order for FingerLakes Farms.
2025-10-25 10:01:03,693 - INFO - backend.bots.craftable_bot.craftable_bot.CraftableBot - (craftable_bot.py:303) - Retrieving order for Sysco (10/24/2025).
2025-10-25 10:01:05,487 - INFO - backend.bots.craftable_bot.craftable_bot.CraftableBot - (craftable_bot.py:1031) - [Order Update] Initiating update protocol for Downtown / Sysco / 20251024.
2025-10-25 10:01:05,507 - INFO - backend.bots.craftable_bot.craftable_bot.CraftableBot - (craftable_bot.py:317) - Saving order for Sysco.
2025-10-25 10:01:09,983 - INFO - backend.bots.craftable_bot.craftable_bot.CraftableBot - (craftable_bot.py:303) - Retrieving order for Coca-Cola (10/24/2025).
2025-10-25 10:01:11,573 - INFO - backend.bots.craftable_bot.craftable_bot.CraftableBot - (craftable_bot.py:1031) - [Order Update] Initiating update protocol for Downtown / Coca-Cola / 20251024.
2025-10-25 10:01:11,592 - INFO - backend.bots.craftable_bot.craftable_bot.CraftableBot - (craftable_bot.py:317) - Saving order for Coca-Cola.
2025-10-25 10:01:15,996 - INFO - backend.bots.craftable_bot.craftable_bot.CraftableBot - (craftable_bot.py:303) - Retrieving order for Performance Food (10/24/2025).
2025-10-25 10:01:17,822 - INFO - backend.bots.craftable_bot.craftable_bot.CraftableBot - (craftable_bot.py:1031) - [Order Update] Initiating update protocol for Downtown / Performance Food / 20251024.
2025-10-25 10:01:17,839 - INFO - backend.bots.craftable_bot.craftable_bot.CraftableBot - (craftable_bot.py:317) - Saving order for Performance Food.
2025-10-25 10:01:22,253 - INFO - backend.bots.craftable_bot.craftable_bot.CraftableBot - (craftable_bot.py:303) - Retrieving order for UNFI (10/24/2025).
2025-10-25 10:01:24,749 - INFO - backend.bots.craftable_bot.craftable_bot.CraftableBot - (craftable_bot.py:1031) - [Order Update] Initiating update protocol for Downtown / UNFI / 20251024.
2025-10-25 10:01:24,770 - INFO - backend.bots.craftable_bot.craftable_bot.CraftableBot - (craftable_bot.py:317) - Saving order for UNFI.
2025-10-25 10:01:29,204 - INFO - backend.bots.craftable_bot.craftable_bot.CraftableBot - (craftable_bot.py:303) - Retrieving order for Hillcrest Dairy (10/24/2025).
2025-10-25 10:01:30,545 - INFO - backend.bots.craftable_bot.craftable_bot.CraftableBot - (craftable_bot.py:1031) - [Order Update] Initiating update protocol for Downtown / Hillcrest Dairy / 20251024.
2025-10-25 10:01:30,563 - INFO - backend.bots.craftable_bot.craftable_bot.CraftableBot - (craftable_bot.py:317) - Saving order for Hillcrest Dairy.
2025-10-25 10:01:34,977 - INFO - backend.bots.craftable_bot.craftable_bot.CraftableBot - (craftable_bot.py:303) - Retrieving order for Peters Supply (10/24/2025).
2025-10-25 10:01:36,368 - INFO - backend.bots.craftable_bot.craftable_bot.CraftableBot - (craftable_bot.py:1031) - [Order Update] Initiating update protocol for Downtown / Peters Supply / 20251024.
2025-10-25 10:01:36,387 - INFO - backend.bots.craftable_bot.craftable_bot.CraftableBot - (craftable_bot.py:317) - Saving order for Peters Supply.
2025-10-25 10:01:40,787 - INFO - backend.bots.craftable_bot.craftable_bot.CraftableBot - (craftable_bot.py:303) - Retrieving order for Coffee Depot LLC (10/24/2025).
2025-10-25 10:01:42,334 - INFO - backend.bots.craftable_bot.craftable_bot.CraftableBot - (craftable_bot.py:1031) - [Order Update] Initiating update protocol for Downtown / Coffee Depot LLC / 20251024.
2025-10-25 10:01:42,352 - INFO - backend.bots.craftable_bot.craftable_bot.CraftableBot - (craftable_bot.py:317) - Saving order for Coffee Depot LLC.
2025-10-25 10:01:46,725 - INFO - backend.bots.craftable_bot.craftable_bot.CraftableBot - (craftable_bot.py:276) - Order download complete.
2025-10-25 10:01:46,725 - INFO - backend.bots.craftable_bot.craftable_bot.CraftableBot - (craftable_bot.py:277) - Closing WebDriver session.
