2026-03-10 06:49:52,098 - INFO - backend.bots.craftable_bot.craftable_bot.CraftableBot - (craftable_bot.py:677) - Selecting calendar date: 20260306
2026-03-10 06:49:54,269 - INFO - backend.bots.craftable_bot.craftable_bot.CraftableBot - (craftable_bot.py:687) - Marking transfer as "Out".
2026-03-10 06:49:58,355 - INFO - backend.bots.craftable_bot.craftable_bot.CraftableBot - (craftable_bot.py:698) - Selecting outbound store: Collegetown
2026-03-10 06:50:04,507 - INFO - backend.bots.craftable_bot.craftable_bot.CraftableBot - (craftable_bot.py:717) - Submitting transfer form.
2026-03-10 06:50:08,606 - INFO - backend.bots.craftable_bot.craftable_bot.CraftableBot - (craftable_bot.py:729) - Starting input for 29 transfer items.
2026-03-10 06:50:08,607 - INFO - backend.bots.craftable_bot.craftable_bot.CraftableBot - (craftable_bot.py:734) - Adding transfer item: Bindi - Cake Tiramisu Round (1)
2026-03-10 06:50:20,614 - INFO - backend.bots.craftable_bot.craftable_bot.CraftableBot - (craftable_bot.py:734) - Adding transfer item: Bragg - Ginger Lemon Honey (1)
2026-03-10 06:50:33,430 - INFO - backend.bots.craftable_bot.craftable_bot.CraftableBot - (craftable_bot.py:734) - Adding transfer item: Bragg - Honey & Green Tea (1)
2026-03-10 06:50:45,915 - INFO - backend.bots.craftable_bot.craftable_bot.CraftableBot - (craftable_bot.py:734) - Adding transfer item: Chobani - Drinkables (Assorted Case) (1)
2026-03-10 06:50:58,518 - INFO - backend.bots.craftable_bot.craftable_bot.CraftableBot - (craftable_bot.py:734) - Adding transfer item: Container - Soup (16oz) (5)
2026-03-10 06:51:11,343 - INFO - backend.bots.craftable_bot.craftable_bot.CraftableBot - (craftable_bot.py:734) - Adding transfer item: Container - Soup (8oz) (4)
2026-03-10 06:51:24,713 - INFO - backend.bots.craftable_bot.craftable_bot.CraftableBot - (craftable_bot.py:734) - Adding transfer item: Cup - Hot (8oz) (4)
2026-03-10 06:51:37,727 - INFO - backend.bots.craftable_bot.craftable_bot.CraftableBot - (craftable_bot.py:734) - Adding transfer item: Cup - Portion (3.25oz) (2)
2026-03-10 06:51:50,905 - INFO - backend.bots.craftable_bot.craftable_bot.CraftableBot - (craftable_bot.py:734) - Adding transfer item: Degreaser - for Panini Press (Dawn) (1)
2026-03-10 06:52:04,732 - INFO - backend.bots.craftable_bot.craftable_bot.CraftableBot - (craftable_bot.py:734) - Adding transfer item: FRZ Fruit - Mango (1)
2026-03-10 06:52:18,189 - INFO - backend.bots.craftable_bot.craftable_bot.CraftableBot - (craftable_bot.py:734) - Adding transfer item: Hazelnut Coffee (Grounded, Bulk) (3)
2026-03-10 06:52:31,881 - INFO - backend.bots.craftable_bot.craftable_bot.CraftableBot - (craftable_bot.py:734) - Adding transfer item: Kilogram Chai Concentrate (2)
2026-03-10 06:52:46,153 - INFO - backend.bots.craftable_bot.craftable_bot.CraftableBot - (craftable_bot.py:734) - Adding transfer item: Lid - Deli (6/32oz) (6)
2026-03-10 06:53:00,165 - INFO - backend.bots.craftable_bot.craftable_bot.CraftableBot - (craftable_bot.py:734) - Adding transfer item: Lid - Portion (3.25oz) (2)
2026-03-10 06:53:14,145 - INFO - backend.bots.craftable_bot.craftable_bot.CraftableBot - (craftable_bot.py:734) - Adding transfer item: Lid - Soup (6/16 oz) (4)
2026-03-10 06:53:28,423 - INFO - backend.bots.craftable_bot.craftable_bot.CraftableBot - (craftable_bot.py:734) - Adding transfer item: Lid Espresso - 4oz (1)
2026-03-10 06:53:43,340 - INFO - backend.bots.craftable_bot.craftable_bot.CraftableBot - (craftable_bot.py:734) - Adding transfer item: Maple Syrup (pure) (2)
2026-03-10 06:53:57,867 - INFO - backend.bots.craftable_bot.craftable_bot.CraftableBot - (craftable_bot.py:734) - Adding transfer item: Matcha (3)
2026-03-10 06:54:12,404 - INFO - backend.bots.craftable_bot.craftable_bot.CraftableBot - (craftable_bot.py:734) - Adding transfer item: Mop Head Cut (White) (2)
2026-03-10 06:54:27,119 - INFO - backend.bots.craftable_bot.craftable_bot.CraftableBot - (craftable_bot.py:734) - Adding transfer item: Register Tape - Thermal (3.125" x 230') (1)
2026-03-10 06:54:42,466 - INFO - backend.bots.craftable_bot.craftable_bot.CraftableBot - (craftable_bot.py:734) - Adding transfer item: Smoked Salmon (Retail Pack) (1)
2026-03-10 06:54:57,518 - INFO - backend.bots.craftable_bot.craftable_bot.CraftableBot - (craftable_bot.py:734) - Adding transfer item: Supplement - Whey Protein (2)
2026-03-10 06:55:12,721 - INFO - backend.bots.craftable_bot.craftable_bot.CraftableBot - (craftable_bot.py:734) - Adding transfer item: Sweet Street - Pie Choc PB Cup Sliced (1)
2026-03-10 06:55:27,983 - INFO - backend.bots.craftable_bot.craftable_bot.CraftableBot - (craftable_bot.py:734) - Adding transfer item: Tea Bags - English Breakfast (Twinings) (2)
2026-03-10 06:55:43,855 - INFO - backend.bots.craftable_bot.craftable_bot.CraftableBot - (craftable_bot.py:734) - Adding transfer item: Torani - Caramel Sauce (2)
2026-03-10 06:55:59,415 - INFO - backend.bots.craftable_bot.craftable_bot.CraftableBot - (craftable_bot.py:734) - Adding transfer item: Torani - Dark Chocolate Sauce (7)
2026-03-10 06:56:15,610 - INFO - backend.bots.craftable_bot.craftable_bot.CraftableBot - (craftable_bot.py:734) - Adding transfer item: Torani - White Chocolate Sauce (1)
2026-03-10 06:56:31,631 - INFO - backend.bots.craftable_bot.craftable_bot.CraftableBot - (craftable_bot.py:734) - Adding transfer item: Wrap - Paper (15" x 10.75") (2)
2026-03-10 06:56:47,781 - INFO - backend.bots.craftable_bot.craftable_bot.CraftableBot - (craftable_bot.py:734) - Adding transfer item: Wrap - Paper (6" x 10.75") (1)
2026-03-10 06:57:03,976 - INFO - backend.bots.craftable_bot.craftable_bot.CraftableBot - (craftable_bot.py:739) - All items processed.
2026-03-10 06:57:03,976 - INFO - backend.bots.craftable_bot.craftable_bot.CraftableBot - (craftable_bot.py:639) - Transfer for 29 items from Bakery to Collegetown on 20260306 completed successfully.
2026-03-10 06:57:03,976 - INFO - backend.bots.craftable_bot.craftable_bot.CraftableBot - (craftable_bot.py:625) - Starting transfer protocol for 32 items from Bakery to Downtown on 20260306
2026-03-10 06:57:12,458 - INFO - backend.bots.craftable_bot.craftable_bot.CraftableBot - (craftable_bot.py:645) - Creating new transfer in Craftable.
2026-03-10 06:57:16,554 - INFO - backend.bots.craftable_bot.craftable_bot.CraftableBot - (craftable_bot.py:655) - Entering transfer details: Bakery to Downtown on 20260306
2026-03-10 06:57:16,595 - INFO - backend.bots.craftable_bot.craftable_bot.CraftableBot - (craftable_bot.py:665) - Opening transfer date calendar.
2026-03-10 06:57:16,679 - INFO - backend.bots.craftable_bot.craftable_bot.CraftableBot - (craftable_bot.py:677) - Selecting calendar date: 20260306
2026-03-10 06:57:18,854 - INFO - backend.bots.craftable_bot.craftable_bot.CraftableBot - (craftable_bot.py:687) - Marking transfer as "Out".
2026-03-10 06:57:22,941 - INFO - backend.bots.craftable_bot.craftable_bot.CraftableBot - (craftable_bot.py:698) - Selecting outbound store: Downtown
2026-03-10 06:57:29,097 - INFO - backend.bots.craftable_bot.craftable_bot.CraftableBot - (craftable_bot.py:717) - Submitting transfer form.
2026-03-10 06:57:33,193 - INFO - backend.bots.craftable_bot.craftable_bot.CraftableBot - (craftable_bot.py:729) - Starting input for 32 transfer items.
2026-03-10 06:57:33,193 - INFO - backend.bots.craftable_bot.craftable_bot.CraftableBot - (craftable_bot.py:734) - Adding transfer item: Celsius - Vibe Peach, Tropical, Arctic (2)
2026-03-10 06:57:45,190 - INFO - backend.bots.craftable_bot.craftable_bot.CraftableBot - (craftable_bot.py:734) - Adding transfer item: Chobani - Drinkables (Assorted Case) (1)
2026-03-10 06:57:57,992 - INFO - backend.bots.craftable_bot.craftable_bot.CraftableBot - (craftable_bot.py:734) - Adding transfer item: Coffee Stirrer (Bamboo) (1)
2026-03-10 06:58:10,433 - INFO - backend.bots.craftable_bot.craftable_bot.CraftableBot - (craftable_bot.py:734) - Adding transfer item: Container - Soup (8oz) (1)
2026-03-10 06:58:23,013 - INFO - backend.bots.craftable_bot.craftable_bot.CraftableBot - (craftable_bot.py:734) - Adding transfer item: Cup - Espresso (4oz) (1)
2026-03-10 06:58:35,742 - INFO - backend.bots.craftable_bot.craftable_bot.CraftableBot - (craftable_bot.py:734) - Adding transfer item: Cup - Hot (8oz) (1)
2026-03-10 06:58:49,073 - INFO - backend.bots.craftable_bot.craftable_bot.CraftableBot - (craftable_bot.py:734) - Adding transfer item: DV - Gummi Sharks (6)
2026-03-10 06:59:02,171 - INFO - backend.bots.craftable_bot.craftable_bot.CraftableBot - (craftable_bot.py:734) - Adding transfer item: Employee Water (3)
2026-03-10 06:59:15,307 - INFO - backend.bots.craftable_bot.craftable_bot.CraftableBot - (craftable_bot.py:734) - Adding transfer item: Essentia Water (1)
2026-03-10 06:59:28,570 - INFO - backend.bots.craftable_bot.craftable_bot.CraftableBot - (craftable_bot.py:734) - Adding transfer item: Evian 1L (1)
2026-03-10 06:59:42,421 - INFO - backend.bots.craftable_bot.craftable_bot.CraftableBot - (craftable_bot.py:734) - Adding transfer item: Fiji Water 1L (1)
2026-03-10 06:59:56,019 - INFO - backend.bots.craftable_bot.craftable_bot.CraftableBot - (craftable_bot.py:734) - Adding transfer item: Hot Chocolate (Bulk) (1)
2026-03-10 07:00:09,660 - INFO - backend.bots.craftable_bot.craftable_bot.CraftableBot - (craftable_bot.py:734) - Adding transfer item: Joe Tea - Classic Lemonade (1)
2026-03-10 07:00:23,823 - INFO - backend.bots.craftable_bot.craftable_bot.CraftableBot - (craftable_bot.py:734) - Adding transfer item: Kilogram Chai Concentrate (1)
2026-03-10 07:00:37,801 - INFO - backend.bots.craftable_bot.craftable_bot.CraftableBot - (craftable_bot.py:734) - Adding transfer item: Lid - Deli (6/32oz) (1)
2026-03-10 07:00:51,825 - INFO - backend.bots.craftable_bot.craftable_bot.CraftableBot - (craftable_bot.py:734) - Adding transfer item: Lid - Portion (2oz) (1)
2026-03-10 07:01:05,988 - INFO - backend.bots.craftable_bot.craftable_bot.CraftableBot - (craftable_bot.py:734) - Adding transfer item: Lid - Soup (6/16 oz) (1)
2026-03-10 07:01:20,676 - INFO - backend.bots.craftable_bot.craftable_bot.CraftableBot - (craftable_bot.py:734) - Adding transfer item: Oil - Olive Extra Virgin (1)
2026-03-10 07:01:35,671 - INFO - backend.bots.craftable_bot.craftable_bot.CraftableBot - (craftable_bot.py:734) - Adding transfer item: Peanut Butter - Creamy (2)
2026-03-10 07:01:50,153 - INFO - backend.bots.craftable_bot.craftable_bot.CraftableBot - (craftable_bot.py:734) - Adding transfer item: Red Bull (1)
2026-03-10 07:02:04,872 - INFO - backend.bots.craftable_bot.craftable_bot.CraftableBot - (craftable_bot.py:734) - Adding transfer item: Red Bull - Amber (1)
2026-03-10 07:02:19,543 - INFO - backend.bots.craftable_bot.craftable_bot.CraftableBot - (craftable_bot.py:734) - Adding transfer item: Register Tape - Paper (3" x 165') (1)
2026-03-10 07:02:34,919 - INFO - backend.bots.craftable_bot.craftable_bot.CraftableBot - (craftable_bot.py:734) - Adding transfer item: Register Tape - Thermal (3.125" x 230') (1)
2026-03-10 07:02:50,052 - INFO - backend.bots.craftable_bot.craftable_bot.CraftableBot - (craftable_bot.py:734) - Adding transfer item: Smoked Salmon (Sliced) (2)
2026-03-10 07:03:05,256 - INFO - backend.bots.craftable_bot.craftable_bot.CraftableBot - (craftable_bot.py:734) - Adding transfer item: Tea Bags - Earl Grey (Twinings) (1)
2026-03-10 07:03:21,181 - INFO - backend.bots.craftable_bot.craftable_bot.CraftableBot - (craftable_bot.py:734) - Adding transfer item: Tea Bags - English Breakfast (Twinings) (1)
2026-03-10 07:03:36,774 - INFO - backend.bots.craftable_bot.craftable_bot.CraftableBot - (craftable_bot.py:734) - Adding transfer item: Torani - Caramel Sauce (1)
2026-03-10 07:03:52,404 - INFO - backend.bots.craftable_bot.craftable_bot.CraftableBot - (craftable_bot.py:734) - Adding transfer item: Torani - Dark Chocolate Sauce (1)
2026-03-10 07:04:08,152 - INFO - backend.bots.craftable_bot.craftable_bot.CraftableBot - (craftable_bot.py:734) - Adding transfer item: Urnex - Rinza (1)
2026-03-10 07:04:24,351 - INFO - backend.bots.craftable_bot.craftable_bot.CraftableBot - (craftable_bot.py:734) - Adding transfer item: Wrap - EZ Poly (8" x 10.75") (1)
2026-03-10 07:04:40,456 - INFO - backend.bots.craftable_bot.craftable_bot.CraftableBot - (craftable_bot.py:734) - Adding transfer item: Wrap - Foil (9" x 10.75") (1)
2026-03-10 07:04:56,495 - INFO - backend.bots.craftable_bot.craftable_bot.CraftableBot - (craftable_bot.py:734) - Adding transfer item: Wrap - Paper (15" x 10.75") (1)
2026-03-10 07:05:12,841 - INFO - backend.bots.craftable_bot.craftable_bot.CraftableBot - (craftable_bot.py:739) - All items processed.
2026-03-10 07:05:12,841 - INFO - backend.bots.craftable_bot.craftable_bot.CraftableBot - (craftable_bot.py:639) - Transfer for 32 items from Bakery to Downtown on 20260306 completed successfully.
2026-03-10 07:05:12,841 - INFO - backend.bots.craftable_bot.craftable_bot.CraftableBot - (craftable_bot.py:625) - Starting transfer protocol for 45 items from Bakery to Easthill on 20260306
2026-03-10 07:05:21,436 - INFO - backend.bots.craftable_bot.craftable_bot.CraftableBot - (craftable_bot.py:645) - Creating new transfer in Craftable.
2026-03-10 07:05:25,506 - INFO - backend.bots.craftable_bot.craftable_bot.CraftableBot - (craftable_bot.py:655) - Entering transfer details: Bakery to Easthill on 20260306
2026-03-10 07:05:25,548 - INFO - backend.bots.craftable_bot.craftable_bot.CraftableBot - (craftable_bot.py:665) - Opening transfer date calendar.
2026-03-10 07:05:25,629 - INFO - backend.bots.craftable_bot.craftable_bot.CraftableBot - (craftable_bot.py:677) - Selecting calendar date: 20260306
2026-03-10 07:05:27,792 - INFO - backend.bots.craftable_bot.craftable_bot.CraftableBot - (craftable_bot.py:687) - Marking transfer as "Out".
2026-03-10 07:05:31,882 - INFO - backend.bots.craftable_bot.craftable_bot.CraftableBot - (craftable_bot.py:698) - Selecting outbound store: Easthill
2026-03-10 07:05:38,047 - INFO - backend.bots.craftable_bot.craftable_bot.CraftableBot - (craftable_bot.py:717) - Submitting transfer form.
2026-03-10 07:05:42,143 - INFO - backend.bots.craftable_bot.craftable_bot.CraftableBot - (craftable_bot.py:729) - Starting input for 45 transfer items.
2026-03-10 07:05:42,143 - INFO - backend.bots.craftable_bot.craftable_bot.CraftableBot - (craftable_bot.py:734) - Adding transfer item: Apple Cider (Gal) (1)
2026-03-10 07:05:54,090 - INFO - backend.bots.craftable_bot.craftable_bot.CraftableBot - (craftable_bot.py:734) - Adding transfer item: Bag - Wax (Sandwich) (1)
2026-03-10 07:06:06,418 - INFO - backend.bots.craftable_bot.craftable_bot.CraftableBot - (craftable_bot.py:734) - Adding transfer item: Bag Paper - Baguette (2)
2026-03-10 07:06:19,347 - INFO - backend.bots.craftable_bot.craftable_bot.CraftableBot - (craftable_bot.py:734) - Adding transfer item: Box Cake - 8x8x5 (1)
2026-03-10 07:06:31,889 - INFO - backend.bots.craftable_bot.craftable_bot.CraftableBot - (craftable_bot.py:734) - Adding transfer item: Celsius - Vibe Peach, Tropical, Arctic (1)
2026-03-10 07:06:44,541 - INFO - backend.bots.craftable_bot.craftable_bot.CraftableBot - (craftable_bot.py:734) - Adding transfer item: Container - Deli (32oz) (1)
2026-03-10 07:06:57,374 - INFO - backend.bots.craftable_bot.craftable_bot.CraftableBot - (craftable_bot.py:734) - Adding transfer item: Container - Soup (16oz) (4)
2026-03-10 07:07:10,647 - INFO - backend.bots.craftable_bot.craftable_bot.CraftableBot - (craftable_bot.py:734) - Adding transfer item: Container - Soup (8oz) (3)
2026-03-10 07:07:23,595 - INFO - backend.bots.craftable_bot.craftable_bot.CraftableBot - (craftable_bot.py:734) - Adding transfer item: Copy Paper (8.5" x 11") (1)
2026-03-10 07:07:36,603 - INFO - backend.bots.craftable_bot.craftable_bot.CraftableBot - (craftable_bot.py:734) - Adding transfer item: Cup - Hot (8oz) (8)
2026-03-10 07:07:49,682 - INFO - backend.bots.craftable_bot.craftable_bot.CraftableBot - (craftable_bot.py:734) - Adding transfer item: Cup - Portion (2oz) (1)
2026-03-10 07:08:02,972 - INFO - backend.bots.craftable_bot.craftable_bot.CraftableBot - (craftable_bot.py:734) - Adding transfer item: Degreaser - for Panini Press (Dawn) (1)
2026-03-10 07:08:16,427 - INFO - backend.bots.craftable_bot.craftable_bot.CraftableBot - (craftable_bot.py:734) - Adding transfer item: Fiji Water 500ml (1)
2026-03-10 07:08:30,214 - INFO - backend.bots.craftable_bot.craftable_bot.CraftableBot - (craftable_bot.py:734) - Adding transfer item: FRZ Fruit - Mango (1)
2026-03-10 07:08:43,732 - INFO - backend.bots.craftable_bot.craftable_bot.CraftableBot - (craftable_bot.py:734) - Adding transfer item: FRZ Fruit - Raspberry (Whole) (1)
2026-03-10 07:08:57,647 - INFO - backend.bots.craftable_bot.craftable_bot.CraftableBot - (craftable_bot.py:734) - Adding transfer item: Hazelnut Coffee (Grounded, Bulk) (1)
2026-03-10 07:09:11,973 - INFO - backend.bots.craftable_bot.craftable_bot.CraftableBot - (craftable_bot.py:734) - Adding transfer item: Honey - Jug (2)
2026-03-10 07:09:25,957 - INFO - backend.bots.craftable_bot.craftable_bot.CraftableBot - (craftable_bot.py:734) - Adding transfer item: Hot Chocolate (Bulk) (1)
2026-03-10 07:09:40,044 - INFO - backend.bots.craftable_bot.craftable_bot.CraftableBot - (craftable_bot.py:734) - Adding transfer item: Ice Melt (1)
2026-03-10 07:09:54,173 - INFO - backend.bots.craftable_bot.craftable_bot.CraftableBot - (craftable_bot.py:734) - Adding transfer item: Iced Tea - Black (1)
2026-03-10 07:10:08,409 - INFO - backend.bots.craftable_bot.craftable_bot.CraftableBot - (craftable_bot.py:734) - Adding transfer item: Iced Tea - Green Citrus Ginko (1)
2026-03-10 07:10:23,293 - INFO - backend.bots.craftable_bot.craftable_bot.CraftableBot - (craftable_bot.py:734) - Adding transfer item: Kilogram Chai Concentrate (2)
2026-03-10 07:10:37,800 - INFO - backend.bots.craftable_bot.craftable_bot.CraftableBot - (craftable_bot.py:734) - Adding transfer item: Lid - Portion (3.25oz) (1)
2026-03-10 07:10:52,313 - INFO - backend.bots.craftable_bot.craftable_bot.CraftableBot - (craftable_bot.py:734) - Adding transfer item: Lid - Soup (32oz) (1)
2026-03-10 07:11:06,974 - INFO - backend.bots.craftable_bot.craftable_bot.CraftableBot - (craftable_bot.py:734) - Adding transfer item: Lid - Soup (6/16 oz) (4)
2026-03-10 07:11:21,874 - INFO - backend.bots.craftable_bot.craftable_bot.CraftableBot - (craftable_bot.py:734) - Adding transfer item: Mop Head Cut (White) (2)
2026-03-10 07:11:37,145 - INFO - backend.bots.craftable_bot.craftable_bot.CraftableBot - (craftable_bot.py:734) - Adding transfer item: Peanut Butter - Chunky (1)
2026-03-10 07:11:52,224 - INFO - backend.bots.craftable_bot.craftable_bot.CraftableBot - (craftable_bot.py:734) - Adding transfer item: Peanut Butter - Creamy (1)
2026-03-10 07:12:07,446 - INFO - backend.bots.craftable_bot.craftable_bot.CraftableBot - (craftable_bot.py:734) - Adding transfer item: Register Tape - Thermal (3.125" x 230') (1)
2026-03-10 07:12:22,751 - INFO - backend.bots.craftable_bot.craftable_bot.CraftableBot - (craftable_bot.py:734) - Adding transfer item: Smoked Salmon (Sliced) (3)
2026-03-10 07:12:37,973 - INFO - backend.bots.craftable_bot.craftable_bot.CraftableBot - (craftable_bot.py:734) - Adding transfer item: Supplement - Antioxident (1)
2026-03-10 07:12:53,791 - INFO - backend.bots.craftable_bot.craftable_bot.CraftableBot - (craftable_bot.py:734) - Adding transfer item: Supplement - Collagen (1)
2026-03-10 07:13:09,459 - INFO - backend.bots.craftable_bot.craftable_bot.CraftableBot - (craftable_bot.py:734) - Adding transfer item: Supplement - Whey Protein (1)
2026-03-10 07:13:25,165 - INFO - backend.bots.craftable_bot.craftable_bot.CraftableBot - (craftable_bot.py:734) - Adding transfer item: Sweet Street - Bar Lemon Luscious Sliced (1)
2026-03-10 07:13:40,997 - INFO - backend.bots.craftable_bot.craftable_bot.CraftableBot - (craftable_bot.py:734) - Adding transfer item: Sweet Street - Cheesecake Rasp White Choc Brulee Sliced (1)
2026-03-10 07:13:56,880 - INFO - backend.bots.craftable_bot.craftable_bot.CraftableBot - (craftable_bot.py:734) - Adding transfer item: Sweet Street - Pie Choc PB Cup Sliced (2)
2026-03-10 07:14:13,237 - INFO - backend.bots.craftable_bot.craftable_bot.CraftableBot - (craftable_bot.py:734) - Adding transfer item: Tea Bags - Earl Grey (Twinings) (2)
2026-03-10 07:14:29,343 - INFO - backend.bots.craftable_bot.craftable_bot.CraftableBot - (craftable_bot.py:734) - Adding transfer item: Tea Bags - Earl Grey Lavender (Twinings) (3)
2026-03-10 07:14:45,598 - INFO - backend.bots.craftable_bot.craftable_bot.CraftableBot - (craftable_bot.py:734) - Adding transfer item: Tea Bags - English Breakfast (Twinings) (2)
2026-03-10 07:15:01,801 - INFO - backend.bots.craftable_bot.craftable_bot.CraftableBot - (craftable_bot.py:734) - Adding transfer item: Tea Bags - Lemon Ginger (Twinings) (1)
2026-03-10 07:15:18,690 - INFO - backend.bots.craftable_bot.craftable_bot.CraftableBot - (craftable_bot.py:734) - Adding transfer item: Torani - Caramel Sauce (1)
2026-03-10 07:15:35,308 - INFO - backend.bots.craftable_bot.craftable_bot.CraftableBot - (craftable_bot.py:734) - Adding transfer item: Torani - Dark Chocolate Sauce (4)
2026-03-10 07:15:51,896 - INFO - backend.bots.craftable_bot.craftable_bot.CraftableBot - (craftable_bot.py:734) - Adding transfer item: Torani - White Chocolate Sauce (1)
2026-03-10 07:16:08,713 - INFO - backend.bots.craftable_bot.craftable_bot.CraftableBot - (craftable_bot.py:734) - Adding transfer item: Wrap - Paper (15" x 10.75") (1)
2026-03-10 07:16:25,429 - INFO - backend.bots.craftable_bot.craftable_bot.CraftableBot - (craftable_bot.py:734) - Adding transfer item: Wrap - Paper (6" x 10.75") (1)
2026-03-10 07:16:42,727 - INFO - backend.bots.craftable_bot.craftable_bot.CraftableBot - (craftable_bot.py:739) - All items processed.
2026-03-10 07:16:42,727 - INFO - backend.bots.craftable_bot.craftable_bot.CraftableBot - (craftable_bot.py:639) - Transfer for 45 items from Bakery to Easthill on 20260306 completed successfully.
2026-03-10 07:16:42,727 - INFO - backend.bots.craftable_bot.craftable_bot.CraftableBot - (craftable_bot.py:625) - Starting transfer protocol for 31 items from Bakery to Triphammer on 20260306
2026-03-10 07:16:51,327 - INFO - backend.bots.craftable_bot.craftable_bot.CraftableBot - (craftable_bot.py:645) - Creating new transfer in Craftable.
2026-03-10 07:16:55,426 - INFO - backend.bots.craftable_bot.craftable_bot.CraftableBot - (craftable_bot.py:655) - Entering transfer details: Bakery to Triphammer on 20260306
2026-03-10 07:16:55,467 - INFO - backend.bots.craftable_bot.craftable_bot.CraftableBot - (craftable_bot.py:665) - Opening transfer date calendar.
2026-03-10 07:16:55,552 - INFO - backend.bots.craftable_bot.craftable_bot.CraftableBot - (craftable_bot.py:677) - Selecting calendar date: 20260306
2026-03-10 07:16:57,716 - INFO - backend.bots.craftable_bot.craftable_bot.CraftableBot - (craftable_bot.py:687) - Marking transfer as "Out".
2026-03-10 07:17:01,804 - INFO - backend.bots.craftable_bot.craftable_bot.CraftableBot - (craftable_bot.py:698) - Selecting outbound store: Triphammer
2026-03-10 07:17:07,973 - INFO - backend.bots.craftable_bot.craftable_bot.CraftableBot - (craftable_bot.py:717) - Submitting transfer form.
2026-03-10 07:17:12,069 - INFO - backend.bots.craftable_bot.craftable_bot.CraftableBot - (craftable_bot.py:729) - Starting input for 31 transfer items.
2026-03-10 07:17:12,069 - INFO - backend.bots.craftable_bot.craftable_bot.CraftableBot - (craftable_bot.py:734) - Adding transfer item: Bag - Wax (Sandwich) (2)
2026-03-10 07:17:24,053 - INFO - backend.bots.craftable_bot.craftable_bot.CraftableBot - (craftable_bot.py:734) - Adding transfer item: Boston Coffee Cake - Apple Cinnamon (1)
2026-03-10 07:17:36,910 - INFO - backend.bots.craftable_bot.craftable_bot.CraftableBot - (craftable_bot.py:734) - Adding transfer item: Box Cake - 8x8x5 (1)
2026-03-10 07:17:49,385 - INFO - backend.bots.craftable_bot.craftable_bot.CraftableBot - (craftable_bot.py:734) - Adding transfer item: Container - Plastic Hinged Pie (6") (1)
2026-03-10 07:18:02,035 - INFO - backend.bots.craftable_bot.craftable_bot.CraftableBot - (craftable_bot.py:734) - Adding transfer item: Copy Paper (8.5" x 11") (1)
2026-03-10 07:18:15,365 - INFO - backend.bots.craftable_bot.craftable_bot.CraftableBot - (craftable_bot.py:734) - Adding transfer item: DV - Gummi Bears (12 oz) (6)
2026-03-10 07:18:28,345 - INFO - backend.bots.craftable_bot.craftable_bot.CraftableBot - (craftable_bot.py:734) - Adding transfer item: Eggs (In-Shell) (2)
2026-03-10 07:18:41,432 - INFO - backend.bots.craftable_bot.craftable_bot.CraftableBot - (craftable_bot.py:734) - Adding transfer item: Employee Water (2)
2026-03-10 07:18:54,772 - INFO - backend.bots.craftable_bot.craftable_bot.CraftableBot - (craftable_bot.py:734) - Adding transfer item: Flour - Millers Choice (1)
2026-03-10 07:19:08,607 - INFO - backend.bots.craftable_bot.craftable_bot.CraftableBot - (craftable_bot.py:734) - Adding transfer item: FRZ Fruit - Raspberry (Whole) (1)
2026-03-10 07:19:22,168 - INFO - backend.bots.craftable_bot.craftable_bot.CraftableBot - (craftable_bot.py:734) - Adding transfer item: Kilogram Chai Concentrate (1)
2026-03-10 07:19:36,377 - INFO - backend.bots.craftable_bot.craftable_bot.CraftableBot - (craftable_bot.py:734) - Adding transfer item: Lid - Soup (32oz) (1)
2026-03-10 07:19:50,339 - INFO - backend.bots.craftable_bot.craftable_bot.CraftableBot - (craftable_bot.py:734) - Adding transfer item: Lid Espresso - 4oz (1)
2026-03-10 07:20:04,353 - INFO - backend.bots.craftable_bot.craftable_bot.CraftableBot - (craftable_bot.py:734) - Adding transfer item: Maple Syrup (pure) (2)
2026-03-10 07:20:18,997 - INFO - backend.bots.craftable_bot.craftable_bot.CraftableBot - (craftable_bot.py:734) - Adding transfer item: Mustard - Honey (1)
2026-03-10 07:20:33,514 - INFO - backend.bots.craftable_bot.craftable_bot.CraftableBot - (craftable_bot.py:734) - Adding transfer item: Natures Bakery - Fig w/ Blueberry (4)
2026-03-10 07:20:48,089 - INFO - backend.bots.craftable_bot.craftable_bot.CraftableBot - (craftable_bot.py:734) - Adding transfer item: Panini Sheets - 16x8 3/8 (2)
2026-03-10 07:21:02,694 - INFO - backend.bots.craftable_bot.craftable_bot.CraftableBot - (craftable_bot.py:734) - Adding transfer item: Peanut Butter - Chunky (1)
2026-03-10 07:21:17,543 - INFO - backend.bots.craftable_bot.craftable_bot.CraftableBot - (craftable_bot.py:734) - Adding transfer item: Red Bull (1)
2026-03-10 07:21:32,977 - INFO - backend.bots.craftable_bot.craftable_bot.CraftableBot - (craftable_bot.py:734) - Adding transfer item: Smoked Salmon (Retail Pack) (1)
2026-03-10 07:21:48,048 - INFO - backend.bots.craftable_bot.craftable_bot.CraftableBot - (craftable_bot.py:734) - Adding transfer item: Smoked Salmon (Sliced) (4)
2026-03-10 07:22:03,265 - INFO - backend.bots.craftable_bot.craftable_bot.CraftableBot - (craftable_bot.py:734) - Adding transfer item: Sweet Street - Cheesecake Rasp White Choc Brulee Sliced (1)
2026-03-10 07:22:19,219 - INFO - backend.bots.craftable_bot.craftable_bot.CraftableBot - (craftable_bot.py:734) - Adding transfer item: Sweet Street - Chocolate Lovin (1)
2026-03-10 07:22:34,811 - INFO - backend.bots.craftable_bot.craftable_bot.CraftableBot - (craftable_bot.py:734) - Adding transfer item: Tea Bags - Earl Grey (Twinings) (4)
2026-03-10 07:22:50,538 - INFO - backend.bots.craftable_bot.craftable_bot.CraftableBot - (craftable_bot.py:734) - Adding transfer item: Tea Bags - Earl Grey Lavender (Twinings) (3)
2026-03-10 07:23:06,912 - INFO - backend.bots.craftable_bot.craftable_bot.CraftableBot - (craftable_bot.py:734) - Adding transfer item: Torani - Caramel Sauce (1)
2026-03-10 07:23:22,981 - INFO - backend.bots.craftable_bot.craftable_bot.CraftableBot - (craftable_bot.py:734) - Adding transfer item: Torani - Dark Chocolate Sauce (5)
2026-03-10 07:23:39,274 - INFO - backend.bots.craftable_bot.craftable_bot.CraftableBot - (craftable_bot.py:734) - Adding transfer item: Torani - White Chocolate Sauce (2)
2026-03-10 07:23:56,088 - INFO - backend.bots.craftable_bot.craftable_bot.CraftableBot - (craftable_bot.py:734) - Adding transfer item: Vita Coco - Pineapple (1)
2026-03-10 07:24:12,713 - INFO - backend.bots.craftable_bot.craftable_bot.CraftableBot - (craftable_bot.py:734) - Adding transfer item: White Hot Chocolate - Ghirardelli (1)
2026-03-10 07:24:29,256 - INFO - backend.bots.craftable_bot.craftable_bot.CraftableBot - (craftable_bot.py:734) - Adding transfer item: Wrap - Paper (15" x 10.75") (1)
2026-03-10 07:24:46,591 - INFO - backend.bots.craftable_bot.craftable_bot.CraftableBot - (craftable_bot.py:739) - All items processed.
2026-03-10 07:24:46,591 - INFO - backend.bots.craftable_bot.craftable_bot.CraftableBot - (craftable_bot.py:639) - Transfer for 31 items from Bakery to Triphammer on 20260306 completed successfully.
2026-03-10 07:24:46,591 - INFO - backend.bots.craftable_bot.craftable_bot.CraftableBot - (craftable_bot.py:618) - Transfers complete.
2026-03-10 10:18:12,860 - INFO - backend.bots.craftable_bot.craftable_bot.CraftableBot - (craftable_bot.py:91) - Logging into Craftable.
2026-03-10 10:18:20,695 - INFO - backend.bots.craftable_bot.craftable_bot.CraftableBot - (craftable_bot.py:115) - Login successful.
2026-03-10 10:18:20,695 - INFO - backend.bots.craftable_bot.craftable_bot.CraftableBot - (craftable_bot.py:248) - Beginning download protocol for: stores: ['Bakery'], vendors: None, download_pdf: True, update: True
2026-03-10 10:18:24,580 - INFO - backend.bots.craftable_bot.craftable_bot.CraftableBot - (craftable_bot.py:575) - Found UNFI in Bakery's order list.
2026-03-10 10:18:25,709 - INFO - backend.bots.craftable_bot.craftable_bot.CraftableBot - (craftable_bot.py:582) - Now in UNFI order.
2026-03-10 10:18:30,332 - INFO - backend.bots.craftable_bot.craftable_bot.CraftableBot - (craftable_bot.py:575) - Found Webstaurant in Bakery's order list.
2026-03-10 10:18:31,539 - INFO - backend.bots.craftable_bot.craftable_bot.CraftableBot - (craftable_bot.py:582) - Now in Webstaurant order.
2026-03-10 10:18:34,656 - INFO - backend.bots.craftable_bot.craftable_bot.CraftableBot - (craftable_bot.py:575) - Found Performance Food in Bakery's order list.
2026-03-10 10:18:35,789 - INFO - backend.bots.craftable_bot.craftable_bot.CraftableBot - (craftable_bot.py:582) - Now in Performance Food order.
2026-03-10 10:18:40,017 - INFO - backend.bots.craftable_bot.craftable_bot.CraftableBot - (craftable_bot.py:575) - Found FingerLakes Farms in Bakery's order list.
2026-03-10 10:18:41,139 - INFO - backend.bots.craftable_bot.craftable_bot.CraftableBot - (craftable_bot.py:582) - Now in FingerLakes Farms order.
2026-03-10 10:18:44,639 - INFO - backend.bots.craftable_bot.craftable_bot.CraftableBot - (craftable_bot.py:575) - Found Hillcrest Dairy in Bakery's order list.
2026-03-10 10:18:45,750 - INFO - backend.bots.craftable_bot.craftable_bot.CraftableBot - (craftable_bot.py:582) - Now in Hillcrest Dairy order.
2026-03-10 10:18:48,640 - INFO - backend.bots.craftable_bot.craftable_bot.CraftableBot - (craftable_bot.py:575) - Found Sysco in Bakery's order list.
2026-03-10 10:18:49,762 - INFO - backend.bots.craftable_bot.craftable_bot.CraftableBot - (craftable_bot.py:582) - Now in Sysco order.
2026-03-10 10:18:53,486 - INFO - backend.bots.craftable_bot.craftable_bot.CraftableBot - (craftable_bot.py:575) - Found US Foods in Bakery's order list.
2026-03-10 10:18:54,629 - INFO - backend.bots.craftable_bot.craftable_bot.CraftableBot - (craftable_bot.py:582) - Now in US Foods order.
2026-03-10 10:18:59,173 - INFO - backend.bots.craftable_bot.craftable_bot.CraftableBot - (craftable_bot.py:575) - Found Coffee Depot LLC in Bakery's order list.
2026-03-10 10:19:00,326 - INFO - backend.bots.craftable_bot.craftable_bot.CraftableBot - (craftable_bot.py:582) - Now in Coffee Depot LLC order.
2026-03-10 10:19:03,092 - INFO - backend.bots.craftable_bot.craftable_bot.CraftableBot - (craftable_bot.py:575) - Found Equal Exchange in Bakery's order list.
2026-03-10 10:19:04,228 - INFO - backend.bots.craftable_bot.craftable_bot.CraftableBot - (craftable_bot.py:582) - Now in Equal Exchange order.
2026-03-10 10:19:07,592 - INFO - backend.bots.craftable_bot.craftable_bot.CraftableBot - (craftable_bot.py:575) - Found Copper Horse Coffee in Bakery's order list.
2026-03-10 10:19:08,700 - INFO - backend.bots.craftable_bot.craftable_bot.CraftableBot - (craftable_bot.py:582) - Now in Copper Horse Coffee order.
2026-03-10 10:19:11,692 - INFO - backend.bots.craftable_bot.craftable_bot.CraftableBot - (craftable_bot.py:575) - Found BJ's in Bakery's order list.
2026-03-10 10:19:12,869 - INFO - backend.bots.craftable_bot.craftable_bot.CraftableBot - (craftable_bot.py:582) - Now in BJ's order.
2026-03-10 10:19:15,703 - INFO - backend.bots.craftable_bot.craftable_bot.CraftableBot - (craftable_bot.py:575) - Found Coca-Cola in Bakery's order list.
2026-03-10 10:19:16,821 - INFO - backend.bots.craftable_bot.craftable_bot.CraftableBot - (craftable_bot.py:582) - Now in Coca-Cola order.
2026-03-10 10:19:19,858 - INFO - backend.bots.craftable_bot.craftable_bot.CraftableBot - (craftable_bot.py:575) - Found Side Hill Acres in Bakery's order list.
2026-03-10 10:19:21,042 - INFO - backend.bots.craftable_bot.craftable_bot.CraftableBot - (craftable_bot.py:582) - Now in Side Hill Acres order.
2026-03-10 10:19:24,117 - INFO - backend.bots.craftable_bot.craftable_bot.CraftableBot - (craftable_bot.py:575) - Found Regional Distributors, Inc. in Bakery's order list.
2026-03-10 10:19:25,225 - INFO - backend.bots.craftable_bot.craftable_bot.CraftableBot - (craftable_bot.py:582) - Now in Regional Distributors, Inc. order.
2026-03-10 10:19:28,791 - INFO - backend.bots.craftable_bot.craftable_bot.CraftableBot - (craftable_bot.py:575) - Found Hill & Markes in Bakery's order list.
2026-03-10 10:19:29,905 - INFO - backend.bots.craftable_bot.craftable_bot.CraftableBot - (craftable_bot.py:582) - Now in Hill & Markes order.
2026-03-10 10:19:33,717 - INFO - backend.bots.craftable_bot.craftable_bot.CraftableBot - (craftable_bot.py:575) - Found Hillcrest Foods in Bakery's order list.
2026-03-10 10:19:34,827 - INFO - backend.bots.craftable_bot.craftable_bot.CraftableBot - (craftable_bot.py:582) - Now in Hillcrest Foods order.
2026-03-10 10:19:38,890 - INFO - backend.bots.craftable_bot.craftable_bot.CraftableBot - (craftable_bot.py:575) - Found DUTCH VALLEY FOOD DIST in Bakery's order list.
2026-03-10 10:19:40,006 - INFO - backend.bots.craftable_bot.craftable_bot.CraftableBot - (craftable_bot.py:582) - Now in DUTCH VALLEY FOOD DIST order.
2026-03-10 10:19:42,806 - INFO - backend.bots.craftable_bot.craftable_bot.CraftableBot - (craftable_bot.py:575) - Found Lentz in Bakery's order list.
2026-03-10 10:19:43,917 - INFO - backend.bots.craftable_bot.craftable_bot.CraftableBot - (craftable_bot.py:582) - Now in Lentz order.
2026-03-10 10:19:46,905 - INFO - backend.bots.craftable_bot.craftable_bot.CraftableBot - (craftable_bot.py:575) - Found BALKAN BEVERAGE LLC in Bakery's order list.
2026-03-10 10:19:48,013 - INFO - backend.bots.craftable_bot.craftable_bot.CraftableBot - (craftable_bot.py:582) - Now in BALKAN BEVERAGE LLC order.
2026-03-10 10:19:51,147 - INFO - backend.bots.craftable_bot.craftable_bot.CraftableBot - (craftable_bot.py:575) - Found A.L. George in Bakery's order list.
2026-03-10 10:19:52,257 - INFO - backend.bots.craftable_bot.craftable_bot.CraftableBot - (craftable_bot.py:582) - Now in A.L. George order.
2026-03-10 10:19:55,624 - INFO - backend.bots.craftable_bot.craftable_bot.CraftableBot - (craftable_bot.py:575) - Found Casa in Bakery's order list.
2026-03-10 10:19:56,730 - INFO - backend.bots.craftable_bot.craftable_bot.CraftableBot - (craftable_bot.py:582) - Now in Casa order.
2026-03-10 10:19:59,990 - INFO - backend.bots.craftable_bot.craftable_bot.CraftableBot - (craftable_bot.py:575) - Found Keck's Food Service in Bakery's order list.
2026-03-10 10:20:01,115 - INFO - backend.bots.craftable_bot.craftable_bot.CraftableBot - (craftable_bot.py:582) - Now in Keck's Food Service order.
2026-03-10 10:20:04,385 - INFO - backend.bots.craftable_bot.craftable_bot.CraftableBot - (craftable_bot.py:575) - Found Palmer in Bakery's order list.
2026-03-10 10:20:05,510 - INFO - backend.bots.craftable_bot.craftable_bot.CraftableBot - (craftable_bot.py:582) - Now in Palmer order.
2026-03-10 10:20:08,467 - INFO - backend.bots.craftable_bot.craftable_bot.CraftableBot - (craftable_bot.py:575) - Found Sweet Sam's Baking Company, LLC in Bakery's order list.
2026-03-10 10:20:09,636 - INFO - backend.bots.craftable_bot.craftable_bot.CraftableBot - (craftable_bot.py:582) - Now in Sweet Sam's Baking Company, LLC order.
2026-03-10 10:20:12,746 - INFO - backend.bots.craftable_bot.craftable_bot.CraftableBot - (craftable_bot.py:575) - Found Johnston Paper in Bakery's order list.
2026-03-10 10:20:13,859 - INFO - backend.bots.craftable_bot.craftable_bot.CraftableBot - (craftable_bot.py:582) - Now in Johnston Paper order.
2026-03-10 10:20:17,583 - INFO - backend.bots.craftable_bot.craftable_bot.CraftableBot - (craftable_bot.py:575) - Found Peters Supply in Bakery's order list.
2026-03-10 10:20:18,709 - INFO - backend.bots.craftable_bot.craftable_bot.CraftableBot - (craftable_bot.py:582) - Now in Peters Supply order.
2026-03-10 10:20:22,298 - INFO - backend.bots.craftable_bot.craftable_bot.CraftableBot - (craftable_bot.py:575) - Found SANICO in Bakery's order list.
2026-03-10 10:20:23,416 - INFO - backend.bots.craftable_bot.craftable_bot.CraftableBot - (craftable_bot.py:582) - Now in SANICO order.
