2025-11-30 08:48:48,638 - ERROR - backend.app.cli.cli.CLI - (cli.py:462) - [Error] combine_orders failed: too many values to unpack (expected 5)
Traceback (most recent call last):
  File "C:\Users\andrew\Desktop\Andrew\Projects\IthacaBakery\RandomStuff\WorkBot\refactor-experimental\backend\app\cli\cli.py", line 451, in _dispatch_command
    self.commands[command].command(args)
    ~~~~~~~~~~~~~~~~~~~~~~~~~~~~~~^^^^^^
  File "C:\Users\andrew\Desktop\Andrew\Projects\IthacaBakery\RandomStuff\WorkBot\refactor-experimental\backend\app\cli\commands\workbot\combine_orders.py", line 25, in command
    self.context.workbot.combine_orders(parsed_args.vendors)
    ~~~~~~~~~~~~~~~~~~~~~~~~~~~~~~~~~~~^^^^^^^^^^^^^^^^^^^^^
  File "C:\Users\andrew\Desktop\Andrew\Projects\IthacaBakery\RandomStuff\WorkBot\refactor-experimental\backend\bots\workbot\work_bot.py", line 173, in combine_orders
    return self.orders.combine_orders(vendor)
           ~~~~~~~~~~~~~~~~~~~~~~~~~~^^^^^^^^
  File "C:\Users\andrew\Desktop\Andrew\Projects\IthacaBakery\RandomStuff\WorkBot\refactor-experimental\backend\app\services\order_service.py", line 88, in __call__
    orders = self.list_by_vendor(vendor)
  File "C:\Users\andrew\Desktop\Andrew\Projects\IthacaBakery\RandomStuff\WorkBot\refactor-experimental\backend\app\services\order_service.py", line 37, in __call__
    return self.repo.list_by_vendor(vendor)
           ~~~~~~~~~~~~~~~~~~~~~~~~^^^^^^^^
  File "C:\Users\andrew\Desktop\Andrew\Projects\IthacaBakery\RandomStuff\WorkBot\refactor-experimental\backend\adapters\repos\order_file_repository.py", line 43, in list_by_vendor
    return [o for o in self.list_all() if o.vendor == vendor]
                       ~~~~~~~~~~~~~^^
  File "C:\Users\andrew\Desktop\Andrew\Projects\IthacaBakery\RandomStuff\WorkBot\refactor-experimental\backend\adapters\repos\order_file_repository.py", line 40, in list_all
    return [self._engine.read_from_path(p) for p in self._engine.list_files("*.xlsx")]
            ~~~~~~~~~~~~~~~~~~~~~~~~~~~^^^
  File "C:\Users\andrew\Desktop\Andrew\Projects\IthacaBakery\RandomStuff\WorkBot\refactor-experimental\backend\adapters\files\generic_file_adapter.py", line 46, in read_from_path
    return self.serializer.load_path(path, meta)
           ~~~~~~~~~~~~~~~~~~~~~~~~~^^^^^^^^^^^^
  File "C:\Users\andrew\Desktop\Andrew\Projects\IthacaBakery\RandomStuff\WorkBot\refactor-experimental\backend\domain\serializer\serializers\order.py", line 55, in load_path
    return self.from_table(payload)
           ~~~~~~~~~~~~~~~^^^^^^^^^
  File "C:\Users\andrew\Desktop\Andrew\Projects\IthacaBakery\RandomStuff\WorkBot\refactor-experimental\backend\domain\serializer\serializers\order.py", line 147, in from_table
    item_sku, item_name, qty, cost_per, total_cost = row
    ^^^^^^^^^^^^^^^^^^^^^^^^^^^^^^^^^^^^^^^^^^^^^^
ValueError: too many values to unpack (expected 5)
2025-11-30 08:48:48,648 - INFO - backend.app.cli.cli.CLI - (cli.py:457) - Command 'combine_orders' executed successfully.
2025-11-30 08:49:54,766 - INFO - backend.app.cli.cli.CLI - (cli.py:376) - CLI interrupted by user (Ctrl+C / EOF).
2025-11-30 08:49:54,769 - INFO - backend.app.cli.cli.CLI - (cli.py:419) - Exiting CLI and saving history.
2025-11-30 08:49:58,166 - INFO - backend.app.cli.cli.CLI - (cli.py:34) - Initializing CLI.
2025-11-30 08:49:58,171 - INFO - backend.app.cli.cli.CLI - (cli.py:77) - Loaded 1 commands from backend.app.cli.commands.builtin
2025-11-30 08:49:58,178 - INFO - backend.app.cli.cli.CLI - (cli.py:101) - Loaded command history from C:\Users\andrew\Desktop\Andrew\Projects\IthacaBakery\RandomStuff\WorkBot\refactor-experimental\data\cli\.cli_history
2025-11-30 08:49:58,179 - INFO - backend.app.cli.cli.CLI - (cli.py:42) - CLI initialized successfully with 1 commands.
2025-11-30 08:49:58,194 - INFO - backend.app.cli.cli.CLI - (cli.py:77) - Loaded 15 commands from backend.app.cli.commands.workbot
2025-11-30 08:49:58,194 - INFO - backend.app.cli.cli.CLI - (cli.py:350) - CLI session started.
2025-11-30 08:49:59,546 - INFO - backend.app.cli.cli.CLI - (cli.py:448) - Dispatching command: combine_orders (args=['--vendors', 'Coffee Depot LLC'])
2025-11-30 08:50:00,305 - INFO - backend.app.cli.cli.CLI - (cli.py:457) - Command 'combine_orders' executed successfully.
2025-11-30 08:50:51,143 - INFO - backend.app.cli.cli.CLI - (cli.py:376) - CLI interrupted by user (Ctrl+C / EOF).
2025-11-30 08:50:51,145 - INFO - backend.app.cli.cli.CLI - (cli.py:419) - Exiting CLI and saving history.
2025-11-30 08:50:54,236 - INFO - backend.app.cli.cli.CLI - (cli.py:34) - Initializing CLI.
2025-11-30 08:50:54,241 - INFO - backend.app.cli.cli.CLI - (cli.py:77) - Loaded 1 commands from backend.app.cli.commands.builtin
2025-11-30 08:50:54,248 - INFO - backend.app.cli.cli.CLI - (cli.py:101) - Loaded command history from C:\Users\andrew\Desktop\Andrew\Projects\IthacaBakery\RandomStuff\WorkBot\refactor-experimental\data\cli\.cli_history
2025-11-30 08:50:54,248 - INFO - backend.app.cli.cli.CLI - (cli.py:42) - CLI initialized successfully with 1 commands.
2025-11-30 08:50:54,263 - INFO - backend.app.cli.cli.CLI - (cli.py:77) - Loaded 15 commands from backend.app.cli.commands.workbot
2025-11-30 08:50:54,264 - INFO - backend.app.cli.cli.CLI - (cli.py:350) - CLI session started.
2025-11-30 08:50:55,019 - INFO - backend.app.cli.cli.CLI - (cli.py:448) - Dispatching command: combine_orders (args=['--vendors', 'Coffee Depot LLC'])
2025-11-30 08:50:55,085 - ERROR - backend.app.cli.cli.CLI - (cli.py:462) - [Error] combine_orders failed: too many values to unpack (expected 5)
Traceback (most recent call last):
  File "C:\Users\andrew\Desktop\Andrew\Projects\IthacaBakery\RandomStuff\WorkBot\refactor-experimental\backend\app\cli\cli.py", line 451, in _dispatch_command
    self.commands[command].command(args)
    ~~~~~~~~~~~~~~~~~~~~~~~~~~~~~~^^^^^^
  File "C:\Users\andrew\Desktop\Andrew\Projects\IthacaBakery\RandomStuff\WorkBot\refactor-experimental\backend\app\cli\commands\workbot\combine_orders.py", line 25, in command
    self.context.workbot.combine_orders(parsed_args.vendors)
    ~~~~~~~~~~~~~~~~~~~~~~~~~~~~~~~~~~~^^^^^^^^^^^^^^^^^^^^^
  File "C:\Users\andrew\Desktop\Andrew\Projects\IthacaBakery\RandomStuff\WorkBot\refactor-experimental\backend\bots\workbot\work_bot.py", line 173, in combine_orders
    return self.orders.combine_orders(vendor)
           ~~~~~~~~~~~~~~~~~~~~~~~~~~^^^^^^^^
  File "C:\Users\andrew\Desktop\Andrew\Projects\IthacaBakery\RandomStuff\WorkBot\refactor-experimental\backend\app\services\order_service.py", line 88, in __call__
    orders = self.list_by_vendor(vendor)
  File "C:\Users\andrew\Desktop\Andrew\Projects\IthacaBakery\RandomStuff\WorkBot\refactor-experimental\backend\app\services\order_service.py", line 37, in __call__
    return self.repo.list_by_vendor(vendor)
           ~~~~~~~~~~~~~~~~~~~~~~~~^^^^^^^^
  File "C:\Users\andrew\Desktop\Andrew\Projects\IthacaBakery\RandomStuff\WorkBot\refactor-experimental\backend\adapters\repos\order_file_repository.py", line 43, in list_by_vendor
    return [o for o in self.list_all() if o.vendor == vendor]
                       ~~~~~~~~~~~~~^^
  File "C:\Users\andrew\Desktop\Andrew\Projects\IthacaBakery\RandomStuff\WorkBot\refactor-experimental\backend\adapters\repos\order_file_repository.py", line 40, in list_all
    return [self._engine.read_from_path(p) for p in self._engine.list_files("*.xlsx")]
            ~~~~~~~~~~~~~~~~~~~~~~~~~~~^^^
  File "C:\Users\andrew\Desktop\Andrew\Projects\IthacaBakery\RandomStuff\WorkBot\refactor-experimental\backend\adapters\files\generic_file_adapter.py", line 46, in read_from_path
    return self.serializer.load_path(path, meta)
           ~~~~~~~~~~~~~~~~~~~~~~~~~^^^^^^^^^^^^
  File "C:\Users\andrew\Desktop\Andrew\Projects\IthacaBakery\RandomStuff\WorkBot\refactor-experimental\backend\domain\serializer\serializers\order.py", line 55, in load_path
    return self.from_table(payload)
           ~~~~~~~~~~~~~~~^^^^^^^^^
  File "C:\Users\andrew\Desktop\Andrew\Projects\IthacaBakery\RandomStuff\WorkBot\refactor-experimental\backend\domain\serializer\serializers\order.py", line 147, in from_table
    item_sku, item_name, qty, cost_per, total_cost = row
    ^^^^^^^^^^^^^^^^^^^^^^^^^^^^^^^^^^^^^^^^^^^^^^
ValueError: too many values to unpack (expected 5)
2025-11-30 08:50:55,092 - INFO - backend.app.cli.cli.CLI - (cli.py:457) - Command 'combine_orders' executed successfully.
2025-11-30 08:55:57,342 - INFO - backend.app.cli.cli.CLI - (cli.py:376) - CLI interrupted by user (Ctrl+C / EOF).
2025-11-30 08:55:57,345 - INFO - backend.app.cli.cli.CLI - (cli.py:419) - Exiting CLI and saving history.
2025-11-30 08:56:00,382 - INFO - backend.app.cli.cli.CLI - (cli.py:34) - Initializing CLI.
2025-11-30 08:56:00,386 - INFO - backend.app.cli.cli.CLI - (cli.py:77) - Loaded 1 commands from backend.app.cli.commands.builtin
2025-11-30 08:56:00,394 - INFO - backend.app.cli.cli.CLI - (cli.py:101) - Loaded command history from C:\Users\andrew\Desktop\Andrew\Projects\IthacaBakery\RandomStuff\WorkBot\refactor-experimental\data\cli\.cli_history
2025-11-30 08:56:00,394 - INFO - backend.app.cli.cli.CLI - (cli.py:42) - CLI initialized successfully with 1 commands.
2025-11-30 08:56:00,410 - INFO - backend.app.cli.cli.CLI - (cli.py:77) - Loaded 15 commands from backend.app.cli.commands.workbot
2025-11-30 08:56:00,410 - INFO - backend.app.cli.cli.CLI - (cli.py:350) - CLI session started.
2025-11-30 08:56:01,785 - INFO - backend.app.cli.cli.CLI - (cli.py:448) - Dispatching command: combine_orders (args=['--vendors', 'Coffee Depot LLC'])
2025-11-30 08:56:01,816 - ERROR - backend.app.cli.cli.CLI - (cli.py:462) - [Error] combine_orders failed: too many values to unpack (expected 5)
Traceback (most recent call last):
  File "C:\Users\andrew\Desktop\Andrew\Projects\IthacaBakery\RandomStuff\WorkBot\refactor-experimental\backend\app\cli\cli.py", line 451, in _dispatch_command
    self.commands[command].command(args)
    ~~~~~~~~~~~~~~~~~~~~~~~~~~~~~~^^^^^^
  File "C:\Users\andrew\Desktop\Andrew\Projects\IthacaBakery\RandomStuff\WorkBot\refactor-experimental\backend\app\cli\commands\workbot\combine_orders.py", line 25, in command
    self.context.workbot.combine_orders(parsed_args.vendors)
    ~~~~~~~~~~~~~~~~~~~~~~~~~~~~~~~~~~~^^^^^^^^^^^^^^^^^^^^^
  File "C:\Users\andrew\Desktop\Andrew\Projects\IthacaBakery\RandomStuff\WorkBot\refactor-experimental\backend\bots\workbot\work_bot.py", line 173, in combine_orders
    return self.orders.combine_orders(vendor)
           ~~~~~~~~~~~~~~~~~~~~~~~~~~^^^^^^^^
  File "C:\Users\andrew\Desktop\Andrew\Projects\IthacaBakery\RandomStuff\WorkBot\refactor-experimental\backend\app\services\order_service.py", line 88, in __call__
    orders = self.list_by_vendor(vendor)
  File "C:\Users\andrew\Desktop\Andrew\Projects\IthacaBakery\RandomStuff\WorkBot\refactor-experimental\backend\app\services\order_service.py", line 37, in __call__
    return self.repo.list_by_vendor(vendor)
           ~~~~~~~~~~~~~~~~~~~~~~~~^^^^^^^^
  File "C:\Users\andrew\Desktop\Andrew\Projects\IthacaBakery\RandomStuff\WorkBot\refactor-experimental\backend\adapters\repos\order_file_repository.py", line 43, in list_by_vendor
    self.logger.info([self._engine.read_from_path(p) for p in self._engine.list_files(f"*{vendor}*.xlsx")])
                      ~~~~~~~~~~~~~~~~~~~~~~~~~~~^^^
  File "C:\Users\andrew\Desktop\Andrew\Projects\IthacaBakery\RandomStuff\WorkBot\refactor-experimental\backend\adapters\files\generic_file_adapter.py", line 46, in read_from_path
    return self.serializer.load_path(path, meta)
           ~~~~~~~~~~~~~~~~~~~~~~~~~^^^^^^^^^^^^
  File "C:\Users\andrew\Desktop\Andrew\Projects\IthacaBakery\RandomStuff\WorkBot\refactor-experimental\backend\domain\serializer\serializers\order.py", line 55, in load_path
    return self.from_table(payload)
           ~~~~~~~~~~~~~~~^^^^^^^^^
  File "C:\Users\andrew\Desktop\Andrew\Projects\IthacaBakery\RandomStuff\WorkBot\refactor-experimental\backend\domain\serializer\serializers\order.py", line 147, in from_table
    item_sku, item_name, qty, cost_per, total_cost = row
    ^^^^^^^^^^^^^^^^^^^^^^^^^^^^^^^^^^^^^^^^^^^^^^
ValueError: too many values to unpack (expected 5)
2025-11-30 08:56:01,822 - INFO - backend.app.cli.cli.CLI - (cli.py:457) - Command 'combine_orders' executed successfully.
2025-11-30 08:56:31,033 - INFO - backend.app.cli.cli.CLI - (cli.py:448) - Dispatching command: combine_orders (args=['--vendors', 'Coffee Depot LLC'])
2025-11-30 08:56:31,409 - INFO - backend.app.cli.cli.CLI - (cli.py:457) - Command 'combine_orders' executed successfully.
2025-11-30 08:57:48,552 - INFO - backend.app.cli.cli.CLI - (cli.py:376) - CLI interrupted by user (Ctrl+C / EOF).
2025-11-30 08:57:48,555 - INFO - backend.app.cli.cli.CLI - (cli.py:419) - Exiting CLI and saving history.
2025-11-30 08:57:52,521 - INFO - backend.app.cli.cli.CLI - (cli.py:34) - Initializing CLI.
2025-11-30 08:57:52,526 - INFO - backend.app.cli.cli.CLI - (cli.py:77) - Loaded 1 commands from backend.app.cli.commands.builtin
2025-11-30 08:57:52,533 - INFO - backend.app.cli.cli.CLI - (cli.py:101) - Loaded command history from C:\Users\andrew\Desktop\Andrew\Projects\IthacaBakery\RandomStuff\WorkBot\refactor-experimental\data\cli\.cli_history
2025-11-30 08:57:52,533 - INFO - backend.app.cli.cli.CLI - (cli.py:42) - CLI initialized successfully with 1 commands.
2025-11-30 08:57:52,546 - INFO - backend.app.cli.cli.CLI - (cli.py:77) - Loaded 15 commands from backend.app.cli.commands.workbot
2025-11-30 08:57:52,546 - INFO - backend.app.cli.cli.CLI - (cli.py:350) - CLI session started.
2025-11-30 08:57:54,098 - INFO - backend.app.cli.cli.CLI - (cli.py:448) - Dispatching command: combine_orders (args=['--vendors', 'Coffee Depot LLC'])
2025-11-30 08:57:54,140 - INFO - backend.app.cli.cli.CLI - (cli.py:457) - Command 'combine_orders' executed successfully.
2025-11-30 09:15:10,255 - INFO - backend.app.cli.cli.CLI - (cli.py:448) - Dispatching command: download_orders (args=['--vendors', 'Coffee Depot LLC'])
2025-11-30 09:15:54,008 - INFO - backend.app.cli.cli.CLI - (cli.py:457) - Command 'download_orders' executed successfully.
2025-11-30 09:16:23,424 - INFO - backend.app.cli.cli.CLI - (cli.py:448) - Dispatching command: generate_vendor_order_emails (args=['--vendors', 'Coffee Depot LLC'])
2025-11-30 09:16:24,268 - INFO - backend.app.cli.cli.CLI - (cli.py:457) - Command 'generate_vendor_order_emails' executed successfully.
