2025-11-18 11:58:37,732 - INFO - backend.app.services.order_service.GenerateVendorUploadFile - (order_service.py:130) - Generating vendor upload for Hill & Markes / Bakery / 20251118
2025-11-18 11:58:37,776 - INFO - backend.app.services.order_service.GenerateVendorUploadFile - (order_service.py:130) - Generating vendor upload for Hill & Markes / Triphammer / 20251114
2025-11-18 11:58:37,823 - INFO - backend.app.services.order_service.GenerateVendorUploadFile - (order_service.py:130) - Generating vendor upload for Hill & Markes / Easthill / 20251114
2025-11-18 11:58:37,872 - INFO - backend.app.services.order_service.GenerateVendorUploadFile - (order_service.py:130) - Generating vendor upload for Hill & Markes / Collegetown / 20251114
2025-11-18 11:58:37,915 - INFO - backend.app.services.order_service.GenerateVendorUploadFile - (order_service.py:130) - Generating vendor upload for Hill & Markes / Downtown / 20251114
2025-11-19 14:57:53,231 - INFO - backend.app.services.order_service.GenerateVendorUploadFile - (order_service.py:130) - Generating vendor upload for Sysco / Bakery / 20251115
2025-11-19 14:57:53,270 - INFO - backend.app.services.order_service.GenerateVendorUploadFile - (order_service.py:130) - Generating vendor upload for Sysco / Collegetown / 20251114
2025-11-19 14:57:53,302 - INFO - backend.app.services.order_service.GenerateVendorUploadFile - (order_service.py:130) - Generating vendor upload for Sysco / Downtown / 20251114
2025-11-19 14:57:53,336 - INFO - backend.app.services.order_service.GenerateVendorUploadFile - (order_service.py:130) - Generating vendor upload for Sysco / Easthill / 20251114
2025-11-19 14:57:53,369 - INFO - backend.app.services.order_service.GenerateVendorUploadFile - (order_service.py:130) - Generating vendor upload for Sysco / Syracuse / 20251114
2025-11-19 14:57:53,411 - INFO - backend.app.services.order_service.GenerateVendorUploadFile - (order_service.py:130) - Generating vendor upload for Sysco / Triphammer / 20251114
2025-11-19 14:57:53,451 - INFO - backend.app.services.order_service.GenerateVendorUploadFile - (order_service.py:130) - Generating vendor upload for Performance Food / Bakery / 20251115
2025-11-19 14:57:53,489 - INFO - backend.app.services.order_service.GenerateVendorUploadFile - (order_service.py:130) - Generating vendor upload for Performance Food / Collegetown / 20251114
2025-11-19 14:57:53,522 - INFO - backend.app.services.order_service.GenerateVendorUploadFile - (order_service.py:130) - Generating vendor upload for Performance Food / Downtown / 20251114
2025-11-19 14:57:53,555 - INFO - backend.app.services.order_service.GenerateVendorUploadFile - (order_service.py:130) - Generating vendor upload for Performance Food / Easthill / 20251114
2025-11-19 14:57:53,589 - INFO - backend.app.services.order_service.GenerateVendorUploadFile - (order_service.py:130) - Generating vendor upload for Performance Food / Syracuse / 20251114
2025-11-19 14:57:53,628 - INFO - backend.app.services.order_service.GenerateVendorUploadFile - (order_service.py:130) - Generating vendor upload for Performance Food / Triphammer / 20251114
2025-11-19 14:57:53,667 - INFO - backend.app.services.order_service.GenerateVendorUploadFile - (order_service.py:130) - Generating vendor upload for US Foods / Bakery / 20251116
2025-11-19 14:57:53,704 - INFO - backend.app.services.order_service.GenerateVendorUploadFile - (order_service.py:130) - Generating vendor upload for US Foods / Collegetown / 20251114
2025-11-19 14:57:53,737 - INFO - backend.app.services.order_service.GenerateVendorUploadFile - (order_service.py:130) - Generating vendor upload for US Foods / Downtown / 20251114
2025-11-19 14:57:53,769 - INFO - backend.app.services.order_service.GenerateVendorUploadFile - (order_service.py:130) - Generating vendor upload for US Foods / Easthill / 20251114
2025-11-19 14:57:53,802 - INFO - backend.app.services.order_service.GenerateVendorUploadFile - (order_service.py:130) - Generating vendor upload for US Foods / Syracuse / 20251114
2025-11-19 14:57:53,840 - INFO - backend.app.services.order_service.GenerateVendorUploadFile - (order_service.py:130) - Generating vendor upload for US Foods / Triphammer / 20251114
2025-11-19 15:04:33,873 - INFO - backend.app.services.order_service.GenerateVendorUploadFile - (order_service.py:130) - Generating vendor upload for Sysco / Bakery / 20251118
2025-11-19 15:04:33,893 - INFO - backend.app.services.order_service.GenerateVendorUploadFile - (order_service.py:130) - Generating vendor upload for Sysco / Collegetown / 20251119
2025-11-19 15:04:43,776 - INFO - backend.app.services.order_service.GenerateVendorUploadFile - (order_service.py:130) - Generating vendor upload for Sysco / Bakery / 20251118
2025-11-19 15:04:43,796 - INFO - backend.app.services.order_service.GenerateVendorUploadFile - (order_service.py:130) - Generating vendor upload for Sysco / Collegetown / 20251119
2025-11-19 15:04:43,816 - INFO - backend.app.services.order_service.GenerateVendorUploadFile - (order_service.py:130) - Generating vendor upload for Sysco / Triphammer / 20251119
2025-11-19 15:04:43,836 - INFO - backend.app.services.order_service.GenerateVendorUploadFile - (order_service.py:130) - Generating vendor upload for Performance Food / Bakery / 20251118
2025-11-19 15:04:43,856 - INFO - backend.app.services.order_service.GenerateVendorUploadFile - (order_service.py:130) - Generating vendor upload for Performance Food / Collegetown / 20251119
2025-11-19 15:04:43,876 - INFO - backend.app.services.order_service.GenerateVendorUploadFile - (order_service.py:130) - Generating vendor upload for Performance Food / Triphammer / 20251119
2025-11-19 15:04:43,897 - INFO - backend.app.services.order_service.GenerateVendorUploadFile - (order_service.py:130) - Generating vendor upload for US Foods / Bakery / 20251119
2025-11-19 15:04:43,914 - INFO - backend.app.services.order_service.GenerateVendorUploadFile - (order_service.py:130) - Generating vendor upload for US Foods / Collegetown / 20251119
2025-11-19 15:04:43,932 - INFO - backend.app.services.order_service.GenerateVendorUploadFile - (order_service.py:130) - Generating vendor upload for US Foods / Triphammer / 20251119
2025-11-19 15:05:12,991 - INFO - backend.app.services.order_service.GenerateVendorUploadFile - (order_service.py:130) - Generating vendor upload for Sysco / Bakery / 20251118
2025-11-19 15:05:13,011 - INFO - backend.app.services.order_service.GenerateVendorUploadFile - (order_service.py:130) - Generating vendor upload for Sysco / Collegetown / 20251119
2025-11-19 15:05:13,031 - INFO - backend.app.services.order_service.GenerateVendorUploadFile - (order_service.py:130) - Generating vendor upload for Sysco / Triphammer / 20251119
2025-11-19 15:05:13,050 - INFO - backend.app.services.order_service.GenerateVendorUploadFile - (order_service.py:130) - Generating vendor upload for Performance Food / Bakery / 20251118
2025-11-19 15:05:13,069 - INFO - backend.app.services.order_service.GenerateVendorUploadFile - (order_service.py:130) - Generating vendor upload for Performance Food / Collegetown / 20251119
2025-11-19 15:05:13,091 - INFO - backend.app.services.order_service.GenerateVendorUploadFile - (order_service.py:130) - Generating vendor upload for Performance Food / Triphammer / 20251119
2025-11-19 15:05:13,110 - INFO - backend.app.services.order_service.GenerateVendorUploadFile - (order_service.py:130) - Generating vendor upload for US Foods / Bakery / 20251119
2025-11-19 15:05:13,126 - INFO - backend.app.services.order_service.GenerateVendorUploadFile - (order_service.py:130) - Generating vendor upload for US Foods / Collegetown / 20251119
2025-11-19 15:05:13,146 - INFO - backend.app.services.order_service.GenerateVendorUploadFile - (order_service.py:130) - Generating vendor upload for US Foods / Triphammer / 20251119
2025-11-22 08:28:37,472 - INFO - backend.app.services.order_service.GenerateVendorUploadFile - (order_service.py:130) - Generating vendor upload for UNFI / Bakery / 20251122
2025-11-22 08:28:37,498 - INFO - backend.app.services.order_service.GenerateVendorUploadFile - (order_service.py:130) - Generating vendor upload for UNFI / Collegetown / 20251121
2025-11-22 08:28:37,524 - INFO - backend.app.services.order_service.GenerateVendorUploadFile - (order_service.py:130) - Generating vendor upload for UNFI / Downtown / 20251121
2025-11-22 08:28:37,548 - INFO - backend.app.services.order_service.GenerateVendorUploadFile - (order_service.py:130) - Generating vendor upload for UNFI / Easthill / 20251122
2025-11-22 08:28:37,571 - INFO - backend.app.services.order_service.GenerateVendorUploadFile - (order_service.py:130) - Generating vendor upload for UNFI / Syracuse / 20251121
2025-11-22 08:28:37,595 - INFO - backend.app.services.order_service.GenerateVendorUploadFile - (order_service.py:130) - Generating vendor upload for UNFI / Triphammer / 20251121
2025-11-22 11:07:05,766 - INFO - backend.app.services.order_service.GenerateVendorUploadFile - (order_service.py:130) - Generating vendor upload for Performance Food / Syracuse / 20251121
2025-11-23 11:19:35,594 - INFO - backend.app.services.order_service.GenerateVendorUploadFile - (order_service.py:130) - Generating vendor upload for US Foods / Bakery / 20251123
2025-11-23 11:19:35,621 - INFO - backend.app.services.order_service.GenerateVendorUploadFile - (order_service.py:130) - Generating vendor upload for US Foods / Collegetown / 20251121
2025-11-23 11:19:35,646 - INFO - backend.app.services.order_service.GenerateVendorUploadFile - (order_service.py:130) - Generating vendor upload for US Foods / Downtown / 20251121
2025-11-23 11:19:35,671 - INFO - backend.app.services.order_service.GenerateVendorUploadFile - (order_service.py:130) - Generating vendor upload for US Foods / Easthill / 20251122
2025-11-23 11:19:35,697 - INFO - backend.app.services.order_service.GenerateVendorUploadFile - (order_service.py:130) - Generating vendor upload for US Foods / Syracuse / 20251121
2025-11-23 11:19:35,722 - INFO - backend.app.services.order_service.GenerateVendorUploadFile - (order_service.py:130) - Generating vendor upload for US Foods / Triphammer / 20251121
2025-11-23 11:19:35,749 - INFO - backend.app.services.order_service.GenerateVendorUploadFile - (order_service.py:130) - Generating vendor upload for Performance Food / Bakery / 20251123
2025-11-23 11:19:35,775 - INFO - backend.app.services.order_service.GenerateVendorUploadFile - (order_service.py:130) - Generating vendor upload for Performance Food / Collegetown / 20251121
2025-11-23 11:19:35,801 - INFO - backend.app.services.order_service.GenerateVendorUploadFile - (order_service.py:130) - Generating vendor upload for Performance Food / Downtown / 20251121
2025-11-23 11:19:35,830 - INFO - backend.app.services.order_service.GenerateVendorUploadFile - (order_service.py:130) - Generating vendor upload for Performance Food / Easthill / 20251122
2025-11-23 11:19:35,856 - INFO - backend.app.services.order_service.GenerateVendorUploadFile - (order_service.py:130) - Generating vendor upload for Performance Food / Syracuse / 20251121
2025-11-23 11:19:35,883 - INFO - backend.app.services.order_service.GenerateVendorUploadFile - (order_service.py:130) - Generating vendor upload for Performance Food / Triphammer / 20251121
2025-11-23 11:19:35,912 - INFO - backend.app.services.order_service.GenerateVendorUploadFile - (order_service.py:130) - Generating vendor upload for Sysco / Bakery / 20251122
2025-11-23 11:19:35,938 - INFO - backend.app.services.order_service.GenerateVendorUploadFile - (order_service.py:130) - Generating vendor upload for Sysco / Collegetown / 20251121
2025-11-23 11:19:35,965 - INFO - backend.app.services.order_service.GenerateVendorUploadFile - (order_service.py:130) - Generating vendor upload for Sysco / Downtown / 20251121
2025-11-23 11:19:35,992 - INFO - backend.app.services.order_service.GenerateVendorUploadFile - (order_service.py:130) - Generating vendor upload for Sysco / Easthill / 20251122
2025-11-23 11:19:36,019 - INFO - backend.app.services.order_service.GenerateVendorUploadFile - (order_service.py:130) - Generating vendor upload for Sysco / Syracuse / 20251121
2025-11-23 11:19:36,046 - INFO - backend.app.services.order_service.GenerateVendorUploadFile - (order_service.py:130) - Generating vendor upload for Sysco / Triphammer / 20251121
2025-11-23 11:19:54,857 - INFO - backend.app.services.order_service.GenerateVendorUploadFile - (order_service.py:130) - Generating vendor upload for US Foods / Bakery / 20251123
2025-11-23 11:19:54,884 - INFO - backend.app.services.order_service.GenerateVendorUploadFile - (order_service.py:130) - Generating vendor upload for US Foods / Collegetown / 20251121
2025-11-23 11:19:54,910 - INFO - backend.app.services.order_service.GenerateVendorUploadFile - (order_service.py:130) - Generating vendor upload for US Foods / Downtown / 20251121
2025-11-23 11:19:54,937 - INFO - backend.app.services.order_service.GenerateVendorUploadFile - (order_service.py:130) - Generating vendor upload for US Foods / Easthill / 20251122
2025-11-23 11:19:54,964 - INFO - backend.app.services.order_service.GenerateVendorUploadFile - (order_service.py:130) - Generating vendor upload for US Foods / Syracuse / 20251121
2025-11-23 11:19:54,989 - INFO - backend.app.services.order_service.GenerateVendorUploadFile - (order_service.py:130) - Generating vendor upload for US Foods / Triphammer / 20251121
2025-11-23 11:19:55,015 - INFO - backend.app.services.order_service.GenerateVendorUploadFile - (order_service.py:130) - Generating vendor upload for Performance Food / Bakery / 20251123
2025-11-23 11:19:55,044 - INFO - backend.app.services.order_service.GenerateVendorUploadFile - (order_service.py:130) - Generating vendor upload for Performance Food / Collegetown / 20251121
2025-11-23 11:19:55,070 - INFO - backend.app.services.order_service.GenerateVendorUploadFile - (order_service.py:130) - Generating vendor upload for Performance Food / Downtown / 20251121
2025-11-23 11:19:55,099 - INFO - backend.app.services.order_service.GenerateVendorUploadFile - (order_service.py:130) - Generating vendor upload for Performance Food / Easthill / 20251122
2025-11-23 11:19:55,125 - INFO - backend.app.services.order_service.GenerateVendorUploadFile - (order_service.py:130) - Generating vendor upload for Performance Food / Syracuse / 20251121
2025-11-23 11:19:55,151 - INFO - backend.app.services.order_service.GenerateVendorUploadFile - (order_service.py:130) - Generating vendor upload for Performance Food / Triphammer / 20251121
2025-11-23 11:19:55,177 - INFO - backend.app.services.order_service.GenerateVendorUploadFile - (order_service.py:130) - Generating vendor upload for Sysco / Bakery / 20251122
2025-11-23 11:19:55,204 - INFO - backend.app.services.order_service.GenerateVendorUploadFile - (order_service.py:130) - Generating vendor upload for Sysco / Collegetown / 20251121
2025-11-23 11:19:55,231 - INFO - backend.app.services.order_service.GenerateVendorUploadFile - (order_service.py:130) - Generating vendor upload for Sysco / Downtown / 20251121
2025-11-23 11:19:55,257 - INFO - backend.app.services.order_service.GenerateVendorUploadFile - (order_service.py:130) - Generating vendor upload for Sysco / Easthill / 20251122
2025-11-23 11:19:55,283 - INFO - backend.app.services.order_service.GenerateVendorUploadFile - (order_service.py:130) - Generating vendor upload for Sysco / Syracuse / 20251121
2025-11-23 11:19:55,312 - INFO - backend.app.services.order_service.GenerateVendorUploadFile - (order_service.py:130) - Generating vendor upload for Sysco / Triphammer / 20251121
2025-11-23 14:20:58,804 - INFO - backend.app.services.order_service.GenerateVendorUploadFile - (order_service.py:130) - Generating vendor upload for Sysco / Triphammer / 20251121
2025-11-23 14:20:58,833 - INFO - backend.app.services.order_service.GenerateVendorUploadFile - (order_service.py:130) - Generating vendor upload for Performance Food / Triphammer / 20251121
2025-11-23 14:20:58,860 - INFO - backend.app.services.order_service.GenerateVendorUploadFile - (order_service.py:130) - Generating vendor upload for US Foods / Triphammer / 20251121
2025-11-24 07:50:17,246 - INFO - backend.app.services.order_service.GenerateVendorUploadFile - (order_service.py:130) - Generating vendor upload for Hill & Markes / Syracuse / 20251121
2025-11-25 07:31:54,773 - INFO - backend.app.services.order_service.GenerateVendorUploadFile - (order_service.py:130) - Generating vendor upload for Hill & Markes / Bakery / 20251123
2025-11-25 07:31:54,815 - INFO - backend.app.services.order_service.GenerateVendorUploadFile - (order_service.py:130) - Generating vendor upload for Hill & Markes / Collegetown / 20251121
2025-11-25 07:31:54,857 - INFO - backend.app.services.order_service.GenerateVendorUploadFile - (order_service.py:130) - Generating vendor upload for Hill & Markes / Downtown / 20251121
2025-11-25 07:31:54,898 - INFO - backend.app.services.order_service.GenerateVendorUploadFile - (order_service.py:130) - Generating vendor upload for Hill & Markes / Easthill / 20251122
2025-11-25 07:31:54,939 - INFO - backend.app.services.order_service.GenerateVendorUploadFile - (order_service.py:130) - Generating vendor upload for Hill & Markes / Syracuse / 20251121
2025-11-25 07:31:54,979 - INFO - backend.app.services.order_service.GenerateVendorUploadFile - (order_service.py:130) - Generating vendor upload for Hill & Markes / Triphammer / 20251121
2025-11-29 10:52:42,698 - INFO - backend.app.services.order_service.GenerateVendorUploadFile - (order_service.py:130) - Generating vendor upload for UNFI / Downtown / 20251128
2025-11-29 10:52:42,724 - INFO - backend.app.services.order_service.GenerateVendorUploadFile - (order_service.py:130) - Generating vendor upload for UNFI / Easthill / 20251128
2025-11-29 10:52:42,748 - INFO - backend.app.services.order_service.GenerateVendorUploadFile - (order_service.py:130) - Generating vendor upload for UNFI / Syracuse / 20251126
2025-11-29 10:52:42,773 - INFO - backend.app.services.order_service.GenerateVendorUploadFile - (order_service.py:130) - Generating vendor upload for UNFI / Triphammer / 20251128
2025-11-30 08:11:53,478 - INFO - backend.app.services.order_service.GenerateVendorUploadFile - (order_service.py:130) - Generating vendor upload for Performance Food / Syracuse / 20251126
2025-11-30 08:12:25,921 - INFO - backend.app.services.order_service.GenerateVendorUploadFile - (order_service.py:130) - Generating vendor upload for Performance Food / Syracuse / 20251126
2025-12-01 07:51:44,975 - INFO - backend.app.services.order_service.GenerateVendorUploadFile - (order_service.py:129) - Generating vendor upload for Hill & Markes / Syracuse / 20251126
2025-12-02 11:00:39,735 - INFO - backend.app.services.order_service.GenerateVendorUploadFile - (order_service.py:129) - Generating vendor upload for Hill & Markes / Bakery / 20251202
2025-12-02 11:00:39,797 - INFO - backend.app.services.order_service.GenerateVendorUploadFile - (order_service.py:129) - Generating vendor upload for Hill & Markes / Collegetown / 20251126
2025-12-02 11:00:39,841 - INFO - backend.app.services.order_service.GenerateVendorUploadFile - (order_service.py:129) - Generating vendor upload for Hill & Markes / Downtown / 20251128
2025-12-02 11:00:39,886 - INFO - backend.app.services.order_service.GenerateVendorUploadFile - (order_service.py:129) - Generating vendor upload for Hill & Markes / Easthill / 20251128
2025-12-02 11:00:39,931 - INFO - backend.app.services.order_service.GenerateVendorUploadFile - (order_service.py:129) - Generating vendor upload for Hill & Markes / Syracuse / 20251126
2025-12-02 11:00:39,981 - INFO - backend.app.services.order_service.GenerateVendorUploadFile - (order_service.py:129) - Generating vendor upload for Hill & Markes / Triphammer / 20251128
2025-12-03 14:22:14,383 - INFO - backend.app.services.order_service.GenerateVendorUploadFile - (order_service.py:129) - Generating vendor upload for Sysco / Bakery / 20251129
2025-12-03 14:22:14,403 - INFO - backend.app.services.order_service.GenerateVendorUploadFile - (order_service.py:129) - Generating vendor upload for Sysco / Collegetown / 20251203
2025-12-03 14:22:14,455 - INFO - backend.app.services.order_service.GenerateVendorUploadFile - (order_service.py:129) - Generating vendor upload for Sysco / Triphammer / 20251203
2025-12-03 14:22:14,475 - INFO - backend.app.services.order_service.GenerateVendorUploadFile - (order_service.py:129) - Generating vendor upload for Performance Food / Bakery / 20251202
2025-12-03 14:22:14,494 - INFO - backend.app.services.order_service.GenerateVendorUploadFile - (order_service.py:129) - Generating vendor upload for Performance Food / Collegetown / 20251203
2025-12-03 14:22:14,546 - INFO - backend.app.services.order_service.GenerateVendorUploadFile - (order_service.py:129) - Generating vendor upload for Performance Food / Triphammer / 20251203
2025-12-03 14:22:14,566 - INFO - backend.app.services.order_service.GenerateVendorUploadFile - (order_service.py:129) - Generating vendor upload for US Foods / Bakery / 20251203
2025-12-03 14:22:14,584 - INFO - backend.app.services.order_service.GenerateVendorUploadFile - (order_service.py:129) - Generating vendor upload for US Foods / Collegetown / 20251203
2025-12-03 14:22:14,635 - INFO - backend.app.services.order_service.GenerateVendorUploadFile - (order_service.py:129) - Generating vendor upload for US Foods / Triphammer / 20251203
2025-12-06 10:00:44,449 - INFO - backend.app.services.order_service.GenerateVendorUploadFile - (order_service.py:129) - Generating vendor upload for UNFI / Bakery / 20251206
2025-12-06 10:00:44,478 - INFO - backend.app.services.order_service.GenerateVendorUploadFile - (order_service.py:129) - Generating vendor upload for UNFI / Collegetown / 20251205
2025-12-06 10:00:44,505 - INFO - backend.app.services.order_service.GenerateVendorUploadFile - (order_service.py:129) - Generating vendor upload for UNFI / Downtown / 20251205
2025-12-06 10:00:44,532 - INFO - backend.app.services.order_service.GenerateVendorUploadFile - (order_service.py:129) - Generating vendor upload for UNFI / Easthill / 20251204
2025-12-06 10:00:44,558 - INFO - backend.app.services.order_service.GenerateVendorUploadFile - (order_service.py:129) - Generating vendor upload for UNFI / Syracuse / 20251205
2025-12-06 10:00:44,584 - INFO - backend.app.services.order_service.GenerateVendorUploadFile - (order_service.py:129) - Generating vendor upload for UNFI / Triphammer / 20251205
2025-12-06 10:25:39,095 - INFO - backend.app.services.order_service.GenerateVendorUploadFile - (order_service.py:129) - Generating vendor upload for Performance Food / Syracuse / 20251205
2025-12-07 12:42:06,269 - INFO - backend.app.services.order_service.GenerateVendorUploadFile - (order_service.py:129) - Generating vendor upload for Sysco / Bakery / 20251206
2025-12-07 12:42:06,304 - INFO - backend.app.services.order_service.GenerateVendorUploadFile - (order_service.py:129) - Generating vendor upload for Sysco / Collegetown / 20251205
2025-12-07 12:42:06,343 - INFO - backend.app.services.order_service.GenerateVendorUploadFile - (order_service.py:129) - Generating vendor upload for Sysco / Downtown / 20251205
2025-12-07 12:42:06,372 - INFO - backend.app.services.order_service.GenerateVendorUploadFile - (order_service.py:129) - Generating vendor upload for Sysco / Easthill / 20251204
2025-12-07 12:42:06,403 - INFO - backend.app.services.order_service.GenerateVendorUploadFile - (order_service.py:129) - Generating vendor upload for Sysco / Syracuse / 20251205
2025-12-07 12:42:06,434 - INFO - backend.app.services.order_service.GenerateVendorUploadFile - (order_service.py:129) - Generating vendor upload for Sysco / Triphammer / 20251205
2025-12-07 12:42:06,464 - INFO - backend.app.services.order_service.GenerateVendorUploadFile - (order_service.py:129) - Generating vendor upload for Performance Food / Bakery / 20251206
2025-12-07 12:42:06,494 - INFO - backend.app.services.order_service.GenerateVendorUploadFile - (order_service.py:129) - Generating vendor upload for Performance Food / Collegetown / 20251205
2025-12-07 12:42:06,523 - INFO - backend.app.services.order_service.GenerateVendorUploadFile - (order_service.py:129) - Generating vendor upload for Performance Food / Downtown / 20251205
2025-12-07 12:42:06,551 - INFO - backend.app.services.order_service.GenerateVendorUploadFile - (order_service.py:129) - Generating vendor upload for Performance Food / Easthill / 20251204
2025-12-07 12:42:06,581 - INFO - backend.app.services.order_service.GenerateVendorUploadFile - (order_service.py:129) - Generating vendor upload for Performance Food / Syracuse / 20251205
2025-12-07 12:42:06,610 - INFO - backend.app.services.order_service.GenerateVendorUploadFile - (order_service.py:129) - Generating vendor upload for Performance Food / Triphammer / 20251205
2025-12-07 12:42:06,642 - INFO - backend.app.services.order_service.GenerateVendorUploadFile - (order_service.py:129) - Generating vendor upload for US Foods / Bakery / 20251207
2025-12-07 12:42:06,671 - INFO - backend.app.services.order_service.GenerateVendorUploadFile - (order_service.py:129) - Generating vendor upload for US Foods / Collegetown / 20251205
2025-12-07 12:42:06,697 - INFO - backend.app.services.order_service.GenerateVendorUploadFile - (order_service.py:129) - Generating vendor upload for US Foods / Downtown / 20251205
2025-12-07 12:42:06,727 - INFO - backend.app.services.order_service.GenerateVendorUploadFile - (order_service.py:129) - Generating vendor upload for US Foods / Easthill / 20251204
2025-12-07 12:42:06,755 - INFO - backend.app.services.order_service.GenerateVendorUploadFile - (order_service.py:129) - Generating vendor upload for US Foods / Syracuse / 20251205
2025-12-07 12:42:06,782 - INFO - backend.app.services.order_service.GenerateVendorUploadFile - (order_service.py:129) - Generating vendor upload for US Foods / Triphammer / 20251205
2025-12-07 13:05:39,718 - INFO - backend.app.services.order_service.GenerateVendorUploadFile - (order_service.py:129) - Generating vendor upload for Sysco / Triphammer / 20251205
2025-12-07 13:05:39,749 - INFO - backend.app.services.order_service.GenerateVendorUploadFile - (order_service.py:129) - Generating vendor upload for US Foods / Triphammer / 20251205
2025-12-07 13:05:39,782 - INFO - backend.app.services.order_service.GenerateVendorUploadFile - (order_service.py:129) - Generating vendor upload for Performance Food / Triphammer / 20251205
2025-12-08 08:54:25,994 - INFO - backend.app.services.order_service.GenerateVendorUploadFile - (order_service.py:129) - Generating vendor upload for Hill & Markes / Syracuse / 20251205
2025-12-09 11:56:33,303 - INFO - backend.app.services.order_service.GenerateVendorUploadFile - (order_service.py:129) - Generating vendor upload for Hill & Markes / Bakery / 20251209
2025-12-09 11:56:33,350 - INFO - backend.app.services.order_service.GenerateVendorUploadFile - (order_service.py:129) - Generating vendor upload for Hill & Markes / Collegetown / 20251205
2025-12-09 11:56:33,395 - INFO - backend.app.services.order_service.GenerateVendorUploadFile - (order_service.py:129) - Generating vendor upload for Hill & Markes / Downtown / 20251205
2025-12-09 11:56:33,438 - INFO - backend.app.services.order_service.GenerateVendorUploadFile - (order_service.py:129) - Generating vendor upload for Hill & Markes / Easthill / 20251204
2025-12-09 11:56:33,481 - INFO - backend.app.services.order_service.GenerateVendorUploadFile - (order_service.py:129) - Generating vendor upload for Hill & Markes / Syracuse / 20251205
2025-12-09 11:56:33,526 - INFO - backend.app.services.order_service.GenerateVendorUploadFile - (order_service.py:129) - Generating vendor upload for Hill & Markes / Triphammer / 20251205
2025-12-10 12:27:15,619 - INFO - backend.app.services.order_service.GenerateVendorUploadFile - (order_service.py:129) - Generating vendor upload for Sysco / Bakery / 20251209
2025-12-10 12:27:15,676 - INFO - backend.app.services.order_service.GenerateVendorUploadFile - (order_service.py:129) - Generating vendor upload for Performance Food / Bakery / 20251210
2025-12-10 12:27:15,736 - INFO - backend.app.services.order_service.GenerateVendorUploadFile - (order_service.py:129) - Generating vendor upload for US Foods / Bakery / 20251210
2025-12-10 14:32:42,515 - INFO - backend.app.services.order_service.GenerateVendorUploadFile - (order_service.py:129) - Generating vendor upload for Performance Food / Bakery / 20251210
2025-12-10 14:32:42,535 - INFO - backend.app.services.order_service.GenerateVendorUploadFile - (order_service.py:129) - Generating vendor upload for Performance Food / Collegetown / 20251210
2025-12-10 14:32:42,585 - INFO - backend.app.services.order_service.GenerateVendorUploadFile - (order_service.py:129) - Generating vendor upload for Performance Food / Triphammer / 20251210
2025-12-10 14:32:42,607 - INFO - backend.app.services.order_service.GenerateVendorUploadFile - (order_service.py:129) - Generating vendor upload for US Foods / Bakery / 20251210
2025-12-10 14:32:42,623 - INFO - backend.app.services.order_service.GenerateVendorUploadFile - (order_service.py:129) - Generating vendor upload for US Foods / Collegetown / 20251210
2025-12-10 14:32:42,672 - INFO - backend.app.services.order_service.GenerateVendorUploadFile - (order_service.py:129) - Generating vendor upload for US Foods / Triphammer / 20251210
2025-12-10 14:32:42,690 - INFO - backend.app.services.order_service.GenerateVendorUploadFile - (order_service.py:129) - Generating vendor upload for Sysco / Bakery / 20251209
2025-12-10 14:32:42,709 - INFO - backend.app.services.order_service.GenerateVendorUploadFile - (order_service.py:129) - Generating vendor upload for Sysco / Collegetown / 20251210
2025-12-10 14:32:42,757 - INFO - backend.app.services.order_service.GenerateVendorUploadFile - (order_service.py:129) - Generating vendor upload for Sysco / Triphammer / 20251210
