2025-11-18 08:53:28,899 - INFO - backend.app.services.order_service.SaveOrder - (order_service.py:100) - Saving order UNFI / Bakery / 20251115
2025-11-18 11:58:17,690 - INFO - backend.app.services.order_service.SaveOrder - (order_service.py:100) - Saving order Webstaurant / Bakery / 20251109
2025-11-18 11:58:17,759 - INFO - backend.app.services.order_service.SaveOrder - (order_service.py:100) - Saving order Regional Access Inc. / Bakery / 20251110
2025-11-18 11:58:17,812 - INFO - backend.app.services.order_service.SaveOrder - (order_service.py:100) - Saving order Paper Rolls .com / Bakery / 20251111
2025-11-18 11:58:18,076 - INFO - backend.app.services.order_service.SaveOrder - (order_service.py:100) - Saving order Coffee Depot LLC / Bakery / 20251116
2025-11-18 11:58:18,149 - INFO - backend.app.services.order_service.SaveOrder - (order_service.py:100) - Saving order Copper Horse Coffee / Bakery / 20251116
2025-11-18 11:58:18,185 - INFO - backend.app.services.order_service.SaveOrder - (order_service.py:100) - Saving order DUTCH VALLEY FOOD DIST / Bakery / 20251116
2025-11-18 11:58:18,318 - INFO - backend.app.services.order_service.SaveOrder - (order_service.py:100) - Saving order BJ's / Bakery / 20251117
2025-11-18 11:58:18,422 - INFO - backend.app.services.order_service.SaveOrder - (order_service.py:100) - Saving order Johnston Paper / Bakery / 20251118
2025-11-18 11:58:18,465 - INFO - backend.app.services.order_service.SaveOrder - (order_service.py:100) - Saving order Hill & Markes / Bakery / 20251118
2025-11-18 11:58:18,508 - INFO - backend.app.services.order_service.SaveOrder - (order_service.py:100) - Saving order Peters Supply / Bakery / 20251118
2025-11-18 11:58:18,550 - INFO - backend.app.services.order_service.SaveOrder - (order_service.py:100) - Saving order SANICO / Bakery / 20251118
2025-11-19 06:30:28,157 - INFO - backend.app.services.order_service.SaveOrder - (order_service.py:100) - Saving order Ithaca Bakery / Easthill / 20251114
2025-11-19 06:30:28,453 - INFO - backend.app.services.order_service.SaveOrder - (order_service.py:100) - Saving order Copper Horse Coffee / Easthill / 20251114
2025-11-19 06:30:28,676 - INFO - backend.app.services.order_service.SaveOrder - (order_service.py:100) - Saving order Coffee Depot LLC / Easthill / 20251114
2025-11-19 06:30:28,967 - INFO - backend.app.services.order_service.SaveOrder - (order_service.py:100) - Saving order Ithaca Bakery / Downtown / 20251114
2025-11-19 06:30:29,030 - INFO - backend.app.services.order_service.SaveOrder - (order_service.py:100) - Saving order Copper Horse Coffee / Downtown / 20251114
2025-11-19 06:30:29,537 - INFO - backend.app.services.order_service.SaveOrder - (order_service.py:100) - Saving order Coffee Depot LLC / Downtown / 20251114
2025-11-19 06:30:29,611 - INFO - backend.app.services.order_service.SaveOrder - (order_service.py:100) - Saving order Ithaca Bakery / Collegetown / 20251114
2025-11-19 06:30:29,826 - INFO - backend.app.services.order_service.SaveOrder - (order_service.py:100) - Saving order Coffee Depot LLC / Collegetown / 20251114
2025-11-19 06:30:30,537 - INFO - backend.app.services.order_service.SaveOrder - (order_service.py:100) - Saving order Ithaca Bakery / Triphammer / 20251114
2025-11-19 06:30:30,676 - INFO - backend.app.services.order_service.SaveOrder - (order_service.py:100) - Saving order Copper Horse Coffee / Triphammer / 20251114
2025-11-19 06:30:30,811 - INFO - backend.app.services.order_service.SaveOrder - (order_service.py:100) - Saving order Coffee Depot LLC / Triphammer / 20251114
2025-11-19 06:30:31,210 - INFO - backend.app.services.order_service.SaveOrder - (order_service.py:100) - Saving order Ithaca Bakery / Syracuse / 20251114
2025-11-19 06:30:31,600 - INFO - backend.app.services.order_service.SaveOrder - (order_service.py:100) - Saving order Coffee Depot LLC / Syracuse / 20251114
2025-11-19 06:30:31,659 - INFO - backend.app.services.order_service.SaveOrder - (order_service.py:100) - Saving order Pepsi / Syracuse / 20251114
2025-11-19 06:30:31,795 - INFO - backend.app.services.order_service.SaveOrder - (order_service.py:100) - Saving order Regional Access Inc. / Bakery / 20251110
2025-11-19 06:30:31,856 - INFO - backend.app.services.order_service.SaveOrder - (order_service.py:100) - Saving order Paper Rolls .com / Bakery / 20251111
2025-11-19 06:30:32,103 - INFO - backend.app.services.order_service.SaveOrder - (order_service.py:100) - Saving order Coffee Depot LLC / Bakery / 20251116
2025-11-19 06:30:32,200 - INFO - backend.app.services.order_service.SaveOrder - (order_service.py:100) - Saving order Copper Horse Coffee / Bakery / 20251116
2025-11-19 06:30:32,432 - INFO - backend.app.services.order_service.SaveOrder - (order_service.py:100) - Saving order BJ's / Bakery / 20251117
2025-11-19 06:30:32,754 - INFO - backend.app.services.order_service.SaveOrder - (order_service.py:100) - Saving order Sysco / Bakery / 20251118
2025-11-19 06:30:32,818 - INFO - backend.app.services.order_service.SaveOrder - (order_service.py:100) - Saving order FingerLakes Farms / Bakery / 20251118
2025-11-19 06:30:32,882 - INFO - backend.app.services.order_service.SaveOrder - (order_service.py:100) - Saving order Performance Food / Bakery / 20251118
2025-11-19 12:52:09,214 - INFO - backend.app.services.order_service.SaveOrder - (order_service.py:100) - Saving order Regional Access Inc. / Bakery / 20251110
2025-11-19 12:52:09,411 - INFO - backend.app.services.order_service.SaveOrder - (order_service.py:100) - Saving order Paper Rolls .com / Bakery / 20251111
2025-11-19 12:52:09,573 - INFO - backend.app.services.order_service.SaveOrder - (order_service.py:100) - Saving order DUTCH VALLEY FOOD DIST / Bakery / 20251116
2025-11-19 12:52:09,831 - INFO - backend.app.services.order_service.SaveOrder - (order_service.py:100) - Saving order Sysco / Bakery / 20251118
2025-11-19 12:52:09,927 - INFO - backend.app.services.order_service.SaveOrder - (order_service.py:100) - Saving order FingerLakes Farms / Bakery / 20251118
2025-11-19 12:52:10,016 - INFO - backend.app.services.order_service.SaveOrder - (order_service.py:100) - Saving order Performance Food / Bakery / 20251118
2025-11-19 12:52:10,070 - INFO - backend.app.services.order_service.SaveOrder - (order_service.py:100) - Saving order Sweet Sam's Baking Company, LLC / Bakery / 20251119
2025-11-19 12:52:10,140 - INFO - backend.app.services.order_service.SaveOrder - (order_service.py:100) - Saving order US Foods / Bakery / 20251119
2025-11-19 14:52:12,138 - INFO - backend.app.services.order_service.SaveOrder - (order_service.py:100) - Saving order Sysco / Collegetown / 20251119
2025-11-19 14:52:12,214 - INFO - backend.app.services.order_service.SaveOrder - (order_service.py:100) - Saving order Performance Food / Collegetown / 20251119
2025-11-19 14:52:12,281 - INFO - backend.app.services.order_service.SaveOrder - (order_service.py:100) - Saving order US Foods / Collegetown / 20251119
2025-11-19 14:52:12,350 - INFO - backend.app.services.order_service.SaveOrder - (order_service.py:100) - Saving order Ithaca Bakery / Collegetown / 20251119
2025-11-19 14:52:12,415 - INFO - backend.app.services.order_service.SaveOrder - (order_service.py:100) - Saving order FingerLakes Farms / Collegetown / 20251119
2025-11-19 14:52:12,481 - INFO - backend.app.services.order_service.SaveOrder - (order_service.py:100) - Saving order US Foods / Triphammer / 20251119
2025-11-19 14:52:12,551 - INFO - backend.app.services.order_service.SaveOrder - (order_service.py:100) - Saving order Russo Produce / Triphammer / 20251119
2025-11-19 14:52:12,627 - INFO - backend.app.services.order_service.SaveOrder - (order_service.py:100) - Saving order Performance Food / Triphammer / 20251119
2025-11-19 14:52:12,696 - INFO - backend.app.services.order_service.SaveOrder - (order_service.py:100) - Saving order Sysco / Triphammer / 20251119
2025-11-19 14:52:12,764 - INFO - backend.app.services.order_service.SaveOrder - (order_service.py:100) - Saving order Ithaca Bakery / Triphammer / 20251119
2025-11-19 14:52:12,832 - INFO - backend.app.services.order_service.SaveOrder - (order_service.py:100) - Saving order Vegan Epicure / Triphammer / 20251119
2025-11-19 14:52:12,894 - INFO - backend.app.services.order_service.SaveOrder - (order_service.py:100) - Saving order UNFI / Triphammer / 20251119
2025-11-19 15:01:56,970 - INFO - backend.app.services.order_service.SaveOrder - (order_service.py:100) - Saving order Sysco / Collegetown / 20251119
2025-11-19 15:01:56,992 - INFO - backend.app.services.order_service.SaveOrder - (order_service.py:100) - Saving order Performance Food / Collegetown / 20251119
2025-11-19 15:01:57,015 - INFO - backend.app.services.order_service.SaveOrder - (order_service.py:100) - Saving order US Foods / Collegetown / 20251119
2025-11-19 15:01:57,037 - INFO - backend.app.services.order_service.SaveOrder - (order_service.py:100) - Saving order Ithaca Bakery / Collegetown / 20251119
2025-11-19 15:01:57,057 - INFO - backend.app.services.order_service.SaveOrder - (order_service.py:100) - Saving order FingerLakes Farms / Collegetown / 20251119
2025-11-19 15:01:57,079 - INFO - backend.app.services.order_service.SaveOrder - (order_service.py:100) - Saving order US Foods / Triphammer / 20251119
2025-11-19 15:01:57,102 - INFO - backend.app.services.order_service.SaveOrder - (order_service.py:100) - Saving order Russo Produce / Triphammer / 20251119
2025-11-19 15:01:57,126 - INFO - backend.app.services.order_service.SaveOrder - (order_service.py:100) - Saving order Performance Food / Triphammer / 20251119
2025-11-19 15:01:57,187 - INFO - backend.app.services.order_service.SaveOrder - (order_service.py:100) - Saving order Sysco / Triphammer / 20251119
2025-11-19 15:01:57,222 - INFO - backend.app.services.order_service.SaveOrder - (order_service.py:100) - Saving order Ithaca Bakery / Triphammer / 20251119
2025-11-19 15:01:57,260 - INFO - backend.app.services.order_service.SaveOrder - (order_service.py:100) - Saving order Vegan Epicure / Triphammer / 20251119
2025-11-19 15:01:57,299 - INFO - backend.app.services.order_service.SaveOrder - (order_service.py:100) - Saving order UNFI / Triphammer / 20251119
2025-11-19 15:01:57,333 - INFO - backend.app.services.order_service.SaveOrder - (order_service.py:100) - Saving order Webstaurant / Bakery / 20251109
2025-11-19 15:01:57,389 - INFO - backend.app.services.order_service.SaveOrder - (order_service.py:100) - Saving order Regional Access Inc. / Bakery / 20251110
2025-11-19 15:01:57,430 - INFO - backend.app.services.order_service.SaveOrder - (order_service.py:100) - Saving order Paper Rolls .com / Bakery / 20251111
2025-11-19 15:01:57,461 - INFO - backend.app.services.order_service.SaveOrder - (order_service.py:100) - Saving order UNFI / Bakery / 20251115
2025-11-19 15:01:57,498 - INFO - backend.app.services.order_service.SaveOrder - (order_service.py:100) - Saving order Hillcrest Dairy / Bakery / 20251115
2025-11-19 15:01:57,530 - INFO - backend.app.services.order_service.SaveOrder - (order_service.py:100) - Saving order DUTCH VALLEY FOOD DIST / Bakery / 20251116
2025-11-19 15:01:57,587 - INFO - backend.app.services.order_service.SaveOrder - (order_service.py:100) - Saving order Sysco / Bakery / 20251118
2025-11-19 15:01:57,613 - INFO - backend.app.services.order_service.SaveOrder - (order_service.py:100) - Saving order FingerLakes Farms / Bakery / 20251118
2025-11-19 15:01:57,637 - INFO - backend.app.services.order_service.SaveOrder - (order_service.py:100) - Saving order Performance Food / Bakery / 20251118
2025-11-19 15:01:57,695 - INFO - backend.app.services.order_service.SaveOrder - (order_service.py:100) - Saving order US Foods / Bakery / 20251119
2025-11-19 15:30:12,074 - INFO - backend.app.services.order_service.SaveOrder - (order_service.py:100) - Saving order Russo Produce / Triphammer / 20251119
2025-11-19 15:30:56,545 - INFO - backend.app.services.order_service.SaveOrder - (order_service.py:100) - Saving order Russo Produce / Triphammer / 20251119
2025-11-22 07:29:33,805 - INFO - backend.app.services.order_service.SaveOrder - (order_service.py:100) - Saving order Webstaurant / Bakery / 20251109
2025-11-22 07:29:33,862 - INFO - backend.app.services.order_service.SaveOrder - (order_service.py:100) - Saving order Regional Access Inc. / Bakery / 20251110
2025-11-22 07:29:33,911 - INFO - backend.app.services.order_service.SaveOrder - (order_service.py:100) - Saving order Paper Rolls .com / Bakery / 20251111
2025-11-22 07:29:33,942 - INFO - backend.app.services.order_service.SaveOrder - (order_service.py:100) - Saving order UNFI / Bakery / 20251115
2025-11-22 07:29:33,977 - INFO - backend.app.services.order_service.SaveOrder - (order_service.py:100) - Saving order Hillcrest Dairy / Bakery / 20251115
2025-11-22 07:29:34,008 - INFO - backend.app.services.order_service.SaveOrder - (order_service.py:100) - Saving order DUTCH VALLEY FOOD DIST / Bakery / 20251116
2025-11-22 07:29:34,092 - INFO - backend.app.services.order_service.SaveOrder - (order_service.py:100) - Saving order Sysco / Bakery / 20251118
2025-11-22 07:29:34,124 - INFO - backend.app.services.order_service.SaveOrder - (order_service.py:100) - Saving order FingerLakes Farms / Bakery / 20251118
2025-11-22 07:29:34,155 - INFO - backend.app.services.order_service.SaveOrder - (order_service.py:100) - Saving order Performance Food / Bakery / 20251118
2025-11-22 07:29:34,214 - INFO - backend.app.services.order_service.SaveOrder - (order_service.py:100) - Saving order US Foods / Bakery / 20251119
2025-11-22 07:29:34,248 - INFO - backend.app.services.order_service.SaveOrder - (order_service.py:100) - Saving order Hillcrest Foods / Bakery / 20251120
2025-11-22 07:31:49,283 - INFO - backend.app.services.order_service.SaveOrder - (order_service.py:100) - Saving order Webstaurant / Bakery / 20251109
2025-11-22 07:31:49,299 - INFO - backend.app.services.order_service.SaveOrder - (order_service.py:100) - Saving order Regional Access Inc. / Bakery / 20251110
2025-11-22 07:31:49,314 - INFO - backend.app.services.order_service.SaveOrder - (order_service.py:100) - Saving order Paper Rolls .com / Bakery / 20251111
2025-11-22 07:31:49,329 - INFO - backend.app.services.order_service.SaveOrder - (order_service.py:100) - Saving order UNFI / Bakery / 20251115
2025-11-22 07:31:49,345 - INFO - backend.app.services.order_service.SaveOrder - (order_service.py:100) - Saving order Hillcrest Dairy / Bakery / 20251115
2025-11-22 07:31:49,360 - INFO - backend.app.services.order_service.SaveOrder - (order_service.py:100) - Saving order DUTCH VALLEY FOOD DIST / Bakery / 20251116
2025-11-22 07:31:49,376 - INFO - backend.app.services.order_service.SaveOrder - (order_service.py:100) - Saving order Regional Distributors, Inc. / Bakery / 20251117
2025-11-22 07:31:49,405 - INFO - backend.app.services.order_service.SaveOrder - (order_service.py:100) - Saving order SANICO / Bakery / 20251118
2025-11-22 07:31:49,432 - INFO - backend.app.services.order_service.SaveOrder - (order_service.py:100) - Saving order Sysco / Bakery / 20251118
2025-11-22 07:31:49,459 - INFO - backend.app.services.order_service.SaveOrder - (order_service.py:100) - Saving order FingerLakes Farms / Bakery / 20251118
2025-11-22 07:31:49,479 - INFO - backend.app.services.order_service.SaveOrder - (order_service.py:100) - Saving order Performance Food / Bakery / 20251118
2025-11-22 07:31:49,497 - INFO - backend.app.services.order_service.SaveOrder - (order_service.py:100) - Saving order Sweet Sam's Baking Company, LLC / Bakery / 20251119
2025-11-22 07:31:49,526 - INFO - backend.app.services.order_service.SaveOrder - (order_service.py:100) - Saving order US Foods / Bakery / 20251119
2025-11-22 07:31:49,556 - INFO - backend.app.services.order_service.SaveOrder - (order_service.py:100) - Saving order Hillcrest Foods / Bakery / 20251120
2025-11-22 07:38:20,868 - INFO - backend.app.services.order_service.SaveOrder - (order_service.py:100) - Saving order Performance Food / Collegetown / 20251121
2025-11-22 07:38:20,895 - INFO - backend.app.services.order_service.SaveOrder - (order_service.py:100) - Saving order US Foods / Collegetown / 20251121
2025-11-22 07:38:20,919 - INFO - backend.app.services.order_service.SaveOrder - (order_service.py:100) - Saving order Sysco / Collegetown / 20251121
2025-11-22 07:38:20,943 - INFO - backend.app.services.order_service.SaveOrder - (order_service.py:100) - Saving order Ithaca Bakery / Collegetown / 20251121
2025-11-22 07:38:20,970 - INFO - backend.app.services.order_service.SaveOrder - (order_service.py:100) - Saving order Hillcrest Dairy / Collegetown / 20251121
2025-11-22 07:38:20,994 - INFO - backend.app.services.order_service.SaveOrder - (order_service.py:100) - Saving order Equal Exchange / Collegetown / 20251121
2025-11-22 07:38:21,018 - INFO - backend.app.services.order_service.SaveOrder - (order_service.py:100) - Saving order Copper Horse Coffee / Collegetown / 20251121
2025-11-22 07:38:21,041 - INFO - backend.app.services.order_service.SaveOrder - (order_service.py:100) - Saving order Hill & Markes / Collegetown / 20251121
2025-11-22 07:38:21,066 - INFO - backend.app.services.order_service.SaveOrder - (order_service.py:100) - Saving order Regional Distributors, Inc. / Collegetown / 20251121
2025-11-22 07:38:21,092 - INFO - backend.app.services.order_service.SaveOrder - (order_service.py:100) - Saving order Johnston Paper / Collegetown / 20251121
2025-11-22 07:38:21,115 - INFO - backend.app.services.order_service.SaveOrder - (order_service.py:100) - Saving order Peters Supply / Collegetown / 20251121
2025-11-22 07:38:21,139 - INFO - backend.app.services.order_service.SaveOrder - (order_service.py:100) - Saving order Coca-Cola / Collegetown / 20251121
2025-11-22 07:38:21,164 - INFO - backend.app.services.order_service.SaveOrder - (order_service.py:100) - Saving order DUTCH VALLEY FOOD DIST / Collegetown / 20251121
2025-11-22 07:38:21,188 - INFO - backend.app.services.order_service.SaveOrder - (order_service.py:100) - Saving order Coffee Depot LLC / Collegetown / 20251121
2025-11-22 07:38:21,214 - INFO - backend.app.services.order_service.SaveOrder - (order_service.py:100) - Saving order Webstaurant / Collegetown / 20251121
2025-11-22 07:38:21,240 - INFO - backend.app.services.order_service.SaveOrder - (order_service.py:100) - Saving order UNFI / Collegetown / 20251121
2025-11-22 07:38:21,269 - INFO - backend.app.services.order_service.SaveOrder - (order_service.py:100) - Saving order FingerLakes Farms / Collegetown / 20251121
2025-11-22 07:38:21,296 - INFO - backend.app.services.order_service.SaveOrder - (order_service.py:100) - Saving order A.L. George / Collegetown / 20251121
2025-11-22 07:38:21,323 - INFO - backend.app.services.order_service.SaveOrder - (order_service.py:100) - Saving order BALKAN BEVERAGE LLC / Collegetown / 20251121
2025-11-22 07:38:21,350 - INFO - backend.app.services.order_service.SaveOrder - (order_service.py:100) - Saving order Worlds Best Cheeses / Collegetown / 20251121
2025-11-22 07:38:21,378 - INFO - backend.app.services.order_service.SaveOrder - (order_service.py:100) - Saving order Regional Distributors, Inc. / Downtown / 20251121
2025-11-22 07:38:21,406 - INFO - backend.app.services.order_service.SaveOrder - (order_service.py:100) - Saving order Hill & Markes / Downtown / 20251121
2025-11-22 07:38:21,433 - INFO - backend.app.services.order_service.SaveOrder - (order_service.py:100) - Saving order Copper Horse Coffee / Downtown / 20251121
2025-11-22 07:38:21,460 - INFO - backend.app.services.order_service.SaveOrder - (order_service.py:100) - Saving order US Foods / Downtown / 20251121
2025-11-22 07:38:21,488 - INFO - backend.app.services.order_service.SaveOrder - (order_service.py:100) - Saving order Equal Exchange / Downtown / 20251121
2025-11-22 07:38:21,516 - INFO - backend.app.services.order_service.SaveOrder - (order_service.py:100) - Saving order FingerLakes Farms / Downtown / 20251121
2025-11-22 07:38:21,543 - INFO - backend.app.services.order_service.SaveOrder - (order_service.py:100) - Saving order Coca-Cola / Downtown / 20251121
2025-11-22 07:38:21,572 - INFO - backend.app.services.order_service.SaveOrder - (order_service.py:100) - Saving order Sysco / Downtown / 20251121
2025-11-22 07:38:21,600 - INFO - backend.app.services.order_service.SaveOrder - (order_service.py:100) - Saving order Ithaca Bakery / Downtown / 20251121
2025-11-22 07:38:21,631 - INFO - backend.app.services.order_service.SaveOrder - (order_service.py:100) - Saving order Performance Food / Downtown / 20251121
2025-11-22 07:38:21,660 - INFO - backend.app.services.order_service.SaveOrder - (order_service.py:100) - Saving order UNFI / Downtown / 20251121
2025-11-22 07:38:21,689 - INFO - backend.app.services.order_service.SaveOrder - (order_service.py:100) - Saving order BALKAN BEVERAGE LLC / Downtown / 20251121
2025-11-22 07:38:21,715 - INFO - backend.app.services.order_service.SaveOrder - (order_service.py:100) - Saving order Hillcrest Dairy / Downtown / 20251121
2025-11-22 07:38:21,744 - INFO - backend.app.services.order_service.SaveOrder - (order_service.py:100) - Saving order Peters Supply / Downtown / 20251121
2025-11-22 07:38:21,773 - INFO - backend.app.services.order_service.SaveOrder - (order_service.py:100) - Saving order Coffee Depot LLC / Downtown / 20251121
2025-11-22 07:38:21,802 - INFO - backend.app.services.order_service.SaveOrder - (order_service.py:100) - Saving order Johnston Paper / Downtown / 20251121
2025-11-22 07:38:21,830 - INFO - backend.app.services.order_service.SaveOrder - (order_service.py:100) - Saving order Webstaurant / Triphammer / 20251121
2025-11-22 07:38:21,859 - INFO - backend.app.services.order_service.SaveOrder - (order_service.py:100) - Saving order Hill & Markes / Triphammer / 20251121
2025-11-22 07:38:21,889 - INFO - backend.app.services.order_service.SaveOrder - (order_service.py:100) - Saving order Regional Distributors, Inc. / Triphammer / 20251121
2025-11-22 07:38:21,918 - INFO - backend.app.services.order_service.SaveOrder - (order_service.py:100) - Saving order Johnston Paper / Triphammer / 20251121
2025-11-22 07:38:21,947 - INFO - backend.app.services.order_service.SaveOrder - (order_service.py:100) - Saving order FingerLakes Farms / Triphammer / 20251121
2025-11-22 07:38:21,978 - INFO - backend.app.services.order_service.SaveOrder - (order_service.py:100) - Saving order Sysco / Triphammer / 20251121
2025-11-22 07:38:22,008 - INFO - backend.app.services.order_service.SaveOrder - (order_service.py:100) - Saving order Performance Food / Triphammer / 20251121
2025-11-22 07:38:22,038 - INFO - backend.app.services.order_service.SaveOrder - (order_service.py:100) - Saving order US Foods / Triphammer / 20251121
2025-11-22 07:38:22,069 - INFO - backend.app.services.order_service.SaveOrder - (order_service.py:100) - Saving order UNFI / Triphammer / 20251121
2025-11-22 07:38:22,098 - INFO - backend.app.services.order_service.SaveOrder - (order_service.py:100) - Saving order Hillcrest Dairy / Triphammer / 20251121
2025-11-22 07:38:22,131 - INFO - backend.app.services.order_service.SaveOrder - (order_service.py:100) - Saving order Ithaca Bakery / Triphammer / 20251121
2025-11-22 07:38:22,170 - INFO - backend.app.services.order_service.SaveOrder - (order_service.py:100) - Saving order KEHE DISTRIBUTORS / Triphammer / 20251121
2025-11-22 07:38:22,215 - INFO - backend.app.services.order_service.SaveOrder - (order_service.py:100) - Saving order Equal Exchange / Triphammer / 20251121
2025-11-22 07:38:22,255 - INFO - backend.app.services.order_service.SaveOrder - (order_service.py:100) - Saving order Peters Supply / Triphammer / 20251121
2025-11-22 07:38:22,290 - INFO - backend.app.services.order_service.SaveOrder - (order_service.py:100) - Saving order Copper Horse Coffee / Triphammer / 20251121
2025-11-22 07:38:22,324 - INFO - backend.app.services.order_service.SaveOrder - (order_service.py:100) - Saving order Coffee Depot LLC / Triphammer / 20251121
2025-11-22 07:38:22,355 - INFO - backend.app.services.order_service.SaveOrder - (order_service.py:100) - Saving order Regional Distributors, Inc. / Syracuse / 20251121
2025-11-22 07:38:22,387 - INFO - backend.app.services.order_service.SaveOrder - (order_service.py:100) - Saving order US Foods / Syracuse / 20251121
2025-11-22 07:38:22,419 - INFO - backend.app.services.order_service.SaveOrder - (order_service.py:100) - Saving order Performance Food / Syracuse / 20251121
2025-11-22 07:38:22,451 - INFO - backend.app.services.order_service.SaveOrder - (order_service.py:100) - Saving order Ithaca Bakery / Syracuse / 20251121
2025-11-22 07:38:22,483 - INFO - backend.app.services.order_service.SaveOrder - (order_service.py:100) - Saving order UNFI / Syracuse / 20251121
2025-11-22 07:38:22,514 - INFO - backend.app.services.order_service.SaveOrder - (order_service.py:100) - Saving order Peters Supply / Syracuse / 20251121
2025-11-22 07:38:22,546 - INFO - backend.app.services.order_service.SaveOrder - (order_service.py:100) - Saving order Sysco / Syracuse / 20251121
2025-11-22 07:38:22,578 - INFO - backend.app.services.order_service.SaveOrder - (order_service.py:100) - Saving order Equal Exchange / Syracuse / 20251121
2025-11-22 07:38:22,610 - INFO - backend.app.services.order_service.SaveOrder - (order_service.py:100) - Saving order Hill & Markes / Syracuse / 20251121
2025-11-22 07:38:22,642 - INFO - backend.app.services.order_service.SaveOrder - (order_service.py:100) - Saving order Hillcrest Dairy / Syracuse / 20251121
2025-11-22 08:26:01,455 - INFO - backend.app.services.order_service.SaveOrder - (order_service.py:100) - Saving order Paper Rolls .com / Bakery / 20251111
2025-11-22 08:26:01,484 - INFO - backend.app.services.order_service.SaveOrder - (order_service.py:100) - Saving order UNFI / Bakery / 20251122
2025-11-22 08:26:01,526 - INFO - backend.app.services.order_service.SaveOrder - (order_service.py:100) - Saving order Coffee Depot LLC / Bakery / 20251122
2025-11-22 08:26:01,562 - INFO - backend.app.services.order_service.SaveOrder - (order_service.py:100) - Saving order Webstaurant / Bakery / 20251122
2025-11-22 08:26:01,597 - INFO - backend.app.services.order_service.SaveOrder - (order_service.py:100) - Saving order SANICO / Easthill / 20251122
2025-11-22 08:26:01,633 - INFO - backend.app.services.order_service.SaveOrder - (order_service.py:100) - Saving order Sysco / Easthill / 20251122
2025-11-22 08:26:01,672 - INFO - backend.app.services.order_service.SaveOrder - (order_service.py:100) - Saving order US Foods / Easthill / 20251122
2025-11-22 08:26:01,710 - INFO - backend.app.services.order_service.SaveOrder - (order_service.py:100) - Saving order Johnston Paper / Easthill / 20251122
2025-11-22 08:26:01,747 - INFO - backend.app.services.order_service.SaveOrder - (order_service.py:100) - Saving order Ithaca Bakery / Easthill / 20251122
2025-11-22 08:26:01,793 - INFO - backend.app.services.order_service.SaveOrder - (order_service.py:100) - Saving order DUTCH VALLEY FOOD DIST / Easthill / 20251122
2025-11-22 08:26:01,840 - INFO - backend.app.services.order_service.SaveOrder - (order_service.py:100) - Saving order Performance Food / Easthill / 20251122
2025-11-22 08:26:01,896 - INFO - backend.app.services.order_service.SaveOrder - (order_service.py:100) - Saving order Coca-Cola / Easthill / 20251122
2025-11-22 08:26:01,950 - INFO - backend.app.services.order_service.SaveOrder - (order_service.py:100) - Saving order Hill & Markes / Easthill / 20251122
2025-11-22 08:26:01,991 - INFO - backend.app.services.order_service.SaveOrder - (order_service.py:100) - Saving order UNFI / Easthill / 20251122
2025-11-22 08:26:02,029 - INFO - backend.app.services.order_service.SaveOrder - (order_service.py:100) - Saving order Regional Distributors, Inc. / Easthill / 20251122
2025-11-22 08:26:02,068 - INFO - backend.app.services.order_service.SaveOrder - (order_service.py:100) - Saving order Coffee Depot LLC / Easthill / 20251122
2025-11-22 08:26:02,105 - INFO - backend.app.services.order_service.SaveOrder - (order_service.py:100) - Saving order Peters Supply / Easthill / 20251122
2025-11-22 08:26:02,141 - INFO - backend.app.services.order_service.SaveOrder - (order_service.py:100) - Saving order FingerLakes Farms / Easthill / 20251122
2025-11-22 08:26:02,179 - INFO - backend.app.services.order_service.SaveOrder - (order_service.py:100) - Saving order Equal Exchange / Easthill / 20251122
2025-11-22 08:26:02,217 - INFO - backend.app.services.order_service.SaveOrder - (order_service.py:100) - Saving order Hillcrest Dairy / Easthill / 20251122
2025-11-22 08:26:02,254 - INFO - backend.app.services.order_service.SaveOrder - (order_service.py:100) - Saving order Copper Horse Coffee / Easthill / 20251122
2025-11-22 08:26:02,290 - INFO - backend.app.services.order_service.SaveOrder - (order_service.py:100) - Saving order Bo's Bones / Easthill / 20251122
2025-11-22 08:28:19,249 - INFO - backend.app.services.order_service.SaveOrder - (order_service.py:100) - Saving order Copper Horse Coffee / Downtown / 20251121
2025-11-22 08:28:19,458 - INFO - backend.app.services.order_service.SaveOrder - (order_service.py:100) - Saving order Ithaca Bakery / Downtown / 20251121
2025-11-22 08:28:19,549 - INFO - backend.app.services.order_service.SaveOrder - (order_service.py:100) - Saving order UNFI / Downtown / 20251121
2025-11-22 08:28:19,703 - INFO - backend.app.services.order_service.SaveOrder - (order_service.py:100) - Saving order Coffee Depot LLC / Downtown / 20251121
2025-11-22 08:28:19,764 - INFO - backend.app.services.order_service.SaveOrder - (order_service.py:100) - Saving order Bo's Bones / Downtown / 20251122
2025-11-22 10:43:53,868 - INFO - backend.app.services.order_service.SaveOrder - (order_service.py:100) - Saving order A.L. George / Collegetown / 20251121
2025-11-22 10:46:32,089 - INFO - backend.app.services.order_service.SaveOrder - (order_service.py:100) - Saving order US Foods / Syracuse / 20251121
2025-11-22 10:46:32,142 - INFO - backend.app.services.order_service.SaveOrder - (order_service.py:100) - Saving order Performance Food / Syracuse / 20251121
2025-11-22 10:46:32,188 - INFO - backend.app.services.order_service.SaveOrder - (order_service.py:100) - Saving order Ithaca Bakery / Syracuse / 20251121
2025-11-22 10:46:32,239 - INFO - backend.app.services.order_service.SaveOrder - (order_service.py:100) - Saving order UNFI / Syracuse / 20251121
2025-11-22 10:46:32,332 - INFO - backend.app.services.order_service.SaveOrder - (order_service.py:100) - Saving order Sysco / Syracuse / 20251121
2025-11-22 10:46:32,418 - INFO - backend.app.services.order_service.SaveOrder - (order_service.py:100) - Saving order Hill & Markes / Syracuse / 20251121
2025-11-23 07:37:56,743 - INFO - backend.app.services.order_service.SaveOrder - (order_service.py:100) - Saving order SANICO / Easthill / 20251122
2025-11-23 07:37:56,863 - INFO - backend.app.services.order_service.SaveOrder - (order_service.py:100) - Saving order Ithaca Bakery / Easthill / 20251122
2025-11-23 07:37:57,026 - INFO - backend.app.services.order_service.SaveOrder - (order_service.py:100) - Saving order Coffee Depot LLC / Easthill / 20251122
2025-11-23 07:37:57,167 - INFO - backend.app.services.order_service.SaveOrder - (order_service.py:100) - Saving order Copper Horse Coffee / Easthill / 20251122
2025-11-23 07:37:57,218 - INFO - backend.app.services.order_service.SaveOrder - (order_service.py:100) - Saving order Bo's Bones / Easthill / 20251122
2025-11-23 07:37:57,255 - INFO - backend.app.services.order_service.SaveOrder - (order_service.py:100) - Saving order Hillcrest Foods / Easthill / 20251122
2025-11-23 10:47:23,223 - INFO - backend.app.services.order_service.SaveOrder - (order_service.py:100) - Saving order Paper Rolls .com / Bakery / 20251111
2025-11-23 10:47:23,322 - INFO - backend.app.services.order_service.SaveOrder - (order_service.py:100) - Saving order Coffee Depot LLC / Bakery / 20251122
2025-11-23 10:47:23,382 - INFO - backend.app.services.order_service.SaveOrder - (order_service.py:100) - Saving order Webstaurant / Bakery / 20251122
2025-11-23 10:47:23,425 - INFO - backend.app.services.order_service.SaveOrder - (order_service.py:100) - Saving order Sysco / Bakery / 20251122
2025-11-23 10:47:23,471 - INFO - backend.app.services.order_service.SaveOrder - (order_service.py:100) - Saving order FingerLakes Farms / Bakery / 20251122
2025-11-23 10:47:23,516 - INFO - backend.app.services.order_service.SaveOrder - (order_service.py:100) - Saving order Hillcrest Dairy / Bakery / 20251122
2025-11-23 10:47:23,558 - INFO - backend.app.services.order_service.SaveOrder - (order_service.py:100) - Saving order Odeko In. / Bakery / 20251123
2025-11-23 10:47:23,600 - INFO - backend.app.services.order_service.SaveOrder - (order_service.py:100) - Saving order Performance Food / Bakery / 20251123
2025-11-23 10:47:23,646 - INFO - backend.app.services.order_service.SaveOrder - (order_service.py:100) - Saving order US Foods / Bakery / 20251123
2025-11-23 10:47:23,695 - INFO - backend.app.services.order_service.SaveOrder - (order_service.py:100) - Saving order Equal Exchange / Bakery / 20251123
2025-11-23 10:47:23,739 - INFO - backend.app.services.order_service.SaveOrder - (order_service.py:100) - Saving order Copper Horse Coffee / Bakery / 20251123
2025-11-23 10:47:23,787 - INFO - backend.app.services.order_service.SaveOrder - (order_service.py:100) - Saving order DUTCH VALLEY FOOD DIST / Bakery / 20251123
2025-11-23 10:47:23,832 - INFO - backend.app.services.order_service.SaveOrder - (order_service.py:100) - Saving order Hill & Markes / Bakery / 20251123
2025-11-23 10:48:41,273 - INFO - backend.app.services.order_service.SaveOrder - (order_service.py:100) - Saving order Hillcrest Dairy / Bakery / 20251122
2025-11-23 10:50:01,879 - INFO - backend.app.services.order_service.SaveOrder - (order_service.py:100) - Saving order Hillcrest Dairy / Collegetown / 20251121
2025-11-23 11:07:20,635 - INFO - backend.app.services.order_service.SaveOrder - (order_service.py:100) - Saving order FingerLakes Farms / Collegetown / 20251121
2025-11-23 11:07:20,682 - INFO - backend.app.services.order_service.SaveOrder - (order_service.py:100) - Saving order FingerLakes Farms / Downtown / 20251121
2025-11-23 11:07:20,728 - INFO - backend.app.services.order_service.SaveOrder - (order_service.py:100) - Saving order FingerLakes Farms / Easthill / 20251122
2025-11-23 11:07:20,775 - INFO - backend.app.services.order_service.SaveOrder - (order_service.py:100) - Saving order FingerLakes Farms / Triphammer / 20251121
2025-11-23 14:20:38,991 - INFO - backend.app.services.order_service.SaveOrder - (order_service.py:100) - Saving order Sysco / Triphammer / 20251121
2025-11-23 14:20:39,050 - INFO - backend.app.services.order_service.SaveOrder - (order_service.py:100) - Saving order Performance Food / Triphammer / 20251121
2025-11-23 14:20:39,099 - INFO - backend.app.services.order_service.SaveOrder - (order_service.py:100) - Saving order US Foods / Triphammer / 20251121
2025-11-23 14:20:39,164 - INFO - backend.app.services.order_service.SaveOrder - (order_service.py:100) - Saving order UNFI / Triphammer / 20251121
2025-11-23 14:20:39,261 - INFO - backend.app.services.order_service.SaveOrder - (order_service.py:100) - Saving order Ithaca Bakery / Triphammer / 20251121
2025-11-23 14:20:39,428 - INFO - backend.app.services.order_service.SaveOrder - (order_service.py:100) - Saving order Copper Horse Coffee / Triphammer / 20251121
2025-11-23 14:20:39,485 - INFO - backend.app.services.order_service.SaveOrder - (order_service.py:100) - Saving order Coffee Depot LLC / Triphammer / 20251121
2025-11-23 14:20:39,525 - INFO - backend.app.services.order_service.SaveOrder - (order_service.py:100) - Saving order Russo Produce / Triphammer / 20251123
2025-11-24 06:04:15,094 - INFO - backend.app.services.order_service.SaveOrder - (order_service.py:100) - Saving order Ithaca Bakery / Triphammer / 20251121
2025-11-24 06:04:15,241 - INFO - backend.app.services.order_service.SaveOrder - (order_service.py:100) - Saving order Copper Horse Coffee / Triphammer / 20251121
2025-11-24 06:04:15,283 - INFO - backend.app.services.order_service.SaveOrder - (order_service.py:100) - Saving order Coffee Depot LLC / Triphammer / 20251121
2025-11-24 07:39:05,180 - INFO - backend.app.services.order_service.SaveOrder - (order_service.py:100) - Saving order Paper Rolls .com / Bakery / 20251111
2025-11-24 07:39:05,278 - INFO - backend.app.services.order_service.SaveOrder - (order_service.py:100) - Saving order Coffee Depot LLC / Bakery / 20251122
2025-11-24 07:39:05,336 - INFO - backend.app.services.order_service.SaveOrder - (order_service.py:100) - Saving order Webstaurant / Bakery / 20251122
2025-11-24 07:39:05,503 - INFO - backend.app.services.order_service.SaveOrder - (order_service.py:100) - Saving order Odeko In. / Bakery / 20251123
2025-11-24 07:39:05,673 - INFO - backend.app.services.order_service.SaveOrder - (order_service.py:100) - Saving order Copper Horse Coffee / Bakery / 20251123
2025-11-24 07:39:05,730 - INFO - backend.app.services.order_service.SaveOrder - (order_service.py:100) - Saving order DUTCH VALLEY FOOD DIST / Bakery / 20251123
2025-11-24 07:39:05,809 - INFO - backend.app.services.order_service.SaveOrder - (order_service.py:100) - Saving order Regional Distributors, Inc. / Bakery / 20251124
2025-11-24 07:39:05,853 - INFO - backend.app.services.order_service.SaveOrder - (order_service.py:100) - Saving order BALKAN BEVERAGE LLC / Bakery / 20251124
2025-11-24 07:39:05,892 - INFO - backend.app.services.order_service.SaveOrder - (order_service.py:100) - Saving order Keck's Food Service / Bakery / 20251124
2025-11-25 07:30:17,995 - INFO - backend.app.services.order_service.SaveOrder - (order_service.py:100) - Saving order Paper Rolls .com / Bakery / 20251111
2025-11-25 07:30:18,097 - INFO - backend.app.services.order_service.SaveOrder - (order_service.py:100) - Saving order Coffee Depot LLC / Bakery / 20251122
2025-11-25 07:30:18,160 - INFO - backend.app.services.order_service.SaveOrder - (order_service.py:100) - Saving order Webstaurant / Bakery / 20251122
2025-11-25 07:30:18,331 - INFO - backend.app.services.order_service.SaveOrder - (order_service.py:100) - Saving order Odeko In. / Bakery / 20251123
2025-11-25 07:30:18,491 - INFO - backend.app.services.order_service.SaveOrder - (order_service.py:100) - Saving order Copper Horse Coffee / Bakery / 20251123
2025-11-25 07:30:18,585 - INFO - backend.app.services.order_service.SaveOrder - (order_service.py:100) - Saving order Hill & Markes / Bakery / 20251123
2025-11-25 07:30:18,729 - INFO - backend.app.services.order_service.SaveOrder - (order_service.py:100) - Saving order Peters Supply / Bakery / 20251125
2025-11-25 07:30:18,772 - INFO - backend.app.services.order_service.SaveOrder - (order_service.py:100) - Saving order Johnston Paper / Bakery / 20251125
2025-11-25 07:30:18,813 - INFO - backend.app.services.order_service.SaveOrder - (order_service.py:100) - Saving order SANICO / Bakery / 20251125
2025-11-25 12:09:45,521 - INFO - backend.app.services.order_service.SaveOrder - (order_service.py:100) - Saving order Paper Rolls .com / Bakery / 20251111
2025-11-25 12:09:45,631 - INFO - backend.app.services.order_service.SaveOrder - (order_service.py:100) - Saving order Coffee Depot LLC / Bakery / 20251122
2025-11-25 12:09:45,696 - INFO - backend.app.services.order_service.SaveOrder - (order_service.py:100) - Saving order Webstaurant / Bakery / 20251122
2025-11-25 12:09:45,880 - INFO - backend.app.services.order_service.SaveOrder - (order_service.py:100) - Saving order Odeko In. / Bakery / 20251123
2025-11-25 12:09:46,066 - INFO - backend.app.services.order_service.SaveOrder - (order_service.py:100) - Saving order Copper Horse Coffee / Bakery / 20251123
2025-11-25 12:09:46,393 - INFO - backend.app.services.order_service.SaveOrder - (order_service.py:100) - Saving order SANICO / Bakery / 20251125
2025-11-25 12:37:09,895 - INFO - backend.app.services.order_service.SaveOrder - (order_service.py:100) - Saving order SANICO / Easthill / 20251122
2025-11-26 07:13:03,305 - INFO - backend.app.services.order_service.SaveOrder - (order_service.py:100) - Saving order Webstaurant / Triphammer / 20251121
2025-11-26 07:13:03,371 - INFO - backend.app.services.order_service.SaveOrder - (order_service.py:100) - Saving order Hill & Markes / Triphammer / 20251121
2025-11-26 07:13:03,434 - INFO - backend.app.services.order_service.SaveOrder - (order_service.py:100) - Saving order Regional Distributors, Inc. / Triphammer / 20251121
2025-11-26 07:13:03,497 - INFO - backend.app.services.order_service.SaveOrder - (order_service.py:100) - Saving order Johnston Paper / Triphammer / 20251121
2025-11-26 07:13:03,680 - INFO - backend.app.services.order_service.SaveOrder - (order_service.py:100) - Saving order US Foods / Triphammer / 20251121
2025-11-26 07:13:03,816 - INFO - backend.app.services.order_service.SaveOrder - (order_service.py:100) - Saving order Ithaca Bakery / Triphammer / 20251121
2025-11-26 07:13:03,955 - INFO - backend.app.services.order_service.SaveOrder - (order_service.py:100) - Saving order Copper Horse Coffee / Triphammer / 20251121
2025-11-26 07:13:04,014 - INFO - backend.app.services.order_service.SaveOrder - (order_service.py:100) - Saving order Coffee Depot LLC / Triphammer / 20251121
2025-11-26 07:13:04,092 - INFO - backend.app.services.order_service.SaveOrder - (order_service.py:100) - Saving order ULINE / Triphammer / 20251124
2025-11-26 07:13:04,302 - INFO - backend.app.services.order_service.SaveOrder - (order_service.py:100) - Saving order Ithaca Bakery / Easthill / 20251122
2025-11-26 07:13:04,651 - INFO - backend.app.services.order_service.SaveOrder - (order_service.py:100) - Saving order Coffee Depot LLC / Easthill / 20251122
2025-11-26 07:13:04,940 - INFO - backend.app.services.order_service.SaveOrder - (order_service.py:100) - Saving order Copper Horse Coffee / Easthill / 20251122
2025-11-26 07:13:04,998 - INFO - backend.app.services.order_service.SaveOrder - (order_service.py:100) - Saving order Bo's Bones / Easthill / 20251122
2025-11-26 07:13:05,162 - INFO - backend.app.services.order_service.SaveOrder - (order_service.py:100) - Saving order Copper Horse Coffee / Downtown / 20251121
2025-11-26 07:13:05,410 - INFO - backend.app.services.order_service.SaveOrder - (order_service.py:100) - Saving order Ithaca Bakery / Downtown / 20251121
2025-11-26 07:13:05,657 - INFO - backend.app.services.order_service.SaveOrder - (order_service.py:100) - Saving order Coffee Depot LLC / Downtown / 20251121
2025-11-26 07:13:05,908 - INFO - backend.app.services.order_service.SaveOrder - (order_service.py:100) - Saving order Ithaca Bakery / Collegetown / 20251121
2025-11-26 07:13:06,046 - INFO - backend.app.services.order_service.SaveOrder - (order_service.py:100) - Saving order Copper Horse Coffee / Collegetown / 20251121
2025-11-26 07:13:06,331 - INFO - backend.app.services.order_service.SaveOrder - (order_service.py:100) - Saving order Coffee Depot LLC / Collegetown / 20251121
2025-11-26 07:13:06,620 - INFO - backend.app.services.order_service.SaveOrder - (order_service.py:100) - Saving order Paper Rolls .com / Bakery / 20251111
2025-11-26 07:13:06,679 - INFO - backend.app.services.order_service.SaveOrder - (order_service.py:100) - Saving order UNFI / Bakery / 20251122
2025-11-26 07:13:06,740 - INFO - backend.app.services.order_service.SaveOrder - (order_service.py:100) - Saving order Coffee Depot LLC / Bakery / 20251122
2025-11-26 07:13:06,802 - INFO - backend.app.services.order_service.SaveOrder - (order_service.py:100) - Saving order Webstaurant / Bakery / 20251122
2025-11-26 07:13:06,900 - INFO - backend.app.services.order_service.SaveOrder - (order_service.py:100) - Saving order Odeko In. / Bakery / 20251123
2025-11-26 07:13:07,038 - INFO - backend.app.services.order_service.SaveOrder - (order_service.py:100) - Saving order Copper Horse Coffee / Bakery / 20251123
2025-11-26 07:13:07,362 - INFO - backend.app.services.order_service.SaveOrder - (order_service.py:100) - Saving order SANICO / Bakery / 20251125
2025-11-26 07:13:07,454 - INFO - backend.app.services.order_service.SaveOrder - (order_service.py:100) - Saving order Sysco / Bakery / 20251125
2025-11-26 07:13:07,549 - INFO - backend.app.services.order_service.SaveOrder - (order_service.py:100) - Saving order FingerLakes Farms / Bakery / 20251125
2025-11-26 07:21:59,192 - INFO - backend.app.services.order_service.SaveOrder - (order_service.py:100) - Saving order Ithaca Bakery / Triphammer / 20251121
2025-11-26 07:21:59,297 - INFO - backend.app.services.order_service.SaveOrder - (order_service.py:100) - Saving order Copper Horse Coffee / Triphammer / 20251121
2025-11-26 07:21:59,348 - INFO - backend.app.services.order_service.SaveOrder - (order_service.py:100) - Saving order Coffee Depot LLC / Triphammer / 20251121
2025-11-26 07:26:00,967 - INFO - backend.app.services.order_service.SaveOrder - (order_service.py:100) - Saving order Ithaca Bakery / Triphammer / 20251121
2025-11-26 07:26:01,070 - INFO - backend.app.services.order_service.SaveOrder - (order_service.py:100) - Saving order Copper Horse Coffee / Triphammer / 20251121
2025-11-26 07:26:01,120 - INFO - backend.app.services.order_service.SaveOrder - (order_service.py:100) - Saving order Coffee Depot LLC / Triphammer / 20251121
2025-11-26 07:32:46,511 - INFO - backend.app.services.order_service.SaveOrder - (order_service.py:100) - Saving order Ithaca Bakery / Triphammer / 20251121
2025-11-26 07:32:46,608 - INFO - backend.app.services.order_service.SaveOrder - (order_service.py:100) - Saving order Copper Horse Coffee / Triphammer / 20251121
2025-11-26 07:32:46,655 - INFO - backend.app.services.order_service.SaveOrder - (order_service.py:100) - Saving order Coffee Depot LLC / Triphammer / 20251121
2025-11-26 08:03:18,809 - INFO - backend.app.services.order_service.SaveOrder - (order_service.py:100) - Saving order Ithaca Bakery / Triphammer / 20251121
2025-11-26 08:03:18,910 - INFO - backend.app.services.order_service.SaveOrder - (order_service.py:100) - Saving order Copper Horse Coffee / Triphammer / 20251121
2025-11-26 08:03:18,960 - INFO - backend.app.services.order_service.SaveOrder - (order_service.py:100) - Saving order Coffee Depot LLC / Triphammer / 20251121
2025-11-26 08:06:45,265 - INFO - backend.app.services.order_service.SaveOrder - (order_service.py:100) - Saving order Ithaca Bakery / Triphammer / 20251121
2025-11-26 08:06:45,364 - INFO - backend.app.services.order_service.SaveOrder - (order_service.py:100) - Saving order Copper Horse Coffee / Triphammer / 20251121
2025-11-26 08:06:45,413 - INFO - backend.app.services.order_service.SaveOrder - (order_service.py:100) - Saving order Coffee Depot LLC / Triphammer / 20251121
2025-11-29 07:02:12,732 - INFO - backend.app.services.order_service.SaveOrder - (order_service.py:100) - Saving order Paper Rolls .com / Bakery / 20251111
2025-11-29 07:02:12,831 - INFO - backend.app.services.order_service.SaveOrder - (order_service.py:100) - Saving order Coffee Depot LLC / Bakery / 20251122
2025-11-29 07:02:12,890 - INFO - backend.app.services.order_service.SaveOrder - (order_service.py:100) - Saving order Webstaurant / Bakery / 20251122
2025-11-29 07:02:12,985 - INFO - backend.app.services.order_service.SaveOrder - (order_service.py:100) - Saving order Odeko In. / Bakery / 20251123
2025-11-29 07:02:13,118 - INFO - backend.app.services.order_service.SaveOrder - (order_service.py:100) - Saving order Copper Horse Coffee / Bakery / 20251123
2025-11-29 07:02:13,424 - INFO - backend.app.services.order_service.SaveOrder - (order_service.py:100) - Saving order SANICO / Bakery / 20251125
2025-11-29 07:02:13,500 - INFO - backend.app.services.order_service.SaveOrder - (order_service.py:100) - Saving order Sysco / Bakery / 20251125
2025-11-29 07:02:13,575 - INFO - backend.app.services.order_service.SaveOrder - (order_service.py:100) - Saving order FingerLakes Farms / Bakery / 20251125
2025-11-29 07:12:47,653 - INFO - backend.app.services.order_service.SaveOrder - (order_service.py:100) - Saving order Performance Food / Collegetown / 20251126
2025-11-29 07:12:47,687 - INFO - backend.app.services.order_service.SaveOrder - (order_service.py:100) - Saving order US Foods / Collegetown / 20251126
2025-11-29 07:12:47,719 - INFO - backend.app.services.order_service.SaveOrder - (order_service.py:100) - Saving order Sysco / Collegetown / 20251126
2025-11-29 07:12:47,751 - INFO - backend.app.services.order_service.SaveOrder - (order_service.py:100) - Saving order Ithaca Bakery / Collegetown / 20251126
2025-11-29 07:12:47,784 - INFO - backend.app.services.order_service.SaveOrder - (order_service.py:100) - Saving order Hillcrest Dairy / Collegetown / 20251126
2025-11-29 07:12:47,831 - INFO - backend.app.services.order_service.SaveOrder - (order_service.py:100) - Saving order Regional Distributors, Inc. / Collegetown / 20251126
2025-11-29 07:12:47,863 - INFO - backend.app.services.order_service.SaveOrder - (order_service.py:100) - Saving order Equal Exchange / Collegetown / 20251126
2025-11-29 07:12:47,894 - INFO - backend.app.services.order_service.SaveOrder - (order_service.py:100) - Saving order Hill & Markes / Collegetown / 20251126
2025-11-29 07:12:47,925 - INFO - backend.app.services.order_service.SaveOrder - (order_service.py:100) - Saving order Johnston Paper / Collegetown / 20251126
2025-11-29 07:12:47,954 - INFO - backend.app.services.order_service.SaveOrder - (order_service.py:100) - Saving order Peters Supply / Collegetown / 20251126
2025-11-29 07:12:47,987 - INFO - backend.app.services.order_service.SaveOrder - (order_service.py:100) - Saving order Coca-Cola / Collegetown / 20251126
2025-11-29 07:12:48,018 - INFO - backend.app.services.order_service.SaveOrder - (order_service.py:100) - Saving order Coffee Depot LLC / Collegetown / 20251126
2025-11-29 07:12:48,051 - INFO - backend.app.services.order_service.SaveOrder - (order_service.py:100) - Saving order Webstaurant / Collegetown / 20251126
2025-11-29 07:12:48,082 - INFO - backend.app.services.order_service.SaveOrder - (order_service.py:100) - Saving order FingerLakes Farms / Collegetown / 20251126
2025-11-29 07:12:48,114 - INFO - backend.app.services.order_service.SaveOrder - (order_service.py:100) - Saving order A.L. George / Collegetown / 20251126
2025-11-29 07:12:48,147 - INFO - backend.app.services.order_service.SaveOrder - (order_service.py:100) - Saving order BALKAN BEVERAGE LLC / Collegetown / 20251126
2025-11-29 07:12:48,179 - INFO - backend.app.services.order_service.SaveOrder - (order_service.py:100) - Saving order US Foods / Easthill / 20251128
2025-11-29 07:12:48,212 - INFO - backend.app.services.order_service.SaveOrder - (order_service.py:100) - Saving order Ithaca Bakery / Easthill / 20251128
2025-11-29 07:12:48,246 - INFO - backend.app.services.order_service.SaveOrder - (order_service.py:100) - Saving order Sysco / Easthill / 20251128
2025-11-29 07:12:48,278 - INFO - backend.app.services.order_service.SaveOrder - (order_service.py:100) - Saving order Performance Food / Easthill / 20251128
2025-11-29 07:12:48,312 - INFO - backend.app.services.order_service.SaveOrder - (order_service.py:100) - Saving order FingerLakes Farms / Easthill / 20251128
2025-11-29 07:12:48,345 - INFO - backend.app.services.order_service.SaveOrder - (order_service.py:100) - Saving order Peters Supply / Easthill / 20251128
2025-11-29 07:12:48,393 - INFO - backend.app.services.order_service.SaveOrder - (order_service.py:100) - Saving order Regional Distributors, Inc. / Easthill / 20251128
2025-11-29 07:12:48,426 - INFO - backend.app.services.order_service.SaveOrder - (order_service.py:100) - Saving order Coca-Cola / Easthill / 20251128
2025-11-29 07:12:48,462 - INFO - backend.app.services.order_service.SaveOrder - (order_service.py:100) - Saving order Hillcrest Foods / Easthill / 20251128
2025-11-29 07:12:48,496 - INFO - backend.app.services.order_service.SaveOrder - (order_service.py:100) - Saving order Copper Horse Coffee / Easthill / 20251128
2025-11-29 07:12:48,533 - INFO - backend.app.services.order_service.SaveOrder - (order_service.py:100) - Saving order Hill & Markes / Easthill / 20251128
2025-11-29 07:12:48,569 - INFO - backend.app.services.order_service.SaveOrder - (order_service.py:100) - Saving order Equal Exchange / Easthill / 20251128
2025-11-29 07:12:48,603 - INFO - backend.app.services.order_service.SaveOrder - (order_service.py:100) - Saving order UNFI / Easthill / 20251128
2025-11-29 07:12:48,638 - INFO - backend.app.services.order_service.SaveOrder - (order_service.py:100) - Saving order Hillcrest Dairy / Easthill / 20251128
2025-11-29 07:12:48,673 - INFO - backend.app.services.order_service.SaveOrder - (order_service.py:100) - Saving order Coffee Depot LLC / Easthill / 20251128
2025-11-29 07:12:48,712 - INFO - backend.app.services.order_service.SaveOrder - (order_service.py:100) - Saving order DUTCH VALLEY FOOD DIST / Easthill / 20251128
2025-11-29 07:12:48,749 - INFO - backend.app.services.order_service.SaveOrder - (order_service.py:100) - Saving order US Foods / Downtown / 20251128
2025-11-29 07:12:48,801 - INFO - backend.app.services.order_service.SaveOrder - (order_service.py:100) - Saving order Regional Distributors, Inc. / Downtown / 20251128
2025-11-29 07:12:48,836 - INFO - backend.app.services.order_service.SaveOrder - (order_service.py:100) - Saving order Hill & Markes / Downtown / 20251128
2025-11-29 07:12:48,870 - INFO - backend.app.services.order_service.SaveOrder - (order_service.py:100) - Saving order Ithaca Bakery / Downtown / 20251128
2025-11-29 07:12:48,906 - INFO - backend.app.services.order_service.SaveOrder - (order_service.py:100) - Saving order Equal Exchange / Downtown / 20251128
2025-11-29 07:12:48,951 - INFO - backend.app.services.order_service.SaveOrder - (order_service.py:100) - Saving order SANICO / Downtown / 20251128
2025-11-29 07:12:48,989 - INFO - backend.app.services.order_service.SaveOrder - (order_service.py:100) - Saving order FingerLakes Farms / Downtown / 20251128
2025-11-29 07:12:49,032 - INFO - backend.app.services.order_service.SaveOrder - (order_service.py:100) - Saving order Sysco / Downtown / 20251128
2025-11-29 07:12:49,073 - INFO - backend.app.services.order_service.SaveOrder - (order_service.py:100) - Saving order Coca-Cola / Downtown / 20251128
2025-11-29 07:12:49,111 - INFO - backend.app.services.order_service.SaveOrder - (order_service.py:100) - Saving order Performance Food / Downtown / 20251128
2025-11-29 07:12:49,146 - INFO - backend.app.services.order_service.SaveOrder - (order_service.py:100) - Saving order UNFI / Downtown / 20251128
2025-11-29 07:12:49,183 - INFO - backend.app.services.order_service.SaveOrder - (order_service.py:100) - Saving order Hillcrest Dairy / Downtown / 20251128
2025-11-29 07:12:49,221 - INFO - backend.app.services.order_service.SaveOrder - (order_service.py:100) - Saving order Peters Supply / Downtown / 20251128
2025-11-29 07:12:49,266 - INFO - backend.app.services.order_service.SaveOrder - (order_service.py:100) - Saving order Coffee Depot LLC / Downtown / 20251128
2025-11-29 07:12:49,316 - INFO - backend.app.services.order_service.SaveOrder - (order_service.py:100) - Saving order Johnston Paper / Downtown / 20251128
2025-11-29 07:12:49,363 - INFO - backend.app.services.order_service.SaveOrder - (order_service.py:100) - Saving order Bo's Bones / Downtown / 20251129
2025-11-29 07:12:49,403 - INFO - backend.app.services.order_service.SaveOrder - (order_service.py:100) - Saving order Copper Horse Coffee / Downtown / 20251129
2025-11-29 07:12:49,443 - INFO - backend.app.services.order_service.SaveOrder - (order_service.py:100) - Saving order Equal Exchange / Triphammer / 20251128
2025-11-29 07:12:49,479 - INFO - backend.app.services.order_service.SaveOrder - (order_service.py:100) - Saving order Performance Food / Triphammer / 20251128
2025-11-29 07:12:49,515 - INFO - backend.app.services.order_service.SaveOrder - (order_service.py:100) - Saving order Hill & Markes / Triphammer / 20251128
2025-11-29 07:12:49,553 - INFO - backend.app.services.order_service.SaveOrder - (order_service.py:100) - Saving order Peters Supply / Triphammer / 20251128
2025-11-29 07:12:49,611 - INFO - backend.app.services.order_service.SaveOrder - (order_service.py:100) - Saving order Regional Distributors, Inc. / Triphammer / 20251128
2025-11-29 07:12:49,652 - INFO - backend.app.services.order_service.SaveOrder - (order_service.py:100) - Saving order Ithaca Bakery / Triphammer / 20251128
2025-11-29 07:12:49,694 - INFO - backend.app.services.order_service.SaveOrder - (order_service.py:100) - Saving order Johnston Paper / Triphammer / 20251128
2025-11-29 07:12:49,743 - INFO - backend.app.services.order_service.SaveOrder - (order_service.py:100) - Saving order Copper Horse Coffee / Triphammer / 20251128
2025-11-29 07:12:49,785 - INFO - backend.app.services.order_service.SaveOrder - (order_service.py:100) - Saving order US Foods / Triphammer / 20251128
2025-11-29 07:12:49,827 - INFO - backend.app.services.order_service.SaveOrder - (order_service.py:100) - Saving order Coffee Depot LLC / Triphammer / 20251128
2025-11-29 07:12:49,870 - INFO - backend.app.services.order_service.SaveOrder - (order_service.py:100) - Saving order Coca-Cola / Triphammer / 20251128
2025-11-29 07:12:49,913 - INFO - backend.app.services.order_service.SaveOrder - (order_service.py:100) - Saving order A.L. George / Triphammer / 20251128
2025-11-29 07:12:49,955 - INFO - backend.app.services.order_service.SaveOrder - (order_service.py:100) - Saving order Sysco / Triphammer / 20251128
2025-11-29 07:12:49,999 - INFO - backend.app.services.order_service.SaveOrder - (order_service.py:100) - Saving order UNFI / Triphammer / 20251128
2025-11-29 07:12:50,060 - INFO - backend.app.services.order_service.SaveOrder - (order_service.py:100) - Saving order Regional Distributors, Inc. / Syracuse / 20251126
2025-11-29 07:12:50,105 - INFO - backend.app.services.order_service.SaveOrder - (order_service.py:100) - Saving order Ithaca Bakery / Syracuse / 20251126
2025-11-29 07:12:50,149 - INFO - backend.app.services.order_service.SaveOrder - (order_service.py:100) - Saving order Hill & Markes / Syracuse / 20251126
2025-11-29 07:12:50,190 - INFO - backend.app.services.order_service.SaveOrder - (order_service.py:100) - Saving order Performance Food / Syracuse / 20251126
2025-11-29 07:12:50,234 - INFO - backend.app.services.order_service.SaveOrder - (order_service.py:100) - Saving order Johnston Paper / Syracuse / 20251126
2025-11-29 07:12:50,273 - INFO - backend.app.services.order_service.SaveOrder - (order_service.py:100) - Saving order UNFI / Syracuse / 20251126
2025-11-29 07:12:50,313 - INFO - backend.app.services.order_service.SaveOrder - (order_service.py:100) - Saving order US Foods / Syracuse / 20251126
2025-11-29 07:12:50,352 - INFO - backend.app.services.order_service.SaveOrder - (order_service.py:100) - Saving order Coca-Cola / Syracuse / 20251126
2025-11-29 07:12:50,390 - INFO - backend.app.services.order_service.SaveOrder - (order_service.py:100) - Saving order Hillcrest Dairy / Syracuse / 20251126
2025-11-29 07:12:50,429 - INFO - backend.app.services.order_service.SaveOrder - (order_service.py:100) - Saving order Sysco / Syracuse / 20251126
2025-11-29 07:12:50,469 - INFO - backend.app.services.order_service.SaveOrder - (order_service.py:100) - Saving order Equal Exchange / Syracuse / 20251126
2025-11-29 07:12:50,510 - INFO - backend.app.services.order_service.SaveOrder - (order_service.py:100) - Saving order Odeko In. / Syracuse / 20251126
2025-11-29 07:12:50,548 - INFO - backend.app.services.order_service.SaveOrder - (order_service.py:100) - Saving order Coffee Depot LLC / Syracuse / 20251126
2025-11-29 07:12:50,587 - INFO - backend.app.services.order_service.SaveOrder - (order_service.py:100) - Saving order Pepsi / Syracuse / 20251126
2025-11-29 07:12:50,627 - INFO - backend.app.services.order_service.SaveOrder - (order_service.py:100) - Saving order DUTCH VALLEY FOOD DIST / Syracuse / 20251126
2025-11-30 08:04:40,879 - INFO - backend.app.services.order_service.SaveOrder - (order_service.py:100) - Saving order Sysco / Bakery / 20251129
2025-11-30 08:04:40,927 - INFO - backend.app.services.order_service.SaveOrder - (order_service.py:100) - Saving order Hillcrest Dairy / Bakery / 20251129
2025-11-30 08:04:40,974 - INFO - backend.app.services.order_service.SaveOrder - (order_service.py:100) - Saving order FingerLakes Farms / Bakery / 20251129
2025-11-30 08:04:41,015 - INFO - backend.app.services.order_service.SaveOrder - (order_service.py:100) - Saving order Performance Food / Bakery / 20251129
2025-11-30 08:04:41,058 - INFO - backend.app.services.order_service.SaveOrder - (order_service.py:100) - Saving order Coca-Cola / Bakery / 20251130
2025-11-30 08:04:41,098 - INFO - backend.app.services.order_service.SaveOrder - (order_service.py:100) - Saving order US Foods / Bakery / 20251130
2025-11-30 08:04:41,140 - INFO - backend.app.services.order_service.SaveOrder - (order_service.py:100) - Saving order Coffee Depot LLC / Bakery / 20251130
2025-11-30 08:04:41,186 - INFO - backend.app.services.order_service.SaveOrder - (order_service.py:100) - Saving order Finger Lakes Coffee Roasters / Bakery / 20251130
2025-11-30 08:04:41,225 - INFO - backend.app.services.order_service.SaveOrder - (order_service.py:100) - Saving order Webstaurant / Bakery / 20251130
2025-11-30 08:04:41,266 - INFO - backend.app.services.order_service.SaveOrder - (order_service.py:100) - Saving order Equal Exchange / Bakery / 20251130
2025-11-30 08:04:41,307 - INFO - backend.app.services.order_service.SaveOrder - (order_service.py:100) - Saving order DUTCH VALLEY FOOD DIST / Bakery / 20251130
2025-11-30 08:04:41,348 - INFO - backend.app.services.order_service.SaveOrder - (order_service.py:100) - Saving order Copper Horse Coffee / Bakery / 20251130
2025-11-30 08:04:41,475 - INFO - backend.app.services.order_service.SaveOrder - (order_service.py:100) - Saving order Ithaca Bakery / Collegetown / 20251126
2025-11-30 08:04:41,567 - INFO - backend.app.services.order_service.SaveOrder - (order_service.py:100) - Saving order Regional Distributors, Inc. / Collegetown / 20251126
2025-11-30 08:04:41,751 - INFO - backend.app.services.order_service.SaveOrder - (order_service.py:100) - Saving order Coffee Depot LLC / Collegetown / 20251126
2025-11-30 08:04:41,946 - INFO - backend.app.services.order_service.SaveOrder - (order_service.py:100) - Saving order Regional Distributors, Inc. / Downtown / 20251128
2025-11-30 08:04:42,020 - INFO - backend.app.services.order_service.SaveOrder - (order_service.py:100) - Saving order Ithaca Bakery / Downtown / 20251128
2025-11-30 08:04:42,129 - INFO - backend.app.services.order_service.SaveOrder - (order_service.py:100) - Saving order FingerLakes Farms / Downtown / 20251128
2025-11-30 08:04:42,346 - INFO - backend.app.services.order_service.SaveOrder - (order_service.py:100) - Saving order Coffee Depot LLC / Downtown / 20251128
2025-11-30 08:04:42,534 - INFO - backend.app.services.order_service.SaveOrder - (order_service.py:100) - Saving order Copper Horse Coffee / Downtown / 20251129
2025-11-30 08:04:42,638 - INFO - backend.app.services.order_service.SaveOrder - (order_service.py:100) - Saving order Ithaca Bakery / Easthill / 20251128
2025-11-30 08:04:42,832 - INFO - backend.app.services.order_service.SaveOrder - (order_service.py:100) - Saving order Regional Distributors, Inc. / Easthill / 20251128
2025-11-30 08:04:42,939 - INFO - backend.app.services.order_service.SaveOrder - (order_service.py:100) - Saving order Copper Horse Coffee / Easthill / 20251128
2025-11-30 08:04:43,094 - INFO - backend.app.services.order_service.SaveOrder - (order_service.py:100) - Saving order Coffee Depot LLC / Easthill / 20251128
2025-11-30 08:04:43,183 - INFO - backend.app.services.order_service.SaveOrder - (order_service.py:100) - Saving order Regional Distributors, Inc. / Syracuse / 20251126
2025-11-30 08:04:43,231 - INFO - backend.app.services.order_service.SaveOrder - (order_service.py:100) - Saving order Ithaca Bakery / Syracuse / 20251126
2025-11-30 08:04:43,519 - INFO - backend.app.services.order_service.SaveOrder - (order_service.py:100) - Saving order Odeko In. / Syracuse / 20251126
2025-11-30 08:04:43,564 - INFO - backend.app.services.order_service.SaveOrder - (order_service.py:100) - Saving order Coffee Depot LLC / Syracuse / 20251126
2025-11-30 08:04:43,621 - INFO - backend.app.services.order_service.SaveOrder - (order_service.py:100) - Saving order Pepsi / Syracuse / 20251126
2025-11-30 08:04:43,819 - INFO - backend.app.services.order_service.SaveOrder - (order_service.py:100) - Saving order Regional Distributors, Inc. / Triphammer / 20251128
2025-11-30 08:04:43,867 - INFO - backend.app.services.order_service.SaveOrder - (order_service.py:100) - Saving order Ithaca Bakery / Triphammer / 20251128
2025-11-30 08:04:44,012 - INFO - backend.app.services.order_service.SaveOrder - (order_service.py:100) - Saving order Coffee Depot LLC / Triphammer / 20251128
2025-11-30 08:09:33,259 - INFO - backend.app.services.order_service.SaveOrder - (order_service.py:100) - Saving order Copper Horse Coffee / Triphammer / 20251128
2025-11-30 08:09:33,324 - INFO - backend.app.services.order_service.SaveOrder - (order_service.py:100) - Saving order Copper Horse Coffee / Bakery / 20251130
2025-11-30 09:15:53,758 - INFO - backend.app.services.order_service.SaveOrder - (order_service.py:100) - Saving order Coffee Depot LLC / Bakery / 20251130
2025-11-30 09:15:53,805 - INFO - backend.app.services.order_service.SaveOrder - (order_service.py:100) - Saving order Coffee Depot LLC / Collegetown / 20251126
2025-11-30 09:15:53,849 - INFO - backend.app.services.order_service.SaveOrder - (order_service.py:100) - Saving order Coffee Depot LLC / Downtown / 20251128
2025-11-30 09:15:53,897 - INFO - backend.app.services.order_service.SaveOrder - (order_service.py:100) - Saving order Coffee Depot LLC / Easthill / 20251128
2025-11-30 09:15:53,941 - INFO - backend.app.services.order_service.SaveOrder - (order_service.py:100) - Saving order Coffee Depot LLC / Syracuse / 20251126
2025-11-30 09:15:53,984 - INFO - backend.app.services.order_service.SaveOrder - (order_service.py:100) - Saving order Coffee Depot LLC / Triphammer / 20251128
